Archive member included to satisfy reference by file (symbol)

/usr/local/Cellar/arm-none-eabi-gcc/10.3-2021.07/gcc/bin/../lib/gcc/arm-none-eabi/10.3.1/thumb/v6-m/nofp/libgcc.a(_dvmd_tls.o)
                              CMakeFiles/hans_2.dir/Users/matthias/pico-sdk/src/rp2_common/pico_divider/divider.S.obj (__aeabi_idiv0)
/usr/local/Cellar/arm-none-eabi-gcc/10.3-2021.07/gcc/bin/../lib/gcc/arm-none-eabi/10.3.1/../../../../arm-none-eabi/lib/thumb/v6-m/nofp/libg.a(lib_a-atoi.o)
                              CMakeFiles/hans_2.dir/main.c.obj (atoi)
/usr/local/Cellar/arm-none-eabi-gcc/10.3-2021.07/gcc/bin/../lib/gcc/arm-none-eabi/10.3.1/../../../../arm-none-eabi/lib/thumb/v6-m/nofp/libg.a(lib_a-calloc.o)
                              CMakeFiles/hans_2.dir/Users/matthias/pico-sdk/src/rp2_common/pico_malloc/pico_malloc.c.obj (calloc)
/usr/local/Cellar/arm-none-eabi-gcc/10.3-2021.07/gcc/bin/../lib/gcc/arm-none-eabi/10.3.1/../../../../arm-none-eabi/lib/thumb/v6-m/nofp/libg.a(lib_a-callocr.o)
                              /usr/local/Cellar/arm-none-eabi-gcc/10.3-2021.07/gcc/bin/../lib/gcc/arm-none-eabi/10.3.1/../../../../arm-none-eabi/lib/thumb/v6-m/nofp/libg.a(lib_a-calloc.o) (_calloc_r)
/usr/local/Cellar/arm-none-eabi-gcc/10.3-2021.07/gcc/bin/../lib/gcc/arm-none-eabi/10.3.1/../../../../arm-none-eabi/lib/thumb/v6-m/nofp/libg.a(lib_a-ctype_.o)
                              CMakeFiles/hans_2.dir/Users/matthias/pico-sdk/lib/lwip/src/core/dns.c.obj (_ctype_)
/usr/local/Cellar/arm-none-eabi-gcc/10.3-2021.07/gcc/bin/../lib/gcc/arm-none-eabi/10.3.1/../../../../arm-none-eabi/lib/thumb/v6-m/nofp/libg.a(lib_a-errno.o)
                              /usr/local/Cellar/arm-none-eabi-gcc/10.3-2021.07/gcc/bin/../lib/gcc/arm-none-eabi/10.3.1/../../../../arm-none-eabi/lib/thumb/v6-m/nofp/libg.a(lib_a-callocr.o) (__errno)
/usr/local/Cellar/arm-none-eabi-gcc/10.3-2021.07/gcc/bin/../lib/gcc/arm-none-eabi/10.3.1/../../../../arm-none-eabi/lib/thumb/v6-m/nofp/libg.a(lib_a-impure.o)
                              /usr/local/Cellar/arm-none-eabi-gcc/10.3-2021.07/gcc/bin/../lib/gcc/arm-none-eabi/10.3.1/../../../../arm-none-eabi/lib/thumb/v6-m/nofp/libg.a(lib_a-calloc.o) (_impure_ptr)
/usr/local/Cellar/arm-none-eabi-gcc/10.3-2021.07/gcc/bin/../lib/gcc/arm-none-eabi/10.3.1/../../../../arm-none-eabi/lib/thumb/v6-m/nofp/libg.a(lib_a-init.o)
                              /usr/local/Cellar/arm-none-eabi-gcc/10.3-2021.07/gcc/bin/../lib/gcc/arm-none-eabi/10.3.1/../../../../arm-none-eabi/lib/thumb/v6-m/nofp/crt0.o (__libc_init_array)
/usr/local/Cellar/arm-none-eabi-gcc/10.3-2021.07/gcc/bin/../lib/gcc/arm-none-eabi/10.3.1/../../../../arm-none-eabi/lib/thumb/v6-m/nofp/libg.a(lib_a-malloc.o)
                              CMakeFiles/hans_2.dir/Users/matthias/pico-sdk/src/rp2_common/pico_malloc/pico_malloc.c.obj (malloc)
/usr/local/Cellar/arm-none-eabi-gcc/10.3-2021.07/gcc/bin/../lib/gcc/arm-none-eabi/10.3.1/../../../../arm-none-eabi/lib/thumb/v6-m/nofp/libg.a(lib_a-mallocr.o)
                              /usr/local/Cellar/arm-none-eabi-gcc/10.3-2021.07/gcc/bin/../lib/gcc/arm-none-eabi/10.3.1/../../../../arm-none-eabi/lib/thumb/v6-m/nofp/libg.a(lib_a-callocr.o) (_malloc_r)
/usr/local/Cellar/arm-none-eabi-gcc/10.3-2021.07/gcc/bin/../lib/gcc/arm-none-eabi/10.3.1/../../../../arm-none-eabi/lib/thumb/v6-m/nofp/libg.a(lib_a-memcmp.o)
                              CMakeFiles/hans_2.dir/dhcpserver/dhcpserver.c.obj (memcmp)
/usr/local/Cellar/arm-none-eabi-gcc/10.3-2021.07/gcc/bin/../lib/gcc/arm-none-eabi/10.3.1/../../../../arm-none-eabi/lib/thumb/v6-m/nofp/libg.a(lib_a-memmove.o)
                              CMakeFiles/hans_2.dir/Users/matthias/pico-sdk/lib/lwip/src/core/def.c.obj (memmove)
/usr/local/Cellar/arm-none-eabi-gcc/10.3-2021.07/gcc/bin/../lib/gcc/arm-none-eabi/10.3.1/../../../../arm-none-eabi/lib/thumb/v6-m/nofp/libg.a(lib_a-mlock.o)
                              /usr/local/Cellar/arm-none-eabi-gcc/10.3-2021.07/gcc/bin/../lib/gcc/arm-none-eabi/10.3.1/../../../../arm-none-eabi/lib/thumb/v6-m/nofp/libg.a(lib_a-mallocr.o) (__malloc_lock)
/usr/local/Cellar/arm-none-eabi-gcc/10.3-2021.07/gcc/bin/../lib/gcc/arm-none-eabi/10.3.1/../../../../arm-none-eabi/lib/thumb/v6-m/nofp/libg.a(lib_a-realloc.o)
                              CMakeFiles/hans_2.dir/Users/matthias/pico-sdk/src/rp2_common/pico_malloc/pico_malloc.c.obj (realloc)
/usr/local/Cellar/arm-none-eabi-gcc/10.3-2021.07/gcc/bin/../lib/gcc/arm-none-eabi/10.3.1/../../../../arm-none-eabi/lib/thumb/v6-m/nofp/libg.a(lib_a-reallocr.o)
                              /usr/local/Cellar/arm-none-eabi-gcc/10.3-2021.07/gcc/bin/../lib/gcc/arm-none-eabi/10.3.1/../../../../arm-none-eabi/lib/thumb/v6-m/nofp/libg.a(lib_a-realloc.o) (_realloc_r)
/usr/local/Cellar/arm-none-eabi-gcc/10.3-2021.07/gcc/bin/../lib/gcc/arm-none-eabi/10.3.1/../../../../arm-none-eabi/lib/thumb/v6-m/nofp/libg.a(lib_a-sbrkr.o)
[...]
Memory Configuration

Name             Origin             Length             Attributes
FLASH            0x0000000010000000 0x0000000000200000 xr
RAM              0x0000000020000000 0x0000000000040000 xrw
SCRATCH_X        0x0000000020040000 0x0000000000001000 xrw
SCRATCH_Y        0x0000000020041000 0x0000000000001000 xrw
*default*        0x0000000000000000 0xffffffffffffffff

Linker script and memory map

LOAD /usr/local/Cellar/arm-none-eabi-gcc/10.3-2021.07/gcc/bin/../lib/gcc/arm-none-eabi/10.3.1/thumb/v6-m/nofp/crti.o
LOAD /usr/local/Cellar/arm-none-eabi-gcc/10.3-2021.07/gcc/bin/../lib/gcc/arm-none-eabi/10.3.1/thumb/v6-m/nofp/crtbegin.o
LOAD /usr/local/Cellar/arm-none-eabi-gcc/10.3-2021.07/gcc/bin/../lib/gcc/arm-none-eabi/10.3.1/../../../../arm-none-eabi/lib/thumb/v6-m/nofp/crt0.o

.flash_begin    0x0000000010000000        0x0
                0x0000000010000000                __flash_binary_start = .

.boot2          0x0000000010000000      0x100
                0x0000000010000000                __boot2_start__ = .
 *(.boot2)
 .boot2         0x0000000010000000      0x100 /var/folders/cp/1rj8rlv11qb0v2srv_zph7mr0000gn/T//ccXe6O7G.o
                0x0000000010000100                __boot2_end__ = .
                0x0000000000000001                ASSERT (((__boot2_end__ - __boot2_start__) == 0x100), ERROR: Pico second stage bootloader must be 256 bytes in size)

.text           0x0000000010000100    0x11f60
                0x0000000010000100                __logical_binary_start = .
 *(.vectors)
 .vectors       0x0000000010000100       0xd4 CMakeFiles/hans_2.dir/Users/matthias/pico-sdk/src/rp2_common/pico_standard_link/crt0.S.obj
                0x0000000010000100                __VECTOR_TABLE
                0x0000000010000100                __vectors
                0x00000000100001c0                __default_isrs_start
                0x00000000100001c0                isr_invalid
                0x00000000100001c2                isr_nmi
                0x00000000100001c4                isr_hardfault
                0x00000000100001c6                isr_svcall
                0x00000000100001c8                isr_pendsv
                0x00000000100001ca                isr_systick
                0x00000000100001cc                isr_irq28
                0x00000000100001cc                isr_irq19
                0x00000000100001cc                isr_irq0
                0x00000000100001cc                isr_irq6
                0x00000000100001cc                isr_irq22
                0x00000000100001cc                isr_irq17
                0x00000000100001cc                isr_irq14
                0x00000000100001cc                isr_irq2
                0x00000000100001cc                isr_irq10
                0x00000000100001cc                isr_irq8
                0x00000000100001cc                isr_irq24
                0x00000000100001cc                isr_irq1
                0x00000000100001cc                isr_irq7
                0x00000000100001cc                isr_irq21
                0x00000000100001cc                isr_irq20
                0x00000000100001cc                isr_irq15
                0x00000000100001cc                isr_irq25
                0x00000000100001cc                isr_irq4
                0x00000000100001cc                isr_irq16
                0x00000000100001cc                isr_irq29
                0x00000000100001cc                isr_irq26
                0x00000000100001cc                __default_isrs_end
                0x00000000100001cc                isr_irq3
                0x00000000100001cc                isr_irq9
                0x00000000100001cc                __unhandled_user_irq
                0x00000000100001cc                isr_irq13
                0x00000000100001cc                isr_irq27
                0x00000000100001cc                isr_irq31
                0x00000000100001cc                isr_irq5
                0x00000000100001cc                isr_irq11
                0x00000000100001cc                isr_irq23
                0x00000000100001cc                isr_irq18
                0x00000000100001cc                isr_irq30
                0x00000000100001cc                isr_irq12
                0x00000000100001d2                unhandled_user_irq_num_in_r0
 *(.binary_info_header)
 .binary_info_header
                0x00000000100001d4       0x14 CMakeFiles/hans_2.dir/Users/matthias/pico-sdk/src/rp2_common/pico_standard_link/crt0.S.obj
                0x00000000100001e8                __binary_info_header_end = .
 *(.reset)
 .reset         0x00000000100001e8       0xa0 CMakeFiles/hans_2.dir/Users/matthias/pico-sdk/src/rp2_common/pico_standard_link/crt0.S.obj
                0x00000000100001e8                _entry_point
 .reset         0x0000000010000288       0x30 CMakeFiles/hans_2.dir/Users/matthias/pico-sdk/src/rp2_common/pico_standard_link/binary_info.c.obj
 *(.init)
 .init          0x00000000100002b8        0x4 /usr/local/Cellar/arm-none-eabi-gcc/10.3-2021.07/gcc/bin/../lib/gcc/arm-none-eabi/10.3.1/thumb/v6-m/nofp/crti.o
                0x00000000100002b8                _init
 *(EXCLUDE_FILE(*libm.a: *libc.a:*lib_a-mem*.o *libgcc.a:) .text*)
 .text          0x00000000100002bc       0x48 /usr/local/Cellar/arm-none-eabi-gcc/10.3-2021.07/gcc/bin/../lib/gcc/arm-none-eabi/10.3.1/thumb/v6-m/nofp/crtbegin.o
 .text.retrieve_module
                0x0000000010000304       0x4c CMakeFiles/hans_2.dir/main.c.obj
                0x0000000010000304                retrieve_module
 .text.retrieve_cmd
                0x0000000010000350       0x30 CMakeFiles/hans_2.dir/main.c.obj
                0x0000000010000350                retrieve_cmd
 .text.parseData
                0x0000000010000380      0x118 CMakeFiles/hans_2.dir/main.c.obj
                0x0000000010000380                parseData
 .text.udp_server_recv
                0x0000000010000498       0x12 CMakeFiles/hans_2.dir/main.c.obj
 *fill*         0x00000000100004aa        0x2 
 .text.main     0x00000000100004ac       0x98 CMakeFiles/hans_2.dir/main.c.obj
                0x00000000100004ac                main
 .text.opt_find
                0x0000000010000544       0x30 CMakeFiles/hans_2.dir/dhcpserver/dhcpserver.c.obj
 .text.opt_write_u8
                0x0000000010000574       0x10 CMakeFiles/hans_2.dir/dhcpserver/dhcpserver.c.obj
 .text.opt_write_u32
                0x0000000010000584       0x1c CMakeFiles/hans_2.dir/dhcpserver/dhcpserver.c.obj
 .text.opt_write_n
                0x00000000100005a0       0x1e CMakeFiles/hans_2.dir/dhcpserver/dhcpserver.c.obj
 *fill*         0x00000000100005be        0x2 
 .text.dhcp_socket_sendto
                0x00000000100005c0       0x8c CMakeFiles/hans_2.dir/dhcpserver/dhcpserver.c.obj
 .text.dhcp_socket_new_dgram
                0x000000001000064c       0x24 CMakeFiles/hans_2.dir/dhcpserver/dhcpserver.c.obj
 .text.dhcp_socket_bind
                0x0000000010000670       0x14 CMakeFiles/hans_2.dir/dhcpserver/dhcpserver.c.obj
 .text.dhcp_server_process
                0x0000000010000684      0x270 CMakeFiles/hans_2.dir/dhcpserver/dhcpserver.c.obj
 .text.dhcp_server_init
                0x00000000100008f4       0x38 CMakeFiles/hans_2.dir/dhcpserver/dhcpserver.c.obj
                0x00000000100008f4                dhcp_server_init
 .text.gpio_set_function
                0x000000001000092c       0x30 CMakeFiles/hans_2.dir/Users/matthias/pico-sdk/src/rp2_common/hardware_gpio/gpio.c.obj
                0x000000001000092c                gpio_set_function
 .text.gpio_set_pulls
                0x000000001000095c       0x34 CMakeFiles/hans_2.dir/Users/matthias/pico-sdk/src/rp2_common/hardware_gpio/gpio.c.obj
                0x000000001000095c                gpio_set_pulls
 .text.gpio_set_input_hysteresis_enabled
                0x0000000010000990       0x30 CMakeFiles/hans_2.dir/Users/matthias/pico-sdk/src/rp2_common/hardware_gpio/gpio.c.obj
                0x0000000010000990                gpio_set_input_hysteresis_enabled
 .text.gpio_add_raw_irq_handler_with_order_priority_masked
                0x00000000100009c0       0x40 CMakeFiles/hans_2.dir/Users/matthias/pico-sdk/src/rp2_common/hardware_gpio/gpio.c.obj
                0x00000000100009c0                gpio_add_raw_irq_handler_with_order_priority_masked
 .text.gpio_remove_raw_irq_handler_masked
                0x0000000010000a00       0x48 CMakeFiles/hans_2.dir/Users/matthias/pico-sdk/src/rp2_common/hardware_gpio/gpio.c.obj
                0x0000000010000a00                gpio_remove_raw_irq_handler_masked
 .text.gpio_acknowledge_irq
                0x0000000010000a48       0x18 CMakeFiles/hans_2.dir/Users/matthias/pico-sdk/src/rp2_common/hardware_gpio/gpio.c.obj
                0x0000000010000a48                gpio_acknowledge_irq
 .text._gpio_set_irq_enabled
                0x0000000010000a60       0x34 CMakeFiles/hans_2.dir/Users/matthias/pico-sdk/src/rp2_common/hardware_gpio/gpio.c.obj
 .text.gpio_set_irq_enabled
                0x0000000010000a94       0x20 CMakeFiles/hans_2.dir/Users/matthias/pico-sdk/src/rp2_common/hardware_gpio/gpio.c.obj
                0x0000000010000a94                gpio_set_irq_enabled
 .text.gpio_init
                0x0000000010000ab4       0x16 CMakeFiles/hans_2.dir/Users/matthias/pico-sdk/src/rp2_common/hardware_gpio/gpio.c.obj
                0x0000000010000ab4                gpio_init
 *fill*         0x0000000010000aca        0x2 
 .text.running_on_fpga
                0x0000000010000acc       0x14 CMakeFiles/hans_2.dir/Users/matthias/pico-sdk/src/rp2_common/pico_platform/platform.c.obj
                0x0000000010000acc                running_on_fpga
 .text.hw_claim_lock
                0x0000000010000ae0       0x18 CMakeFiles/hans_2.dir/Users/matthias/pico-sdk/src/rp2_common/hardware_claim/claim.c.obj
                0x0000000010000ae0                hw_claim_lock
 .text.hw_claim_unlock
                0x0000000010000af8       0x14 CMakeFiles/hans_2.dir/Users/matthias/pico-sdk/src/rp2_common/hardware_claim/claim.c.obj
                0x0000000010000af8                hw_claim_unlock
 .text.hw_claim_or_assert
                0x0000000010000b0c       0x32 CMakeFiles/hans_2.dir/Users/matthias/pico-sdk/src/rp2_common/hardware_claim/claim.c.obj
                0x0000000010000b0c                hw_claim_or_assert
 .text.hw_claim_unused_from_range
                0x0000000010000b3e       0x50 CMakeFiles/hans_2.dir/Users/matthias/pico-sdk/src/rp2_common/hardware_claim/claim.c.obj
                0x0000000010000b3e                hw_claim_unused_from_range
 *fill*         0x0000000010000b8e        0x2 
 .text.hw_claim_clear
                0x0000000010000b90       0x40 CMakeFiles/hans_2.dir/Users/matthias/pico-sdk/src/rp2_common/hardware_claim/claim.c.obj
                0x0000000010000b90                hw_claim_clear
 .text.spin_locks_reset
                0x0000000010000bd0       0x20 CMakeFiles/hans_2.dir/Users/matthias/pico-sdk/src/rp2_common/hardware_sync/sync.c.obj
                0x0000000010000bd0                spin_locks_reset
 .text.next_striped_spin_lock_num
                0x0000000010000bf0       0x1c CMakeFiles/hans_2.dir/Users/matthias/pico-sdk/src/rp2_common/hardware_sync/sync.c.obj
                0x0000000010000bf0                next_striped_spin_lock_num
 .text.set_raw_irq_handler_and_unlock
                0x0000000010000c0c       0x28 CMakeFiles/hans_2.dir/Users/matthias/pico-sdk/src/rp2_common/hardware_irq/irq.c.obj
 .text.get_user_irq_claim_index
                0x0000000010000c34        0x6 CMakeFiles/hans_2.dir/Users/matthias/pico-sdk/src/rp2_common/hardware_irq/irq.c.obj
 *fill*         0x0000000010000c3a        0x2 
 .text.make_branch
                0x0000000010000c3c       0x48 CMakeFiles/hans_2.dir/Users/matthias/pico-sdk/src/rp2_common/hardware_irq/irq.c.obj
 .text.insert_branch_and_link
                0x0000000010000c84       0x40 CMakeFiles/hans_2.dir/Users/matthias/pico-sdk/src/rp2_common/hardware_irq/irq.c.obj
 .text.irq_is_enabled
                0x0000000010000cc4       0x18 CMakeFiles/hans_2.dir/Users/matthias/pico-sdk/src/rp2_common/hardware_irq/irq.c.obj
                0x0000000010000cc4                irq_is_enabled
 .text.irq_set_mask_enabled
                0x0000000010000cdc       0x20 CMakeFiles/hans_2.dir/Users/matthias/pico-sdk/src/rp2_common/hardware_irq/irq.c.obj
                0x0000000010000cdc                irq_set_mask_enabled
 .text.irq_set_enabled
                0x0000000010000cfc        0xe CMakeFiles/hans_2.dir/Users/matthias/pico-sdk/src/rp2_common/hardware_irq/irq.c.obj
                0x0000000010000cfc                irq_set_enabled
 *fill*         0x0000000010000d0a        0x2 
 .text.irq_set_pending
                0x0000000010000d0c       0x10 CMakeFiles/hans_2.dir/Users/matthias/pico-sdk/src/rp2_common/hardware_irq/irq.c.obj
                0x0000000010000d0c                irq_set_pending
 .text.irq_get_vtable_handler
                0x0000000010000d1c       0x10 CMakeFiles/hans_2.dir/Users/matthias/pico-sdk/src/rp2_common/hardware_irq/irq.c.obj
                0x0000000010000d1c                irq_get_vtable_handler
 .text.irq_set_exclusive_handler
                0x0000000010000d2c       0x54 CMakeFiles/hans_2.dir/Users/matthias/pico-sdk/src/rp2_common/hardware_irq/irq.c.obj
                0x0000000010000d2c                irq_set_exclusive_handler
 .text.irq_add_shared_handler
                0x0000000010000d80      0x234 CMakeFiles/hans_2.dir/Users/matthias/pico-sdk/src/rp2_common/hardware_irq/irq.c.obj
                0x0000000010000d80                irq_add_shared_handler
 .text.irq_remove_handler
                0x0000000010000fb4      0x1ac CMakeFiles/hans_2.dir/Users/matthias/pico-sdk/src/rp2_common/hardware_irq/irq.c.obj
                0x0000000010000fb4                irq_remove_handler
 .text.irq_set_priority
                0x0000000010001160       0x28 CMakeFiles/hans_2.dir/Users/matthias/pico-sdk/src/rp2_common/hardware_irq/irq.c.obj
                0x0000000010001160                irq_set_priority
 .text.irq_add_tail_to_free_list
                0x0000000010001188       0xf0 CMakeFiles/hans_2.dir/Users/matthias/pico-sdk/src/rp2_common/hardware_irq/irq.c.obj
                0x0000000010001188                irq_add_tail_to_free_list
 .text.irq_init_priorities
                0x0000000010001278       0x1c CMakeFiles/hans_2.dir/Users/matthias/pico-sdk/src/rp2_common/hardware_irq/irq.c.obj
                0x0000000010001278                irq_init_priorities
 .text.user_irq_unclaim
                0x0000000010001294       0x14 CMakeFiles/hans_2.dir/Users/matthias/pico-sdk/src/rp2_common/hardware_irq/irq.c.obj
                0x0000000010001294                user_irq_unclaim
 .text.user_irq_claim_unused
                0x00000000100012a8       0x28 CMakeFiles/hans_2.dir/Users/matthias/pico-sdk/src/rp2_common/hardware_irq/irq.c.obj
                0x00000000100012a8                user_irq_claim_unused
 .text.sem_init
                0x00000000100012d0       0x1e CMakeFiles/hans_2.dir/Users/matthias/pico-sdk/src/common/pico_sync/sem.c.obj
                0x00000000100012d0                sem_init
 *fill*         0x00000000100012ee        0x2 
 .text.lock_init
                0x00000000100012f0       0x10 CMakeFiles/hans_2.dir/Users/matthias/pico-sdk/src/common/pico_sync/lock_core.c.obj
                0x00000000100012f0                lock_init
 .text.mutex_init
                0x0000000010001300       0x1a CMakeFiles/hans_2.dir/Users/matthias/pico-sdk/src/common/pico_sync/mutex.c.obj
                0x0000000010001300                mutex_init
 .text.recursive_mutex_init
                0x000000001000131a       0x1e CMakeFiles/hans_2.dir/Users/matthias/pico-sdk/src/common/pico_sync/mutex.c.obj
                0x000000001000131a                recursive_mutex_init
 .text.alarm_pool_post_alloc_init
                0x0000000010001338       0x40 CMakeFiles/hans_2.dir/Users/matthias/pico-sdk/src/common/pico_time/time.c.obj
 .text.sleep_until_callback
                0x0000000010001378       0x30 CMakeFiles/hans_2.dir/Users/matthias/pico-sdk/src/common/pico_time/time.c.obj
 .text.timer_pool_entry_comparator
                0x00000000100013a8       0x7c CMakeFiles/hans_2.dir/Users/matthias/pico-sdk/src/common/pico_time/time.c.obj
                0x00000000100013a8                timer_pool_entry_comparator
 .text.ph_add_child_node
                0x0000000010001424       0xa4 CMakeFiles/hans_2.dir/Users/matthias/pico-sdk/src/common/pico_time/time.c.obj
 .text.ph_merge_nodes
                0x00000000100014c8       0x3e CMakeFiles/hans_2.dir/Users/matthias/pico-sdk/src/common/pico_time/time.c.obj
 *fill*         0x0000000010001506        0x2 
 .text.add_alarm_under_lock
                0x0000000010001508      0x174 CMakeFiles/hans_2.dir/Users/matthias/pico-sdk/src/common/pico_time/time.c.obj
 .text.alarm_pool_alarm_callback
                0x000000001000167c      0x33c CMakeFiles/hans_2.dir/Users/matthias/pico-sdk/src/common/pico_time/time.c.obj
 .text.alarm_pool_init_default
                0x00000000100019b8       0x40 CMakeFiles/hans_2.dir/Users/matthias/pico-sdk/src/common/pico_time/time.c.obj
                0x00000000100019b8                alarm_pool_init_default
 .text.alarm_pool_get_default
                0x00000000100019f8       0x2c CMakeFiles/hans_2.dir/Users/matthias/pico-sdk/src/common/pico_time/time.c.obj
                0x00000000100019f8                alarm_pool_get_default
 .text.alarm_pool_add_alarm_at
                0x0000000010001a24      0x168 CMakeFiles/hans_2.dir/Users/matthias/pico-sdk/src/common/pico_time/time.c.obj
                0x0000000010001a24                alarm_pool_add_alarm_at
 .text.alarm_pool_cancel_alarm
                0x0000000010001b8c       0xf0 CMakeFiles/hans_2.dir/Users/matthias/pico-sdk/src/common/pico_time/time.c.obj
                0x0000000010001b8c                alarm_pool_cancel_alarm
 .text.alarm_pool_core_num
                0x0000000010001c7c        0x4 CMakeFiles/hans_2.dir/Users/matthias/pico-sdk/src/common/pico_time/time.c.obj
                0x0000000010001c7c                alarm_pool_core_num
 .text.sleep_until
                0x0000000010001c80       0xfc CMakeFiles/hans_2.dir/Users/matthias/pico-sdk/src/common/pico_time/time.c.obj
                0x0000000010001c80                sleep_until
 .text.sleep_us
                0x0000000010001d7c       0x58 CMakeFiles/hans_2.dir/Users/matthias/pico-sdk/src/common/pico_time/time.c.obj
                0x0000000010001d7c                sleep_us
 .text.sleep_ms
                0x0000000010001dd4       0x14 CMakeFiles/hans_2.dir/Users/matthias/pico-sdk/src/common/pico_time/time.c.obj
                0x0000000010001dd4                sleep_ms
 .text.best_effort_wfe_or_timeout
                0x0000000010001de8       0xac CMakeFiles/hans_2.dir/Users/matthias/pico-sdk/src/common/pico_time/time.c.obj
                0x0000000010001de8                best_effort_wfe_or_timeout
 .text.hardware_alarm_irq_handler
                0x0000000010001e94       0x90 CMakeFiles/hans_2.dir/Users/matthias/pico-sdk/src/rp2_common/hardware_timer/timer.c.obj
 .text.hardware_alarm_claim
                0x0000000010001f24       0x18 CMakeFiles/hans_2.dir/Users/matthias/pico-sdk/src/rp2_common/hardware_timer/timer.c.obj
                0x0000000010001f24                hardware_alarm_claim
 .text.time_us_64
                0x0000000010001f3c       0x18 CMakeFiles/hans_2.dir/Users/matthias/pico-sdk/src/rp2_common/hardware_timer/timer.c.obj
                0x0000000010001f3c                time_us_64
 .text.busy_wait_until
                0x0000000010001f54       0x28 CMakeFiles/hans_2.dir/Users/matthias/pico-sdk/src/rp2_common/hardware_timer/timer.c.obj
                0x0000000010001f54                busy_wait_until
 .text.hardware_alarm_set_callback
                0x0000000010001f7c       0x90 CMakeFiles/hans_2.dir/Users/matthias/pico-sdk/src/rp2_common/hardware_timer/timer.c.obj
                0x0000000010001f7c                hardware_alarm_set_callback
 .text.hardware_alarm_set_target
                0x000000001000200c       0xe8 CMakeFiles/hans_2.dir/Users/matthias/pico-sdk/src/rp2_common/hardware_timer/timer.c.obj
                0x000000001000200c                hardware_alarm_set_target
 .text.hardware_alarm_cancel
                0x00000000100020f4       0x40 CMakeFiles/hans_2.dir/Users/matthias/pico-sdk/src/rp2_common/hardware_timer/timer.c.obj
                0x00000000100020f4                hardware_alarm_cancel
 .text.ph_add_child_node
                0x0000000010002134       0xa4 CMakeFiles/hans_2.dir/Users/matthias/pico-sdk/src/common/pico_util/pheap.c.obj
 .text.ph_merge_nodes
                0x00000000100021d8       0x3e CMakeFiles/hans_2.dir/Users/matthias/pico-sdk/src/common/pico_util/pheap.c.obj
 *fill*         0x0000000010002216        0x2 
 .text.ph_clear
                0x0000000010002218       0x70 CMakeFiles/hans_2.dir/Users/matthias/pico-sdk/src/common/pico_util/pheap.c.obj
                0x0000000010002218                ph_clear
 .text.ph_post_alloc_init
                0x0000000010002288        0xe CMakeFiles/hans_2.dir/Users/matthias/pico-sdk/src/common/pico_util/pheap.c.obj
                0x0000000010002288                ph_post_alloc_init
 *fill*         0x0000000010002296        0x2 
 .text.ph_merge_two_pass
                0x0000000010002298       0xa8 CMakeFiles/hans_2.dir/Users/matthias/pico-sdk/src/common/pico_util/pheap.c.obj
                0x0000000010002298                ph_merge_two_pass
 .text.ph_remove_any_head
                0x0000000010002340      0x128 CMakeFiles/hans_2.dir/Users/matthias/pico-sdk/src/common/pico_util/pheap.c.obj
 .text.ph_remove_head
                0x0000000010002468       0x14 CMakeFiles/hans_2.dir/Users/matthias/pico-sdk/src/common/pico_util/pheap.c.obj
                0x0000000010002468                ph_remove_head
 .text.ph_remove_and_free_node
                0x000000001000247c       0xf8 CMakeFiles/hans_2.dir/Users/matthias/pico-sdk/src/common/pico_util/pheap.c.obj
                0x000000001000247c                ph_remove_and_free_node
 .text.uart_set_baudrate
                0x0000000010002574       0x5c CMakeFiles/hans_2.dir/Users/matthias/pico-sdk/src/rp2_common/hardware_uart/uart.c.obj
                0x0000000010002574                uart_set_baudrate
 .text.uart_set_translate_crlf
                0x00000000100025d0       0x28 CMakeFiles/hans_2.dir/Users/matthias/pico-sdk/src/rp2_common/hardware_uart/uart.c.obj
                0x00000000100025d0                uart_set_translate_crlf
 .text.uart_init
                0x00000000100025f8       0x80 CMakeFiles/hans_2.dir/Users/matthias/pico-sdk/src/rp2_common/hardware_uart/uart.c.obj
                0x00000000100025f8                uart_init
 .text.clock_configure
                0x0000000010002678      0x104 CMakeFiles/hans_2.dir/Users/matthias/pico-sdk/src/rp2_common/hardware_clocks/clocks.c.obj
                0x0000000010002678                clock_configure
 .text.clocks_init
                0x000000001000277c      0x100 CMakeFiles/hans_2.dir/Users/matthias/pico-sdk/src/rp2_common/hardware_clocks/clocks.c.obj
                0x000000001000277c                clocks_init
 .text.clock_get_hz
                0x000000001000287c        0xc CMakeFiles/hans_2.dir/Users/matthias/pico-sdk/src/rp2_common/hardware_clocks/clocks.c.obj
                0x000000001000287c                clock_get_hz
 .text.pll_init
                0x0000000010002888      0x12c CMakeFiles/hans_2.dir/Users/matthias/pico-sdk/src/rp2_common/hardware_pll/pll.c.obj
                0x0000000010002888                pll_init
 .text.watchdog_start_tick
                0x00000000100029b4       0x10 CMakeFiles/hans_2.dir/Users/matthias/pico-sdk/src/rp2_common/hardware_watchdog/watchdog.c.obj
                0x00000000100029b4                watchdog_start_tick
 .text.xosc_init
                0x00000000100029c4       0x28 CMakeFiles/hans_2.dir/Users/matthias/pico-sdk/src/rp2_common/hardware_xosc/xosc.c.obj
                0x00000000100029c4                xosc_init
 .text._exit    0x00000000100029ec        0x4 CMakeFiles/hans_2.dir/Users/matthias/pico-sdk/src/rp2_common/pico_runtime/runtime.c.obj
                0x00000000100029ec                _exit
 .text.exit     0x00000000100029f0        0x6 CMakeFiles/hans_2.dir/Users/matthias/pico-sdk/src/rp2_common/pico_runtime/runtime.c.obj
                0x00000000100029f0                exit
 *fill*         0x00000000100029f6        0x2 
 .text.__assert_func
                0x00000000100029f8       0x3c CMakeFiles/hans_2.dir/Users/matthias/pico-sdk/src/rp2_common/pico_runtime/runtime.c.obj
                0x00000000100029f8                __assert_func
 .text.runtime_init
                0x0000000010002a34       0xf8 CMakeFiles/hans_2.dir/Users/matthias/pico-sdk/src/rp2_common/pico_runtime/runtime.c.obj
                0x0000000010002a34                runtime_init
 .text.panic    0x0000000010002b2c       0x30 CMakeFiles/hans_2.dir/Users/matthias/pico-sdk/src/rp2_common/pico_runtime/runtime.c.obj
                0x0000000010002b2c                panic
 .text.panic_unsupported
                0x0000000010002b5c        0xc CMakeFiles/hans_2.dir/Users/matthias/pico-sdk/src/rp2_common/pico_runtime/runtime.c.obj
                0x0000000010002b5c                panic_unsupported
 .text._out_null
                0x0000000010002b68        0x2 CMakeFiles/hans_2.dir/Users/matthias/pico-sdk/src/rp2_common/pico_printf/printf.c.obj
 .text._out_fct
                0x0000000010002b6a        0xe CMakeFiles/hans_2.dir/Users/matthias/pico-sdk/src/rp2_common/pico_printf/printf.c.obj
 .text._atoi    0x0000000010002b78       0x24 CMakeFiles/hans_2.dir/Users/matthias/pico-sdk/src/rp2_common/pico_printf/printf.c.obj
 .text._out_rev
                0x0000000010002b9c       0xae CMakeFiles/hans_2.dir/Users/matthias/pico-sdk/src/rp2_common/pico_printf/printf.c.obj
 .text._ntoa_format
                0x0000000010002c4a      0x112 CMakeFiles/hans_2.dir/Users/matthias/pico-sdk/src/rp2_common/pico_printf/printf.c.obj
 .text._ntoa_long
                0x0000000010002d5c       0xbc CMakeFiles/hans_2.dir/Users/matthias/pico-sdk/src/rp2_common/pico_printf/printf.c.obj
 .text._ntoa_long_long
                0x0000000010002e18       0xe2 CMakeFiles/hans_2.dir/Users/matthias/pico-sdk/src/rp2_common/pico_printf/printf.c.obj
 *fill*         0x0000000010002efa        0x2 
 .text._etoa    0x0000000010002efc      0x414 CMakeFiles/hans_2.dir/Users/matthias/pico-sdk/src/rp2_common/pico_printf/printf.c.obj
 .text._ftoa    0x0000000010003310      0x354 CMakeFiles/hans_2.dir/Users/matthias/pico-sdk/src/rp2_common/pico_printf/printf.c.obj
 .text._vsnprintf
                0x0000000010003664      0x624 CMakeFiles/hans_2.dir/Users/matthias/pico-sdk/src/rp2_common/pico_printf/printf.c.obj
 .text.vfctprintf
                0x0000000010003c88       0x20 CMakeFiles/hans_2.dir/Users/matthias/pico-sdk/src/rp2_common/pico_printf/printf.c.obj
                0x0000000010003c88                vfctprintf
 .text          0x0000000010003ca8       0x10 CMakeFiles/hans_2.dir/Users/matthias/pico-sdk/src/rp2_common/pico_bit_ops/bit_ops_aeabi.S.obj
 .text.ctzsi    0x0000000010003cb8        0xc CMakeFiles/hans_2.dir/Users/matthias/pico-sdk/src/rp2_common/pico_bit_ops/bit_ops_aeabi.S.obj
                0x0000000010003cb8                __wrap___ctzsi2
 .text.rom_func_lookup
                0x0000000010003cc4       0x10 CMakeFiles/hans_2.dir/Users/matthias/pico-sdk/src/rp2_common/pico_bootrom/bootrom.c.obj
                0x0000000010003cc4                rom_func_lookup
 .text.rom_data_lookup
                0x0000000010003cd4       0x10 CMakeFiles/hans_2.dir/Users/matthias/pico-sdk/src/rp2_common/pico_bootrom/bootrom.c.obj
                0x0000000010003cd4                rom_data_lookup
 .text.rom_funcs_lookup
                0x0000000010003ce4       0x36 CMakeFiles/hans_2.dir/Users/matthias/pico-sdk/src/rp2_common/pico_bootrom/bootrom.c.obj
                0x0000000010003ce4                rom_funcs_lookup
 *fill*         0x0000000010003d1a        0x2 
 .text.__wrap___aeabi_idiv
                0x0000000010003d1c       0x50 CMakeFiles/hans_2.dir/Users/matthias/pico-sdk/src/rp2_common/pico_divider/divider.S.obj
                0x0000000010003d1c                __wrap___aeabi_idivmod
                0x0000000010003d1c                divmod_s32s32
                0x0000000010003d1c                div_s32s32
                0x0000000010003d1c                __wrap___aeabi_idiv
                0x0000000010003d24                divmod_s32s32_unsafe
                0x0000000010003d50                divmod_s32s32_savestate
 .text.__wrap___aeabi_uidiv
                0x0000000010003d6c       0x4c CMakeFiles/hans_2.dir/Users/matthias/pico-sdk/src/rp2_common/pico_divider/divider.S.obj
                0x0000000010003d6c                __wrap___aeabi_uidiv
                0x0000000010003d6c                __wrap___aeabi_uidivmod
                0x0000000010003d6c                div_u32u32
                0x0000000010003d6c                divmod_u32u32
                0x0000000010003d74                divmod_u32u32_unsafe
                0x0000000010003d9c                divmod_u32u32_savestate
 .text.__wrap___aeabi_ldiv
                0x0000000010003db8      0x424 CMakeFiles/hans_2.dir/Users/matthias/pico-sdk/src/rp2_common/pico_divider/divider.S.obj
                0x0000000010003db8                __wrap___aeabi_ldivmod
                0x0000000010003db8                div_s64s64
                0x0000000010003db8                divmod_s64s64
                0x0000000010003de8                divmod_u64u64
                0x0000000010003de8                div_u64u64
                0x0000000010003de8                __wrap___aeabi_uldivmod
                0x0000000010003df8                divmod_u64u64_savestate
                0x0000000010003e18                divmod_s64s64_unsafe
                0x0000000010003ea0                divmod_u64u64_unsafe
 .text.__wrap___aeabi_darithmetic
                0x00000000100041dc       0x60 CMakeFiles/hans_2.dir/Users/matthias/pico-sdk/src/rp2_common/pico_double/double_aeabi.S.obj
                0x00000000100041dc                __wrap___aeabi_drsub
                0x00000000100041e2                __wrap___aeabi_dsub
                0x00000000100041ec                __wrap___aeabi_dadd
                0x00000000100041f6                __wrap___aeabi_ddiv
                0x000000001000422a                __wrap___aeabi_dmul
 .text.__wrap___aeabi_cdcmple
                0x000000001000423c       0x6c CMakeFiles/hans_2.dir/Users/matthias/pico-sdk/src/rp2_common/pico_double/double_aeabi.S.obj
                0x000000001000423c                __wrap___aeabi_cdrcmple
                0x000000001000424c                __wrap___aeabi_cdcmple
                0x000000001000424c                __wrap___aeabi_cdcmpeq
 .text.__wrap___aeabi_dcmplt
                0x00000000100042a8        0xc CMakeFiles/hans_2.dir/Users/matthias/pico-sdk/src/rp2_common/pico_double/double_aeabi.S.obj
                0x00000000100042a8                __wrap___aeabi_dcmplt
 .text.__wrap___aeabi_dcmple
                0x00000000100042b4       0x10 CMakeFiles/hans_2.dir/Users/matthias/pico-sdk/src/rp2_common/pico_double/double_aeabi.S.obj
                0x00000000100042b4                __wrap___aeabi_dcmple
 .text.__wrap___aeabi_dcmpge
                0x00000000100042c4       0x10 CMakeFiles/hans_2.dir/Users/matthias/pico-sdk/src/rp2_common/pico_double/double_aeabi.S.obj
                0x00000000100042c4                __wrap___aeabi_dcmpge
 .text.__wrap___aeabi_dcmpgt
                0x00000000100042d4        0xa CMakeFiles/hans_2.dir/Users/matthias/pico-sdk/src/rp2_common/pico_double/double_aeabi.S.obj
                0x00000000100042d4                __wrap___aeabi_dcmpgt
 .text.__wrap___aeabi_dcmpun
                0x00000000100042de       0x1c CMakeFiles/hans_2.dir/Users/matthias/pico-sdk/src/rp2_common/pico_double/double_aeabi.S.obj
                0x00000000100042de                __wrap___aeabi_dcmpun
 *fill*         0x00000000100042fa        0x2 
 .text.__wrap___aeabi_i2d
                0x00000000100042fc       0x38 CMakeFiles/hans_2.dir/Users/matthias/pico-sdk/src/rp2_common/pico_double/double_aeabi.S.obj
                0x00000000100042fc                __wrap___aeabi_ui2d
                0x0000000010004304                __wrap___aeabi_i2d
 .text.__wrap___aeabi_d2iz
                0x0000000010004334       0x48 CMakeFiles/hans_2.dir/Users/matthias/pico-sdk/src/rp2_common/pico_double/double_aeabi.S.obj
                0x0000000010004334                __wrap___aeabi_d2iz
                0x0000000010004334                double2int_z
 .text.__wrap___aeabi_d2uiz
                0x000000001000437c       0x10 CMakeFiles/hans_2.dir/Users/matthias/pico-sdk/src/rp2_common/pico_double/double_aeabi.S.obj
                0x000000001000437c                double2uint
                0x000000001000437c                __wrap___aeabi_d2uiz
 .text.missing_double_func_shim
                0x000000001000438c        0xc CMakeFiles/hans_2.dir/Users/matthias/pico-sdk/src/rp2_common/pico_double/double_init_rom.c.obj
 .text.__aeabi_double_init
                0x0000000010004398       0xcc CMakeFiles/hans_2.dir/Users/matthias/pico-sdk/src/rp2_common/pico_double/double_init_rom.c.obj
                0x0000000010004398                __aeabi_double_init
 .text.double_table_shim_on_use_helper
                0x0000000010004464       0x34 CMakeFiles/hans_2.dir/Users/matthias/pico-sdk/src/rp2_common/pico_double/double_v1_rom_shim.S.obj
                0x0000000010004464                double_table_shim_on_use_helper
 .text.__aeabi_lmul
                0x0000000010004498       0x32 CMakeFiles/hans_2.dir/Users/matthias/pico-sdk/src/rp2_common/pico_int64_ops/pico_int64_ops_aeabi.S.obj
                0x0000000010004498                __wrap___aeabi_lmul
 *fill*         0x00000000100044ca        0x2 
 .text.missing_float_func_shim
                0x00000000100044cc        0xc CMakeFiles/hans_2.dir/Users/matthias/pico-sdk/src/rp2_common/pico_float/float_init_rom.c.obj
 .text.__aeabi_float_init
                0x00000000100044d8       0x88 CMakeFiles/hans_2.dir/Users/matthias/pico-sdk/src/rp2_common/pico_float/float_init_rom.c.obj
                0x00000000100044d8                __aeabi_float_init
 .text          0x0000000010004560       0x10 CMakeFiles/hans_2.dir/Users/matthias/pico-sdk/src/rp2_common/pico_mem_ops/mem_ops_aeabi.S.obj
                0x0000000010004560                __aeabi_mem_init
 .text.memset   0x0000000010004570        0xc CMakeFiles/hans_2.dir/Users/matthias/pico-sdk/src/rp2_common/pico_mem_ops/mem_ops_aeabi.S.obj
                0x0000000010004570                __wrap_memset
 .text.memcpy   0x000000001000457c        0xc CMakeFiles/hans_2.dir/Users/matthias/pico-sdk/src/rp2_common/pico_mem_ops/mem_ops_aeabi.S.obj
                0x000000001000457c                __wrap___aeabi_memcpy
                0x000000001000457c                __wrap_memcpy
 .text.stdio_out_chars_no_crlf
                0x0000000010004588        0xe CMakeFiles/hans_2.dir/Users/matthias/pico-sdk/src/rp2_common/pico_stdio/stdio.c.obj
 *fill*         0x0000000010004596        0x2 
 .text.stdio_out_chars_crlf
                0x0000000010004598       0x80 CMakeFiles/hans_2.dir/Users/matthias/pico-sdk/src/rp2_common/pico_stdio/stdio.c.obj
 .text.stdio_stack_buffer_flush
                0x0000000010004618       0x44 CMakeFiles/hans_2.dir/Users/matthias/pico-sdk/src/rp2_common/pico_stdio/stdio.c.obj
 .text.stdio_buffered_printer
                0x000000001000465c       0x20 CMakeFiles/hans_2.dir/Users/matthias/pico-sdk/src/rp2_common/pico_stdio/stdio.c.obj
 .text.stdout_serialize_begin
                0x000000001000467c       0x5c CMakeFiles/hans_2.dir/Users/matthias/pico-sdk/src/rp2_common/pico_stdio/stdio.c.obj
                0x000000001000467c                stdout_serialize_begin
 .text.stdout_serialize_end
                0x00000000100046d8       0x10 CMakeFiles/hans_2.dir/Users/matthias/pico-sdk/src/rp2_common/pico_stdio/stdio.c.obj
                0x00000000100046d8                stdout_serialize_end
 .text.stdio_put_string
                0x00000000100046e8       0x98 CMakeFiles/hans_2.dir/Users/matthias/pico-sdk/src/rp2_common/pico_stdio/stdio.c.obj
 .text.stdio_set_driver_enabled
                0x0000000010004780       0x2c CMakeFiles/hans_2.dir/Users/matthias/pico-sdk/src/rp2_common/pico_stdio/stdio.c.obj
                0x0000000010004780                stdio_set_driver_enabled
 .text.stdio_flush
                0x00000000100047ac       0x20 CMakeFiles/hans_2.dir/Users/matthias/pico-sdk/src/rp2_common/pico_stdio/stdio.c.obj
                0x00000000100047ac                stdio_flush
 .text.__wrap_puts
                0x00000000100047cc       0x1e CMakeFiles/hans_2.dir/Users/matthias/pico-sdk/src/rp2_common/pico_stdio/stdio.c.obj
                0x00000000100047cc                __wrap_puts
 *fill*         0x00000000100047ea        0x2 
 .text.__wrap_vprintf
                0x00000000100047ec       0x40 CMakeFiles/hans_2.dir/Users/matthias/pico-sdk/src/rp2_common/pico_stdio/stdio.c.obj
                0x00000000100047ec                __wrap_vprintf
 .text.__wrap_printf
                0x000000001000482c       0x18 CMakeFiles/hans_2.dir/Users/matthias/pico-sdk/src/rp2_common/pico_stdio/stdio.c.obj
                0x000000001000482c                __wrap_printf
 .text.stdio_init_all
                0x0000000010004844        0xa CMakeFiles/hans_2.dir/Users/matthias/pico-sdk/src/rp2_common/pico_stdio/stdio.c.obj
                0x0000000010004844                stdio_init_all
 *fill*         0x000000001000484e        0x2 
 .text.stdio_uart_out_chars
                0x0000000010004850       0x74 CMakeFiles/hans_2.dir/Users/matthias/pico-sdk/src/rp2_common/pico_stdio_uart/stdio_uart.c.obj
 .text.stdio_uart_in_chars
                0x00000000100048c4       0x80 CMakeFiles/hans_2.dir/Users/matthias/pico-sdk/src/rp2_common/pico_stdio_uart/stdio_uart.c.obj
                0x00000000100048c4                stdio_uart_in_chars
 .text.on_uart_rx
                0x0000000010004944       0x28 CMakeFiles/hans_2.dir/Users/matthias/pico-sdk/src/rp2_common/pico_stdio_uart/stdio_uart.c.obj
 .text.stdio_uart_set_chars_available_callback
                0x000000001000496c       0x8c CMakeFiles/hans_2.dir/Users/matthias/pico-sdk/src/rp2_common/pico_stdio_uart/stdio_uart.c.obj
 .text.stdio_uart_init_full
                0x00000000100049f8       0x44 CMakeFiles/hans_2.dir/Users/matthias/pico-sdk/src/rp2_common/pico_stdio_uart/stdio_uart.c.obj
                0x00000000100049f8                stdio_uart_init_full
 .text.stdio_uart_init
                0x0000000010004a3c       0x28 CMakeFiles/hans_2.dir/Users/matthias/pico-sdk/src/rp2_common/pico_stdio_uart/stdio_uart.c.obj
                0x0000000010004a3c                stdio_uart_init
 .text.i2c_set_baudrate
                0x0000000010004a64       0xf0 CMakeFiles/hans_2.dir/Users/matthias/pico-sdk/src/rp2_common/hardware_i2c/i2c.c.obj
                0x0000000010004a64                i2c_set_baudrate
 .text.i2c_init
                0x0000000010004b54       0x58 CMakeFiles/hans_2.dir/Users/matthias/pico-sdk/src/rp2_common/hardware_i2c/i2c.c.obj
                0x0000000010004b54                i2c_init
 .text.lwip_timeout_reached
                0x0000000010004bac       0x2c CMakeFiles/hans_2.dir/Users/matthias/pico-sdk/src/rp2_common/pico_lwip/lwip_nosys.c.obj
 .text.update_next_timeout
                0x0000000010004bd8       0xb0 CMakeFiles/hans_2.dir/Users/matthias/pico-sdk/src/rp2_common/pico_lwip/lwip_nosys.c.obj
 .text.lwip_nosys_init
                0x0000000010004c88       0x34 CMakeFiles/hans_2.dir/Users/matthias/pico-sdk/src/rp2_common/pico_lwip/lwip_nosys.c.obj
                0x0000000010004c88                lwip_nosys_init
 .text.lwip_nosys_deinit
                0x0000000010004cbc       0x20 CMakeFiles/hans_2.dir/Users/matthias/pico-sdk/src/rp2_common/pico_lwip/lwip_nosys.c.obj
                0x0000000010004cbc                lwip_nosys_deinit
 .text.sys_arch_protect
                0x0000000010004cdc        0x4 CMakeFiles/hans_2.dir/Users/matthias/pico-sdk/src/rp2_common/pico_lwip/lwip_nosys.c.obj
                0x0000000010004cdc                sys_arch_protect
 .text.sys_arch_unprotect
                0x0000000010004ce0        0x2 CMakeFiles/hans_2.dir/Users/matthias/pico-sdk/src/rp2_common/pico_lwip/lwip_nosys.c.obj
                0x0000000010004ce0                sys_arch_unprotect
 *fill*         0x0000000010004ce2        0x2 
 .text.sys_now  0x0000000010004ce4       0x3c CMakeFiles/hans_2.dir/Users/matthias/pico-sdk/src/rp2_common/pico_lwip/lwip_nosys.c.obj
                0x0000000010004ce4                sys_now
 .text.async_context_base_add_at_time_worker
                0x0000000010004d20       0x1c CMakeFiles/hans_2.dir/Users/matthias/pico-sdk/src/rp2_common/pico_async_context/async_context_base.c.obj
                0x0000000010004d20                async_context_base_add_at_time_worker
 .text.async_context_base_remove_at_time_worker
                0x0000000010004d3c       0x1c CMakeFiles/hans_2.dir/Users/matthias/pico-sdk/src/rp2_common/pico_async_context/async_context_base.c.obj
                0x0000000010004d3c                async_context_base_remove_at_time_worker
 .text.async_context_base_add_when_pending_worker
                0x0000000010004d58       0x1c CMakeFiles/hans_2.dir/Users/matthias/pico-sdk/src/rp2_common/pico_async_context/async_context_base.c.obj
                0x0000000010004d58                async_context_base_add_when_pending_worker
 .text.async_context_base_remove_when_pending_worker
                0x0000000010004d74       0x1c CMakeFiles/hans_2.dir/Users/matthias/pico-sdk/src/rp2_common/pico_async_context/async_context_base.c.obj
                0x0000000010004d74                async_context_base_remove_when_pending_worker
 .text.async_context_base_remove_ready_at_time_worker
                0x0000000010004d90       0x94 CMakeFiles/hans_2.dir/Users/matthias/pico-sdk/src/rp2_common/pico_async_context/async_context_base.c.obj
                0x0000000010004d90                async_context_base_remove_ready_at_time_worker
 .text.async_context_base_refresh_next_timeout
                0x0000000010004e24       0x4c CMakeFiles/hans_2.dir/Users/matthias/pico-sdk/src/rp2_common/pico_async_context/async_context_base.c.obj
                0x0000000010004e24                async_context_base_refresh_next_timeout
 .text.async_context_base_execute_once
                0x0000000010004e70       0x48 CMakeFiles/hans_2.dir/Users/matthias/pico-sdk/src/rp2_common/pico_async_context/async_context_base.c.obj
                0x0000000010004e70                async_context_base_execute_once
 .text.splitmix64
                0x0000000010004eb8       0x5c CMakeFiles/hans_2.dir/Users/matthias/pico-sdk/src/rp2_common/pico_rand/rand.c.obj
 .text.sdbm_hash64_sram
                0x0000000010004f14       0x64 CMakeFiles/hans_2.dir/Users/matthias/pico-sdk/src/rp2_common/pico_rand/rand.c.obj
 .text.xoroshiro128ss
                0x0000000010004f78       0xb8 CMakeFiles/hans_2.dir/Users/matthias/pico-sdk/src/rp2_common/pico_rand/rand.c.obj
 .text.capture_additional_rosc_samples
                0x0000000010005030      0x1a4 CMakeFiles/hans_2.dir/Users/matthias/pico-sdk/src/rp2_common/pico_rand/rand.c.obj
 .text.initialise_rand
                0x00000000100051d4      0x118 CMakeFiles/hans_2.dir/Users/matthias/pico-sdk/src/rp2_common/pico_rand/rand.c.obj
 .text.get_rand_64
                0x00000000100052ec      0x11c CMakeFiles/hans_2.dir/Users/matthias/pico-sdk/src/rp2_common/pico_rand/rand.c.obj
                0x00000000100052ec                get_rand_64
 .text.get_rand_32
                0x0000000010005408        0x8 CMakeFiles/hans_2.dir/Users/matthias/pico-sdk/src/rp2_common/pico_rand/rand.c.obj
                0x0000000010005408                get_rand_32
 .text._retrieve_unique_id_on_boot
                0x0000000010005410       0x10 CMakeFiles/hans_2.dir/Users/matthias/pico-sdk/src/rp2_common/pico_unique_id/unique_id.c.obj
 .text.pico_get_unique_board_id
                0x0000000010005420       0x10 CMakeFiles/hans_2.dir/Users/matthias/pico-sdk/src/rp2_common/pico_unique_id/unique_id.c.obj
                0x0000000010005420                pico_get_unique_board_id
 .text.flash_get_unique_id
                0x0000000010005430       0x46 CMakeFiles/hans_2.dir/Users/matthias/pico-sdk/src/rp2_common/hardware_flash/flash.c.obj
                0x0000000010005430                flash_get_unique_id
 .text.lwip_init
                0x0000000010005476       0x24 CMakeFiles/hans_2.dir/Users/matthias/pico-sdk/lib/lwip/src/core/init.c.obj
                0x0000000010005476                lwip_init
 .text.lwip_htons
                0x000000001000549a        0xa CMakeFiles/hans_2.dir/Users/matthias/pico-sdk/lib/lwip/src/core/def.c.obj
                0x000000001000549a                lwip_htons
 .text.lwip_htonl
                0x00000000100054a4       0x1c CMakeFiles/hans_2.dir/Users/matthias/pico-sdk/lib/lwip/src/core/def.c.obj
                0x00000000100054a4                lwip_htonl
 .text.dns_backupserver_available
                0x00000000100054c0       0x28 CMakeFiles/hans_2.dir/Users/matthias/pico-sdk/lib/lwip/src/core/dns.c.obj
 .text.dns_create_txid
                0x00000000100054e8       0x3c CMakeFiles/hans_2.dir/Users/matthias/pico-sdk/lib/lwip/src/core/dns.c.obj
 .text.dns_call_found
                0x0000000010005524       0xf4 CMakeFiles/hans_2.dir/Users/matthias/pico-sdk/lib/lwip/src/core/dns.c.obj
 .text.dns_send
                0x0000000010005618      0x178 CMakeFiles/hans_2.dir/Users/matthias/pico-sdk/lib/lwip/src/core/dns.c.obj
 .text.dns_check_entry
                0x0000000010005790      0x11c CMakeFiles/hans_2.dir/Users/matthias/pico-sdk/lib/lwip/src/core/dns.c.obj
 .text.dns_check_entries
                0x00000000100058ac       0x16 CMakeFiles/hans_2.dir/Users/matthias/pico-sdk/lib/lwip/src/core/dns.c.obj
 .text.dns_init
                0x00000000100058c2        0x2 CMakeFiles/hans_2.dir/Users/matthias/pico-sdk/lib/lwip/src/core/dns.c.obj
                0x00000000100058c2                dns_init
 .text.dns_setserver
                0x00000000100058c4       0x28 CMakeFiles/hans_2.dir/Users/matthias/pico-sdk/lib/lwip/src/core/dns.c.obj
                0x00000000100058c4                dns_setserver
 .text.dns_tmr  0x00000000100058ec        0x8 CMakeFiles/hans_2.dir/Users/matthias/pico-sdk/lib/lwip/src/core/dns.c.obj
                0x00000000100058ec                dns_tmr
 .text.lwip_standard_chksum
                0x00000000100058f4       0xac CMakeFiles/hans_2.dir/Users/matthias/pico-sdk/lib/lwip/src/core/inet_chksum.c.obj
                0x00000000100058f4                lwip_standard_chksum
 .text.inet_cksum_pseudo_base
                0x00000000100059a0       0x7c CMakeFiles/hans_2.dir/Users/matthias/pico-sdk/lib/lwip/src/core/inet_chksum.c.obj
 .text.inet_chksum_pseudo
                0x0000000010005a1c       0x30 CMakeFiles/hans_2.dir/Users/matthias/pico-sdk/lib/lwip/src/core/inet_chksum.c.obj
                0x0000000010005a1c                inet_chksum_pseudo
 .text.ip_chksum_pseudo
                0x0000000010005a4c       0x10 CMakeFiles/hans_2.dir/Users/matthias/pico-sdk/lib/lwip/src/core/inet_chksum.c.obj
                0x0000000010005a4c                ip_chksum_pseudo
 .text.inet_chksum
                0x0000000010005a5c        0xc CMakeFiles/hans_2.dir/Users/matthias/pico-sdk/lib/lwip/src/core/inet_chksum.c.obj
                0x0000000010005a5c                inet_chksum
 .text.inet_chksum_pbuf
                0x0000000010005a68       0x52 CMakeFiles/hans_2.dir/Users/matthias/pico-sdk/lib/lwip/src/core/inet_chksum.c.obj
                0x0000000010005a68                inet_chksum_pbuf
 *fill*         0x0000000010005aba        0x2 
 .text.ptr_to_mem
                0x0000000010005abc        0xc CMakeFiles/hans_2.dir/Users/matthias/pico-sdk/lib/lwip/src/core/mem.c.obj
 .text.mem_to_ptr
                0x0000000010005ac8       0x10 CMakeFiles/hans_2.dir/Users/matthias/pico-sdk/lib/lwip/src/core/mem.c.obj
 .text.mem_link_valid
                0x0000000010005ad8       0x5c CMakeFiles/hans_2.dir/Users/matthias/pico-sdk/lib/lwip/src/core/mem.c.obj
 .text.plug_holes
                0x0000000010005b34       0xd4 CMakeFiles/hans_2.dir/Users/matthias/pico-sdk/lib/lwip/src/core/mem.c.obj
 .text.mem_init
                0x0000000010005c08       0x44 CMakeFiles/hans_2.dir/Users/matthias/pico-sdk/lib/lwip/src/core/mem.c.obj
                0x0000000010005c08                mem_init
 .text.mem_free
                0x0000000010005c4c       0x84 CMakeFiles/hans_2.dir/Users/matthias/pico-sdk/lib/lwip/src/core/mem.c.obj
                0x0000000010005c4c                mem_free
 .text.mem_trim
                0x0000000010005cd0      0x134 CMakeFiles/hans_2.dir/Users/matthias/pico-sdk/lib/lwip/src/core/mem.c.obj
                0x0000000010005cd0                mem_trim
 .text.mem_malloc
                0x0000000010005e04      0x134 CMakeFiles/hans_2.dir/Users/matthias/pico-sdk/lib/lwip/src/core/mem.c.obj
                0x0000000010005e04                mem_malloc
 .text.do_memp_malloc_pool
                0x0000000010005f38       0x30 CMakeFiles/hans_2.dir/Users/matthias/pico-sdk/lib/lwip/src/core/memp.c.obj
 .text.do_memp_free_pool
                0x0000000010005f68       0x28 CMakeFiles/hans_2.dir/Users/matthias/pico-sdk/lib/lwip/src/core/memp.c.obj
 .text.memp_init_pool
                0x0000000010005f90       0x2a CMakeFiles/hans_2.dir/Users/matthias/pico-sdk/lib/lwip/src/core/memp.c.obj
                0x0000000010005f90                memp_init_pool
 *fill*         0x0000000010005fba        0x2 
 .text.memp_init
                0x0000000010005fbc       0x20 CMakeFiles/hans_2.dir/Users/matthias/pico-sdk/lib/lwip/src/core/memp.c.obj
                0x0000000010005fbc                memp_init
 .text.memp_malloc
                0x0000000010005fdc       0x24 CMakeFiles/hans_2.dir/Users/matthias/pico-sdk/lib/lwip/src/core/memp.c.obj
                0x0000000010005fdc                memp_malloc
 .text.memp_free
                0x0000000010006000       0x28 CMakeFiles/hans_2.dir/Users/matthias/pico-sdk/lib/lwip/src/core/memp.c.obj
                0x0000000010006000                memp_free
 .text.netif_do_set_netmask
                0x0000000010006028       0x1a CMakeFiles/hans_2.dir/Users/matthias/pico-sdk/lib/lwip/src/core/netif.c.obj
 .text.netif_do_set_gw
                0x0000000010006042       0x1a CMakeFiles/hans_2.dir/Users/matthias/pico-sdk/lib/lwip/src/core/netif.c.obj
 .text.netif_null_output_ip4
                0x000000001000605c        0x6 CMakeFiles/hans_2.dir/Users/matthias/pico-sdk/lib/lwip/src/core/netif.c.obj
 .text.netif_do_ip_addr_changed
                0x0000000010006062       0x1c CMakeFiles/hans_2.dir/Users/matthias/pico-sdk/lib/lwip/src/core/netif.c.obj
 *fill*         0x000000001000607e        0x2 
 .text.netif_issue_reports
                0x0000000010006080       0x34 CMakeFiles/hans_2.dir/Users/matthias/pico-sdk/lib/lwip/src/core/netif.c.obj
 .text.netif_do_set_ipaddr
                0x00000000100060b4       0x54 CMakeFiles/hans_2.dir/Users/matthias/pico-sdk/lib/lwip/src/core/netif.c.obj
 .text.netif_init
                0x0000000010006108        0x2 CMakeFiles/hans_2.dir/Users/matthias/pico-sdk/lib/lwip/src/core/netif.c.obj
                0x0000000010006108                netif_init
 *fill*         0x000000001000610a        0x2 
 .text.netif_set_addr
                0x000000001000610c       0x78 CMakeFiles/hans_2.dir/Users/matthias/pico-sdk/lib/lwip/src/core/netif.c.obj
                0x000000001000610c                netif_set_addr
 .text.netif_add
                0x0000000010006184      0x124 CMakeFiles/hans_2.dir/Users/matthias/pico-sdk/lib/lwip/src/core/netif.c.obj
                0x0000000010006184                netif_add
 .text.netif_set_default
                0x00000000100062a8        0xc CMakeFiles/hans_2.dir/Users/matthias/pico-sdk/lib/lwip/src/core/netif.c.obj
                0x00000000100062a8                netif_set_default
 .text.netif_set_up
                0x00000000100062b4       0x34 CMakeFiles/hans_2.dir/Users/matthias/pico-sdk/lib/lwip/src/core/netif.c.obj
                0x00000000100062b4                netif_set_up
 .text.netif_set_down
                0x00000000100062e8       0x38 CMakeFiles/hans_2.dir/Users/matthias/pico-sdk/lib/lwip/src/core/netif.c.obj
                0x00000000100062e8                netif_set_down
 .text.netif_remove
                0x0000000010006320       0x64 CMakeFiles/hans_2.dir/Users/matthias/pico-sdk/lib/lwip/src/core/netif.c.obj
                0x0000000010006320                netif_remove
 .text.netif_set_link_up
                0x0000000010006384       0x3c CMakeFiles/hans_2.dir/Users/matthias/pico-sdk/lib/lwip/src/core/netif.c.obj
                0x0000000010006384                netif_set_link_up
 .text.netif_set_link_down
                0x00000000100063c0       0x2c CMakeFiles/hans_2.dir/Users/matthias/pico-sdk/lib/lwip/src/core/netif.c.obj
                0x00000000100063c0                netif_set_link_down
 .text.netif_get_by_index
                0x00000000100063ec       0x24 CMakeFiles/hans_2.dir/Users/matthias/pico-sdk/lib/lwip/src/core/netif.c.obj
                0x00000000100063ec                netif_get_by_index
 .text.pbuf_init_alloced_pbuf
                0x0000000010006410       0x20 CMakeFiles/hans_2.dir/Users/matthias/pico-sdk/lib/lwip/src/core/pbuf.c.obj
 .text.pbuf_skip_const
                0x0000000010006430       0x1a CMakeFiles/hans_2.dir/Users/matthias/pico-sdk/lib/lwip/src/core/pbuf.c.obj
 *fill*         0x000000001000644a        0x2 
 .text.pbuf_pool_is_empty
                0x000000001000644c       0x18 CMakeFiles/hans_2.dir/Users/matthias/pico-sdk/lib/lwip/src/core/pbuf.c.obj
 .text.pbuf_add_header_impl
                0x0000000010006464       0x68 CMakeFiles/hans_2.dir/Users/matthias/pico-sdk/lib/lwip/src/core/pbuf.c.obj
 .text.pbuf_free_ooseq
                0x00000000100064cc       0x30 CMakeFiles/hans_2.dir/Users/matthias/pico-sdk/lib/lwip/src/core/pbuf.c.obj
                0x00000000100064cc                pbuf_free_ooseq
 .text.pbuf_alloc_reference
                0x00000000100064fc       0x3c CMakeFiles/hans_2.dir/Users/matthias/pico-sdk/lib/lwip/src/core/pbuf.c.obj
                0x00000000100064fc                pbuf_alloc_reference
 .text.pbuf_add_header
                0x0000000010006538        0xa CMakeFiles/hans_2.dir/Users/matthias/pico-sdk/lib/lwip/src/core/pbuf.c.obj
                0x0000000010006538                pbuf_add_header
 *fill*         0x0000000010006542        0x2 
 .text.pbuf_remove_header
                0x0000000010006544       0x50 CMakeFiles/hans_2.dir/Users/matthias/pico-sdk/lib/lwip/src/core/pbuf.c.obj
                0x0000000010006544                pbuf_remove_header
 .text.pbuf_header_impl
                0x0000000010006594       0x14 CMakeFiles/hans_2.dir/Users/matthias/pico-sdk/lib/lwip/src/core/pbuf.c.obj
 .text.pbuf_header_force
                0x00000000100065a8        0xa CMakeFiles/hans_2.dir/Users/matthias/pico-sdk/lib/lwip/src/core/pbuf.c.obj
                0x00000000100065a8                pbuf_header_force
 *fill*         0x00000000100065b2        0x2 
 .text.pbuf_free
                0x00000000100065b4       0x7c CMakeFiles/hans_2.dir/Users/matthias/pico-sdk/lib/lwip/src/core/pbuf.c.obj
                0x00000000100065b4                pbuf_free
 .text.pbuf_alloc
                0x0000000010006630      0x148 CMakeFiles/hans_2.dir/Users/matthias/pico-sdk/lib/lwip/src/core/pbuf.c.obj
                0x0000000010006630                pbuf_alloc
 .text.pbuf_realloc
                0x0000000010006778       0x84 CMakeFiles/hans_2.dir/Users/matthias/pico-sdk/lib/lwip/src/core/pbuf.c.obj
                0x0000000010006778                pbuf_realloc
 .text.pbuf_clen
                0x00000000100067fc       0x12 CMakeFiles/hans_2.dir/Users/matthias/pico-sdk/lib/lwip/src/core/pbuf.c.obj
                0x00000000100067fc                pbuf_clen
 *fill*         0x000000001000680e        0x2 
 .text.pbuf_ref
                0x0000000010006810       0x28 CMakeFiles/hans_2.dir/Users/matthias/pico-sdk/lib/lwip/src/core/pbuf.c.obj
                0x0000000010006810                pbuf_ref
 .text.pbuf_cat
                0x0000000010006838       0x44 CMakeFiles/hans_2.dir/Users/matthias/pico-sdk/lib/lwip/src/core/pbuf.c.obj
                0x0000000010006838                pbuf_cat
 .text.pbuf_chain
                0x000000001000687c       0x10 CMakeFiles/hans_2.dir/Users/matthias/pico-sdk/lib/lwip/src/core/pbuf.c.obj
                0x000000001000687c                pbuf_chain
 .text.pbuf_copy_partial_pbuf
                0x000000001000688c      0x13c CMakeFiles/hans_2.dir/Users/matthias/pico-sdk/lib/lwip/src/core/pbuf.c.obj
                0x000000001000688c                pbuf_copy_partial_pbuf
 .text.pbuf_copy
                0x00000000100069c8       0x20 CMakeFiles/hans_2.dir/Users/matthias/pico-sdk/lib/lwip/src/core/pbuf.c.obj
                0x00000000100069c8                pbuf_copy
 .text.pbuf_copy_partial
                0x00000000100069e8       0x90 CMakeFiles/hans_2.dir/Users/matthias/pico-sdk/lib/lwip/src/core/pbuf.c.obj
                0x00000000100069e8                pbuf_copy_partial
 .text.pbuf_skip
                0x0000000010006a78        0x8 CMakeFiles/hans_2.dir/Users/matthias/pico-sdk/lib/lwip/src/core/pbuf.c.obj
                0x0000000010006a78                pbuf_skip
 .text.pbuf_take
                0x0000000010006a80       0x98 CMakeFiles/hans_2.dir/Users/matthias/pico-sdk/lib/lwip/src/core/pbuf.c.obj
                0x0000000010006a80                pbuf_take
 .text.pbuf_take_at
                0x0000000010006b18       0x70 CMakeFiles/hans_2.dir/Users/matthias/pico-sdk/lib/lwip/src/core/pbuf.c.obj
                0x0000000010006b18                pbuf_take_at
 .text.pbuf_clone
                0x0000000010006b88       0x2c CMakeFiles/hans_2.dir/Users/matthias/pico-sdk/lib/lwip/src/core/pbuf.c.obj
                0x0000000010006b88                pbuf_clone
 .text.pbuf_put_at
                0x0000000010006bb4       0x26 CMakeFiles/hans_2.dir/Users/matthias/pico-sdk/lib/lwip/src/core/pbuf.c.obj
                0x0000000010006bb4                pbuf_put_at
 *fill*         0x0000000010006bda        0x2 
 .text.raw_input_local_match
                0x0000000010006bdc       0x5c CMakeFiles/hans_2.dir/Users/matthias/pico-sdk/lib/lwip/src/core/raw.c.obj
 .text.raw_input
                0x0000000010006c38       0xb0 CMakeFiles/hans_2.dir/Users/matthias/pico-sdk/lib/lwip/src/core/raw.c.obj
                0x0000000010006c38                raw_input
 .text.raw_netif_ip_addr_changed
                0x0000000010006ce8       0x38 CMakeFiles/hans_2.dir/Users/matthias/pico-sdk/lib/lwip/src/core/raw.c.obj
                0x0000000010006ce8                raw_netif_ip_addr_changed
 .text.stats_init
                0x0000000010006d20        0x2 CMakeFiles/hans_2.dir/Users/matthias/pico-sdk/lib/lwip/src/core/stats.c.obj
                0x0000000010006d20                stats_init
 *fill*         0x0000000010006d22        0x2 
 .text.tcp_remove_listener
                0x0000000010006d24       0x24 CMakeFiles/hans_2.dir/Users/matthias/pico-sdk/lib/lwip/src/core/tcp.c.obj
 .text.tcp_listen_closed
                0x0000000010006d48       0x40 CMakeFiles/hans_2.dir/Users/matthias/pico-sdk/lib/lwip/src/core/tcp.c.obj
 .text.tcp_free_listen
                0x0000000010006d88       0x1c CMakeFiles/hans_2.dir/Users/matthias/pico-sdk/lib/lwip/src/core/tcp.c.obj
 .text.tcp_close_shutdown_fin
                0x0000000010006da4       0x68 CMakeFiles/hans_2.dir/Users/matthias/pico-sdk/lib/lwip/src/core/tcp.c.obj
 .text.tcp_handle_closepend
                0x0000000010006e0c       0x28 CMakeFiles/hans_2.dir/Users/matthias/pico-sdk/lib/lwip/src/core/tcp.c.obj
 .text.tcp_init
                0x0000000010006e34       0x20 CMakeFiles/hans_2.dir/Users/matthias/pico-sdk/lib/lwip/src/core/tcp.c.obj
                0x0000000010006e34                tcp_init
 .text.tcp_free
                0x0000000010006e54       0x1c CMakeFiles/hans_2.dir/Users/matthias/pico-sdk/lib/lwip/src/core/tcp.c.obj
                0x0000000010006e54                tcp_free
 .text.tcp_update_rcv_ann_wnd
                0x0000000010006e70       0x58 CMakeFiles/hans_2.dir/Users/matthias/pico-sdk/lib/lwip/src/core/tcp.c.obj
                0x0000000010006e70                tcp_update_rcv_ann_wnd
 .text.tcp_recved
                0x0000000010006ec8       0x60 CMakeFiles/hans_2.dir/Users/matthias/pico-sdk/lib/lwip/src/core/tcp.c.obj
                0x0000000010006ec8                tcp_recved
 .text.tcp_seg_free
                0x0000000010006f28       0x1a CMakeFiles/hans_2.dir/Users/matthias/pico-sdk/lib/lwip/src/core/tcp.c.obj
                0x0000000010006f28                tcp_seg_free
 .text.tcp_segs_free
                0x0000000010006f42       0x12 CMakeFiles/hans_2.dir/Users/matthias/pico-sdk/lib/lwip/src/core/tcp.c.obj
                0x0000000010006f42                tcp_segs_free
 .text.tcp_seg_copy
                0x0000000010006f54       0x2c CMakeFiles/hans_2.dir/Users/matthias/pico-sdk/lib/lwip/src/core/tcp.c.obj
                0x0000000010006f54                tcp_seg_copy
 .text.tcp_next_iss
                0x0000000010006f80       0x28 CMakeFiles/hans_2.dir/Users/matthias/pico-sdk/lib/lwip/src/core/tcp.c.obj
                0x0000000010006f80                tcp_next_iss
 .text.tcp_eff_send_mss_netif
                0x0000000010006fa8       0x34 CMakeFiles/hans_2.dir/Users/matthias/pico-sdk/lib/lwip/src/core/tcp.c.obj
                0x0000000010006fa8                tcp_eff_send_mss_netif
 .text.tcp_free_ooseq
                0x0000000010006fdc       0x14 CMakeFiles/hans_2.dir/Users/matthias/pico-sdk/lib/lwip/src/core/tcp.c.obj
                0x0000000010006fdc                tcp_free_ooseq
 .text.tcp_pcb_purge
                0x0000000010006ff0       0x58 CMakeFiles/hans_2.dir/Users/matthias/pico-sdk/lib/lwip/src/core/tcp.c.obj
                0x0000000010006ff0                tcp_pcb_purge
 .text.tcp_pcb_remove
                0x0000000010007048       0xa4 CMakeFiles/hans_2.dir/Users/matthias/pico-sdk/lib/lwip/src/core/tcp.c.obj
                0x0000000010007048                tcp_pcb_remove
 .text.tcp_abandon
                0x00000000100070ec      0x10c CMakeFiles/hans_2.dir/Users/matthias/pico-sdk/lib/lwip/src/core/tcp.c.obj
                0x00000000100070ec                tcp_abandon
 .text.tcp_abort
                0x00000000100071f8        0xa CMakeFiles/hans_2.dir/Users/matthias/pico-sdk/lib/lwip/src/core/tcp.c.obj
                0x00000000100071f8                tcp_abort
 *fill*         0x0000000010007202        0x2 
 .text.tcp_kill_timewait
                0x0000000010007204       0x38 CMakeFiles/hans_2.dir/Users/matthias/pico-sdk/lib/lwip/src/core/tcp.c.obj
 .text.tcp_kill_prio
                0x000000001000723c       0x58 CMakeFiles/hans_2.dir/Users/matthias/pico-sdk/lib/lwip/src/core/tcp.c.obj
 .text.tcp_netif_ip_addr_changed_pcblist
                0x0000000010007294       0x30 CMakeFiles/hans_2.dir/Users/matthias/pico-sdk/lib/lwip/src/core/tcp.c.obj
 .text.tcp_netif_ip_addr_changed
                0x00000000100072c4       0x54 CMakeFiles/hans_2.dir/Users/matthias/pico-sdk/lib/lwip/src/core/tcp.c.obj
                0x00000000100072c4                tcp_netif_ip_addr_changed
 .text.tcp_kill_state
                0x0000000010007318       0x54 CMakeFiles/hans_2.dir/Users/matthias/pico-sdk/lib/lwip/src/core/tcp.c.obj
 .text.tcp_alloc
                0x000000001000736c       0xcc CMakeFiles/hans_2.dir/Users/matthias/pico-sdk/lib/lwip/src/core/tcp.c.obj
                0x000000001000736c                tcp_alloc
 .text.tcp_close_shutdown
                0x0000000010007438      0x13c CMakeFiles/hans_2.dir/Users/matthias/pico-sdk/lib/lwip/src/core/tcp.c.obj
 .text.tcp_close
                0x0000000010007574       0x2c CMakeFiles/hans_2.dir/Users/matthias/pico-sdk/lib/lwip/src/core/tcp.c.obj
                0x0000000010007574                tcp_close
 .text.tcp_recv_null
                0x00000000100075a0       0x3c CMakeFiles/hans_2.dir/Users/matthias/pico-sdk/lib/lwip/src/core/tcp.c.obj
                0x00000000100075a0                tcp_recv_null
 .text.tcp_process_refused_data
                0x00000000100075dc       0x88 CMakeFiles/hans_2.dir/Users/matthias/pico-sdk/lib/lwip/src/core/tcp.c.obj
                0x00000000100075dc                tcp_process_refused_data
 .text.tcp_fasttmr
                0x0000000010007664       0x80 CMakeFiles/hans_2.dir/Users/matthias/pico-sdk/lib/lwip/src/core/tcp.c.obj
                0x0000000010007664                tcp_fasttmr
 .text.tcp_slowtmr
                0x00000000100076e4      0x44c CMakeFiles/hans_2.dir/Users/matthias/pico-sdk/lib/lwip/src/core/tcp.c.obj
                0x00000000100076e4                tcp_slowtmr
 .text.tcp_tmr  0x0000000010007b30       0x20 CMakeFiles/hans_2.dir/Users/matthias/pico-sdk/lib/lwip/src/core/tcp.c.obj
                0x0000000010007b30                tcp_tmr
 .text.tcp_get_next_optbyte
                0x0000000010007b50       0x40 CMakeFiles/hans_2.dir/Users/matthias/pico-sdk/lib/lwip/src/core/tcp_in.c.obj
 .text.tcp_parseopt
                0x0000000010007b90       0x9c CMakeFiles/hans_2.dir/Users/matthias/pico-sdk/lib/lwip/src/core/tcp_in.c.obj
 .text.tcp_input_delayed_close
                0x0000000010007c2c       0x4c CMakeFiles/hans_2.dir/Users/matthias/pico-sdk/lib/lwip/src/core/tcp_in.c.obj
 .text.tcp_timewait_input
                0x0000000010007c78       0xa0 CMakeFiles/hans_2.dir/Users/matthias/pico-sdk/lib/lwip/src/core/tcp_in.c.obj
 .text.tcp_listen_input
                0x0000000010007d18      0x15c CMakeFiles/hans_2.dir/Users/matthias/pico-sdk/lib/lwip/src/core/tcp_in.c.obj
 .text.tcp_free_acked_segments
                0x0000000010007e74       0xc0 CMakeFiles/hans_2.dir/Users/matthias/pico-sdk/lib/lwip/src/core/tcp_in.c.obj
 .text.tcp_oos_insert_segment
                0x0000000010007f34       0xd4 CMakeFiles/hans_2.dir/Users/matthias/pico-sdk/lib/lwip/src/core/tcp_in.c.obj
 .text.tcp_receive
                0x0000000010008008      0x9f0 CMakeFiles/hans_2.dir/Users/matthias/pico-sdk/lib/lwip/src/core/tcp_in.c.obj
 .text.tcp_process
                0x00000000100089f8      0x55c CMakeFiles/hans_2.dir/Users/matthias/pico-sdk/lib/lwip/src/core/tcp_in.c.obj
 .text.tcp_input
                0x0000000010008f54      0x674 CMakeFiles/hans_2.dir/Users/matthias/pico-sdk/lib/lwip/src/core/tcp_in.c.obj
                0x0000000010008f54                tcp_input
 .text.tcp_trigger_input_pcb_close
                0x00000000100095c8       0x10 CMakeFiles/hans_2.dir/Users/matthias/pico-sdk/lib/lwip/src/core/tcp_in.c.obj
                0x00000000100095c8                tcp_trigger_input_pcb_close
 .text.tcp_output_segment_busy
                0x00000000100095d8       0x20 CMakeFiles/hans_2.dir/Users/matthias/pico-sdk/lib/lwip/src/core/tcp_out.c.obj
 .text.tcp_output_fill_options
                0x00000000100095f8       0x30 CMakeFiles/hans_2.dir/Users/matthias/pico-sdk/lib/lwip/src/core/tcp_out.c.obj
 .text.tcp_create_segment
                0x0000000010009628       0xf4 CMakeFiles/hans_2.dir/Users/matthias/pico-sdk/lib/lwip/src/core/tcp_out.c.obj
 .text.tcp_output_alloc_header_common
                0x000000001000971c       0xd0 CMakeFiles/hans_2.dir/Users/matthias/pico-sdk/lib/lwip/src/core/tcp_out.c.obj
 .text.tcp_output_alloc_header
                0x00000000100097ec       0x3c CMakeFiles/hans_2.dir/Users/matthias/pico-sdk/lib/lwip/src/core/tcp_out.c.obj
 .text.tcp_rst_common
                0x0000000010009828       0x68 CMakeFiles/hans_2.dir/Users/matthias/pico-sdk/lib/lwip/src/core/tcp_out.c.obj
 .text.tcp_route
                0x0000000010009890       0x1a CMakeFiles/hans_2.dir/Users/matthias/pico-sdk/lib/lwip/src/core/tcp_out.c.obj
 *fill*         0x00000000100098aa        0x2 
 .text.tcp_output_segment
                0x00000000100098ac      0x168 CMakeFiles/hans_2.dir/Users/matthias/pico-sdk/lib/lwip/src/core/tcp_out.c.obj
 .text.tcp_output_control_segment_netif
                0x0000000010009a14       0x84 CMakeFiles/hans_2.dir/Users/matthias/pico-sdk/lib/lwip/src/core/tcp_out.c.obj
 .text.tcp_output_control_segment
                0x0000000010009a98       0x44 CMakeFiles/hans_2.dir/Users/matthias/pico-sdk/lib/lwip/src/core/tcp_out.c.obj
 .text.tcp_split_unsent_seg
                0x0000000010009adc      0x1f8 CMakeFiles/hans_2.dir/Users/matthias/pico-sdk/lib/lwip/src/core/tcp_out.c.obj
                0x0000000010009adc                tcp_split_unsent_seg
 .text.tcp_enqueue_flags
                0x0000000010009cd4      0x11c CMakeFiles/hans_2.dir/Users/matthias/pico-sdk/lib/lwip/src/core/tcp_out.c.obj
                0x0000000010009cd4                tcp_enqueue_flags
 .text.tcp_send_fin
                0x0000000010009df0       0x68 CMakeFiles/hans_2.dir/Users/matthias/pico-sdk/lib/lwip/src/core/tcp_out.c.obj
                0x0000000010009df0                tcp_send_fin
 .text.tcp_rexmit_rto_prepare
                0x0000000010009e58       0xac CMakeFiles/hans_2.dir/Users/matthias/pico-sdk/lib/lwip/src/core/tcp_out.c.obj
                0x0000000010009e58                tcp_rexmit_rto_prepare
 .text.tcp_rexmit
                0x0000000010009f04       0xa4 CMakeFiles/hans_2.dir/Users/matthias/pico-sdk/lib/lwip/src/core/tcp_out.c.obj
                0x0000000010009f04                tcp_rexmit
 .text.tcp_rexmit_fast
                0x0000000010009fa8       0x68 CMakeFiles/hans_2.dir/Users/matthias/pico-sdk/lib/lwip/src/core/tcp_out.c.obj
                0x0000000010009fa8                tcp_rexmit_fast
 .text.tcp_rst  0x000000001000a010       0x32 CMakeFiles/hans_2.dir/Users/matthias/pico-sdk/lib/lwip/src/core/tcp_out.c.obj
                0x000000001000a010                tcp_rst
 .text.tcp_rst_netif
                0x000000001000a042       0x38 CMakeFiles/hans_2.dir/Users/matthias/pico-sdk/lib/lwip/src/core/tcp_out.c.obj
                0x000000001000a042                tcp_rst_netif
 *fill*         0x000000001000a07a        0x2 
 .text.tcp_send_empty_ack
                0x000000001000a07c       0x64 CMakeFiles/hans_2.dir/Users/matthias/pico-sdk/lib/lwip/src/core/tcp_out.c.obj
                0x000000001000a07c                tcp_send_empty_ack
 .text.tcp_output
                0x000000001000a0e0      0x338 CMakeFiles/hans_2.dir/Users/matthias/pico-sdk/lib/lwip/src/core/tcp_out.c.obj
                0x000000001000a0e0                tcp_output
 .text.tcp_rexmit_rto_commit
                0x000000001000a418       0x24 CMakeFiles/hans_2.dir/Users/matthias/pico-sdk/lib/lwip/src/core/tcp_out.c.obj
                0x000000001000a418                tcp_rexmit_rto_commit
 .text.tcp_rexmit_rto
                0x000000001000a43c       0x24 CMakeFiles/hans_2.dir/Users/matthias/pico-sdk/lib/lwip/src/core/tcp_out.c.obj
                0x000000001000a43c                tcp_rexmit_rto
 .text.tcp_keepalive
                0x000000001000a460       0x48 CMakeFiles/hans_2.dir/Users/matthias/pico-sdk/lib/lwip/src/core/tcp_out.c.obj
                0x000000001000a460                tcp_keepalive
 .text.tcp_zero_window_probe
                0x000000001000a4a8      0x10c CMakeFiles/hans_2.dir/Users/matthias/pico-sdk/lib/lwip/src/core/tcp_out.c.obj
                0x000000001000a4a8                tcp_zero_window_probe
 .text.sys_timeout_abs
                0x000000001000a5b4       0x60 CMakeFiles/hans_2.dir/Users/matthias/pico-sdk/lib/lwip/src/core/timeouts.c.obj
 .text.lwip_cyclic_timer
                0x000000001000a614       0x38 CMakeFiles/hans_2.dir/Users/matthias/pico-sdk/lib/lwip/src/core/timeouts.c.obj
 .text.sys_timeout
                0x000000001000a64c       0x2c CMakeFiles/hans_2.dir/Users/matthias/pico-sdk/lib/lwip/src/core/timeouts.c.obj
                0x000000001000a64c                sys_timeout
 .text.tcp_timer_needed
                0x000000001000a678       0x40 CMakeFiles/hans_2.dir/Users/matthias/pico-sdk/lib/lwip/src/core/timeouts.c.obj
                0x000000001000a678                tcp_timer_needed
 .text.tcpip_tcp_timer
                0x000000001000a6b8       0x3c CMakeFiles/hans_2.dir/Users/matthias/pico-sdk/lib/lwip/src/core/timeouts.c.obj
 .text.sys_timeouts_init
                0x000000001000a6f4       0x24 CMakeFiles/hans_2.dir/Users/matthias/pico-sdk/lib/lwip/src/core/timeouts.c.obj
                0x000000001000a6f4                sys_timeouts_init
 .text.sys_check_timeouts
                0x000000001000a718       0x54 CMakeFiles/hans_2.dir/Users/matthias/pico-sdk/lib/lwip/src/core/timeouts.c.obj
                0x000000001000a718                sys_check_timeouts
 .text.sys_timeouts_sleeptime
                0x000000001000a76c       0x34 CMakeFiles/hans_2.dir/Users/matthias/pico-sdk/lib/lwip/src/core/timeouts.c.obj
                0x000000001000a76c                sys_timeouts_sleeptime
 .text.udp_new_port
                0x000000001000a7a0       0x54 CMakeFiles/hans_2.dir/Users/matthias/pico-sdk/lib/lwip/src/core/udp.c.obj
 .text.udp_input_local_match
                0x000000001000a7f4       0x90 CMakeFiles/hans_2.dir/Users/matthias/pico-sdk/lib/lwip/src/core/udp.c.obj
 .text.udp_init
                0x000000001000a884       0x20 CMakeFiles/hans_2.dir/Users/matthias/pico-sdk/lib/lwip/src/core/udp.c.obj
                0x000000001000a884                udp_init
 .text.udp_input
                0x000000001000a8a4      0x210 CMakeFiles/hans_2.dir/Users/matthias/pico-sdk/lib/lwip/src/core/udp.c.obj
                0x000000001000a8a4                udp_input
 .text.udp_bind
                0x000000001000aab4       0xbc CMakeFiles/hans_2.dir/Users/matthias/pico-sdk/lib/lwip/src/core/udp.c.obj
                0x000000001000aab4                udp_bind
 .text.udp_sendto_if_src
                0x000000001000ab70      0x17c CMakeFiles/hans_2.dir/Users/matthias/pico-sdk/lib/lwip/src/core/udp.c.obj
                0x000000001000ab70                udp_sendto_if_src
 .text.udp_sendto_if
                0x000000001000acec       0x84 CMakeFiles/hans_2.dir/Users/matthias/pico-sdk/lib/lwip/src/core/udp.c.obj
                0x000000001000acec                udp_sendto_if
 .text.udp_sendto
                0x000000001000ad70       0x84 CMakeFiles/hans_2.dir/Users/matthias/pico-sdk/lib/lwip/src/core/udp.c.obj
                0x000000001000ad70                udp_sendto
 .text.udp_connect
                0x000000001000adf4       0x74 CMakeFiles/hans_2.dir/Users/matthias/pico-sdk/lib/lwip/src/core/udp.c.obj
                0x000000001000adf4                udp_connect
 .text.udp_recv
                0x000000001000ae68       0x18 CMakeFiles/hans_2.dir/Users/matthias/pico-sdk/lib/lwip/src/core/udp.c.obj
                0x000000001000ae68                udp_recv
 .text.udp_remove
                0x000000001000ae80       0x44 CMakeFiles/hans_2.dir/Users/matthias/pico-sdk/lib/lwip/src/core/udp.c.obj
                0x000000001000ae80                udp_remove
 .text.udp_new  0x000000001000aec4       0x1c CMakeFiles/hans_2.dir/Users/matthias/pico-sdk/lib/lwip/src/core/udp.c.obj
                0x000000001000aec4                udp_new
 .text.udp_netif_ip_addr_changed
                0x000000001000aee0       0x38 CMakeFiles/hans_2.dir/Users/matthias/pico-sdk/lib/lwip/src/core/udp.c.obj
                0x000000001000aee0                udp_netif_ip_addr_changed
 .text.dhcp_set_state
                0x000000001000af18       0x10 CMakeFiles/hans_2.dir/Users/matthias/pico-sdk/lib/lwip/src/core/ipv4/dhcp.c.obj
 .text.dhcp_option_short
                0x000000001000af28       0x24 CMakeFiles/hans_2.dir/Users/matthias/pico-sdk/lib/lwip/src/core/ipv4/dhcp.c.obj
 .text.dhcp_option
                0x000000001000af4c       0x24 CMakeFiles/hans_2.dir/Users/matthias/pico-sdk/lib/lwip/src/core/ipv4/dhcp.c.obj
 .text.dhcp_option_byte
                0x000000001000af70       0x1c CMakeFiles/hans_2.dir/Users/matthias/pico-sdk/lib/lwip/src/core/ipv4/dhcp.c.obj
 .text.dhcp_option_long
                0x000000001000af8c       0x34 CMakeFiles/hans_2.dir/Users/matthias/pico-sdk/lib/lwip/src/core/ipv4/dhcp.c.obj
 .text.dhcp_create_msg
                0x000000001000afc0      0x138 CMakeFiles/hans_2.dir/Users/matthias/pico-sdk/lib/lwip/src/core/ipv4/dhcp.c.obj
 .text.dhcp_option_hostname
                0x000000001000b0f8       0x70 CMakeFiles/hans_2.dir/Users/matthias/pico-sdk/lib/lwip/src/core/ipv4/dhcp.c.obj
 .text.dhcp_option_trailer
                0x000000001000b168       0x30 CMakeFiles/hans_2.dir/Users/matthias/pico-sdk/lib/lwip/src/core/ipv4/dhcp.c.obj
 .text.dhcp_rebind
                0x000000001000b198       0xfc CMakeFiles/hans_2.dir/Users/matthias/pico-sdk/lib/lwip/src/core/ipv4/dhcp.c.obj
 .text.dhcp_t2_timeout
                0x000000001000b294       0x2e CMakeFiles/hans_2.dir/Users/matthias/pico-sdk/lib/lwip/src/core/ipv4/dhcp.c.obj
 *fill*         0x000000001000b2c2        0x2 
 .text.dhcp_reboot
                0x000000001000b2c4      0x120 CMakeFiles/hans_2.dir/Users/matthias/pico-sdk/lib/lwip/src/core/ipv4/dhcp.c.obj
 .text.dhcp_select
                0x000000001000b3e4      0x16c CMakeFiles/hans_2.dir/Users/matthias/pico-sdk/lib/lwip/src/core/ipv4/dhcp.c.obj
 .text.dhcp_handle_offer
                0x000000001000b550       0x48 CMakeFiles/hans_2.dir/Users/matthias/pico-sdk/lib/lwip/src/core/ipv4/dhcp.c.obj
 .text.dhcp_discover
                0x000000001000b598       0xf8 CMakeFiles/hans_2.dir/Users/matthias/pico-sdk/lib/lwip/src/core/ipv4/dhcp.c.obj
 .text.dhcp_dec_pcb_refcount
                0x000000001000b690       0x38 CMakeFiles/hans_2.dir/Users/matthias/pico-sdk/lib/lwip/src/core/ipv4/dhcp.c.obj
 .text.dhcp_inc_pcb_refcount
                0x000000001000b6c8       0x74 CMakeFiles/hans_2.dir/Users/matthias/pico-sdk/lib/lwip/src/core/ipv4/dhcp.c.obj
 .text.dhcp_parse_reply
                0x000000001000b73c      0x2fc CMakeFiles/hans_2.dir/Users/matthias/pico-sdk/lib/lwip/src/core/ipv4/dhcp.c.obj
 .text.dhcp_handle_ack
                0x000000001000ba38       0xd0 CMakeFiles/hans_2.dir/Users/matthias/pico-sdk/lib/lwip/src/core/ipv4/dhcp.c.obj
 .text.dhcp_bind
                0x000000001000bb08      0x104 CMakeFiles/hans_2.dir/Users/matthias/pico-sdk/lib/lwip/src/core/ipv4/dhcp.c.obj
 .text.dhcp_handle_nak
                0x000000001000bc0c       0x24 CMakeFiles/hans_2.dir/Users/matthias/pico-sdk/lib/lwip/src/core/ipv4/dhcp.c.obj
 .text.dhcp_recv
                0x000000001000bc30       0xf4 CMakeFiles/hans_2.dir/Users/matthias/pico-sdk/lib/lwip/src/core/ipv4/dhcp.c.obj
 .text.dhcp_set_struct
                0x000000001000bd24       0x44 CMakeFiles/hans_2.dir/Users/matthias/pico-sdk/lib/lwip/src/core/ipv4/dhcp.c.obj
                0x000000001000bd24                dhcp_set_struct
 .text.dhcp_network_changed_link_up
                0x000000001000bd68       0x40 CMakeFiles/hans_2.dir/Users/matthias/pico-sdk/lib/lwip/src/core/ipv4/dhcp.c.obj
                0x000000001000bd68                dhcp_network_changed_link_up
 .text.dhcp_renew
                0x000000001000bda8       0xf8 CMakeFiles/hans_2.dir/Users/matthias/pico-sdk/lib/lwip/src/core/ipv4/dhcp.c.obj
                0x000000001000bda8                dhcp_renew
 .text.dhcp_t1_timeout
                0x000000001000bea0       0x2a CMakeFiles/hans_2.dir/Users/matthias/pico-sdk/lib/lwip/src/core/ipv4/dhcp.c.obj
 .text.dhcp_supplied_address
                0x000000001000beca       0x32 CMakeFiles/hans_2.dir/Users/matthias/pico-sdk/lib/lwip/src/core/ipv4/dhcp.c.obj
                0x000000001000beca                dhcp_supplied_address
 .text.dhcp_release_and_stop
                0x000000001000befc       0xdc CMakeFiles/hans_2.dir/Users/matthias/pico-sdk/lib/lwip/src/core/ipv4/dhcp.c.obj
                0x000000001000befc                dhcp_release_and_stop
 .text.dhcp_start
                0x000000001000bfd8       0xac CMakeFiles/hans_2.dir/Users/matthias/pico-sdk/lib/lwip/src/core/ipv4/dhcp.c.obj
                0x000000001000bfd8                dhcp_start
 .text.dhcp_coarse_tmr
                0x000000001000c084       0x6c CMakeFiles/hans_2.dir/Users/matthias/pico-sdk/lib/lwip/src/core/ipv4/dhcp.c.obj
                0x000000001000c084                dhcp_coarse_tmr
 .text.dhcp_timeout
                0x000000001000c0f0       0x4a CMakeFiles/hans_2.dir/Users/matthias/pico-sdk/lib/lwip/src/core/ipv4/dhcp.c.obj
 *fill*         0x000000001000c13a        0x2 
 .text.dhcp_fine_tmr
                0x000000001000c13c       0x38 CMakeFiles/hans_2.dir/Users/matthias/pico-sdk/lib/lwip/src/core/ipv4/dhcp.c.obj
                0x000000001000c13c                dhcp_fine_tmr
 .text.dhcp_stop
                0x000000001000c174        0x8 CMakeFiles/hans_2.dir/Users/matthias/pico-sdk/lib/lwip/src/core/ipv4/dhcp.c.obj
                0x000000001000c174                dhcp_stop
 .text.etharp_free_entry
                0x000000001000c17c       0x4c CMakeFiles/hans_2.dir/Users/matthias/pico-sdk/lib/lwip/src/core/ipv4/etharp.c.obj
 .text.etharp_find_entry
                0x000000001000c1c8      0x1b0 CMakeFiles/hans_2.dir/Users/matthias/pico-sdk/lib/lwip/src/core/ipv4/etharp.c.obj
 .text.etharp_update_arp_entry
                0x000000001000c378       0xc8 CMakeFiles/hans_2.dir/Users/matthias/pico-sdk/lib/lwip/src/core/ipv4/etharp.c.obj
 .text.etharp_raw
                0x000000001000c440       0xf0 CMakeFiles/hans_2.dir/Users/matthias/pico-sdk/lib/lwip/src/core/ipv4/etharp.c.obj
 .text.etharp_request_dst
                0x000000001000c530       0x24 CMakeFiles/hans_2.dir/Users/matthias/pico-sdk/lib/lwip/src/core/ipv4/etharp.c.obj
 .text.etharp_cleanup_netif
                0x000000001000c554       0x3c CMakeFiles/hans_2.dir/Users/matthias/pico-sdk/lib/lwip/src/core/ipv4/etharp.c.obj
                0x000000001000c554                etharp_cleanup_netif
 .text.etharp_input
                0x000000001000c590      0x120 CMakeFiles/hans_2.dir/Users/matthias/pico-sdk/lib/lwip/src/core/ipv4/etharp.c.obj
                0x000000001000c590                etharp_input
 .text.etharp_request
                0x000000001000c6b0       0x10 CMakeFiles/hans_2.dir/Users/matthias/pico-sdk/lib/lwip/src/core/ipv4/etharp.c.obj
                0x000000001000c6b0                etharp_request
 .text.etharp_tmr
                0x000000001000c6c0       0x8c CMakeFiles/hans_2.dir/Users/matthias/pico-sdk/lib/lwip/src/core/ipv4/etharp.c.obj
                0x000000001000c6c0                etharp_tmr
 .text.etharp_output_to_arp_index
                0x000000001000c74c       0xc0 CMakeFiles/hans_2.dir/Users/matthias/pico-sdk/lib/lwip/src/core/ipv4/etharp.c.obj
 .text.etharp_query
                0x000000001000c80c      0x1d8 CMakeFiles/hans_2.dir/Users/matthias/pico-sdk/lib/lwip/src/core/ipv4/etharp.c.obj
                0x000000001000c80c                etharp_query
 .text.etharp_output
                0x000000001000c9e4      0x154 CMakeFiles/hans_2.dir/Users/matthias/pico-sdk/lib/lwip/src/core/ipv4/etharp.c.obj
                0x000000001000c9e4                etharp_output
 .text.icmp_send_response
                0x000000001000cb38       0xd4 CMakeFiles/hans_2.dir/Users/matthias/pico-sdk/lib/lwip/src/core/ipv4/icmp.c.obj
 .text.icmp_input
                0x000000001000cc0c      0x204 CMakeFiles/hans_2.dir/Users/matthias/pico-sdk/lib/lwip/src/core/ipv4/icmp.c.obj
                0x000000001000cc0c                icmp_input
 .text.icmp_dest_unreach
                0x000000001000ce10        0xc CMakeFiles/hans_2.dir/Users/matthias/pico-sdk/lib/lwip/src/core/ipv4/icmp.c.obj
                0x000000001000ce10                icmp_dest_unreach
 .text.icmp_time_exceeded
                0x000000001000ce1c        0xc CMakeFiles/hans_2.dir/Users/matthias/pico-sdk/lib/lwip/src/core/ipv4/icmp.c.obj
                0x000000001000ce1c                icmp_time_exceeded
 .text.ip_reass_dequeue_datagram
                0x000000001000ce28       0x34 CMakeFiles/hans_2.dir/Users/matthias/pico-sdk/lib/lwip/src/core/ipv4/ip4_frag.c.obj
 .text.ip_reass_free_complete_datagram
                0x000000001000ce5c       0xe8 CMakeFiles/hans_2.dir/Users/matthias/pico-sdk/lib/lwip/src/core/ipv4/ip4_frag.c.obj
 .text.ip_reass_remove_oldest_datagram
                0x000000001000cf44       0xc4 CMakeFiles/hans_2.dir/Users/matthias/pico-sdk/lib/lwip/src/core/ipv4/ip4_frag.c.obj
 .text.ip_reass_chain_frag_into_datagram_and_validate
                0x000000001000d008      0x27c CMakeFiles/hans_2.dir/Users/matthias/pico-sdk/lib/lwip/src/core/ipv4/ip4_frag.c.obj
 .text.ip_reass_enqueue_new_datagram
                0x000000001000d284       0x64 CMakeFiles/hans_2.dir/Users/matthias/pico-sdk/lib/lwip/src/core/ipv4/ip4_frag.c.obj
 .text.ip_reass_tmr
                0x000000001000d2e8       0x30 CMakeFiles/hans_2.dir/Users/matthias/pico-sdk/lib/lwip/src/core/ipv4/ip4_frag.c.obj
                0x000000001000d2e8                ip_reass_tmr
 .text.ip4_reass
                0x000000001000d318      0x284 CMakeFiles/hans_2.dir/Users/matthias/pico-sdk/lib/lwip/src/core/ipv4/ip4_frag.c.obj
                0x000000001000d318                ip4_reass
 .text.ip4_frag
                0x000000001000d59c      0x178 CMakeFiles/hans_2.dir/Users/matthias/pico-sdk/lib/lwip/src/core/ipv4/ip4_frag.c.obj
                0x000000001000d59c                ip4_frag
 .text.ip4_input_accept
                0x000000001000d714       0x38 CMakeFiles/hans_2.dir/Users/matthias/pico-sdk/lib/lwip/src/core/ipv4/ip4.c.obj
 .text.ip4_route
                0x000000001000d74c       0x7c CMakeFiles/hans_2.dir/Users/matthias/pico-sdk/lib/lwip/src/core/ipv4/ip4.c.obj
                0x000000001000d74c                ip4_route
 .text.ip4_input
                0x000000001000d7c8      0x2a0 CMakeFiles/hans_2.dir/Users/matthias/pico-sdk/lib/lwip/src/core/ipv4/ip4.c.obj
                0x000000001000d7c8                ip4_input
 .text.ip4_output_if_src
                0x000000001000da68      0x1c4 CMakeFiles/hans_2.dir/Users/matthias/pico-sdk/lib/lwip/src/core/ipv4/ip4.c.obj
                0x000000001000da68                ip4_output_if_src
 .text.ip4_output_if
                0x000000001000dc2c       0x2e CMakeFiles/hans_2.dir/Users/matthias/pico-sdk/lib/lwip/src/core/ipv4/ip4.c.obj
                0x000000001000dc2c                ip4_output_if
 .text.ip4_addr_isbroadcast_u32
                0x000000001000dc5a       0x42 CMakeFiles/hans_2.dir/Users/matthias/pico-sdk/lib/lwip/src/core/ipv4/ip4_addr.c.obj
                0x000000001000dc5a                ip4_addr_isbroadcast_u32
 .text.ethernet_input
                0x000000001000dc9c       0xe0 CMakeFiles/hans_2.dir/Users/matthias/pico-sdk/lib/lwip/src/netif/ethernet.c.obj
                0x000000001000dc9c                ethernet_input
 .text.ethernet_output
                0x000000001000dd7c       0x6c CMakeFiles/hans_2.dir/Users/matthias/pico-sdk/lib/lwip/src/netif/ethernet.c.obj
                0x000000001000dd7c                ethernet_output
 .text.cyw43_arch_set_async_context
                0x000000001000dde8        0xc CMakeFiles/hans_2.dir/Users/matthias/pico-sdk/src/rp2_common/pico_cyw43_arch/cyw43_arch.c.obj
                0x000000001000dde8                cyw43_arch_set_async_context
 .text.cyw43_arch_get_country_code
                0x000000001000ddf4        0xc CMakeFiles/hans_2.dir/Users/matthias/pico-sdk/src/rp2_common/pico_cyw43_arch/cyw43_arch.c.obj
                0x000000001000ddf4                cyw43_arch_get_country_code
 .text.cyw43_arch_enable_ap_mode
                0x000000001000de00       0xac CMakeFiles/hans_2.dir/Users/matthias/pico-sdk/src/rp2_common/pico_cyw43_arch/cyw43_arch.c.obj
                0x000000001000de00                cyw43_arch_enable_ap_mode
 .text.cyw43_arch_async_context
                0x000000001000deac        0xc CMakeFiles/hans_2.dir/Users/matthias/pico-sdk/src/rp2_common/pico_cyw43_arch/cyw43_arch.c.obj
                0x000000001000deac                cyw43_arch_async_context
 .text.cyw43_arch_init_default_async_context
                0x000000001000deb8       0x20 CMakeFiles/hans_2.dir/Users/matthias/pico-sdk/src/rp2_common/pico_cyw43_arch/cyw43_arch_threadsafe_background.c.obj
                0x000000001000deb8                cyw43_arch_init_default_async_context
 .text.cyw43_arch_deinit
                0x000000001000ded8       0x30 CMakeFiles/hans_2.dir/Users/matthias/pico-sdk/src/rp2_common/pico_cyw43_arch/cyw43_arch_threadsafe_background.c.obj
                0x000000001000ded8                cyw43_arch_deinit
 .text.cyw43_arch_init
                0x000000001000df08       0x42 CMakeFiles/hans_2.dir/Users/matthias/pico-sdk/src/rp2_common/pico_cyw43_arch/cyw43_arch_threadsafe_background.c.obj
                0x000000001000df08                cyw43_arch_init
 .text.cs_set   0x000000001000df4a       0x1c CMakeFiles/hans_2.dir/Users/matthias/pico-sdk/src/rp2_common/pico_cyw43_driver/cyw43_bus_pio_spi.c.obj
 .text.start_spi_comms
                0x000000001000df66       0x2a CMakeFiles/hans_2.dir/Users/matthias/pico-sdk/src/rp2_common/pico_cyw43_driver/cyw43_bus_pio_spi.c.obj
 .text.ns_delay
                0x000000001000df90       0x20 CMakeFiles/hans_2.dir/Users/matthias/pico-sdk/src/rp2_common/pico_cyw43_driver/cyw43_bus_pio_spi.c.obj
 .text.stop_spi_comms
                0x000000001000dfb0       0x10 CMakeFiles/hans_2.dir/Users/matthias/pico-sdk/src/rp2_common/pico_cyw43_driver/cyw43_bus_pio_spi.c.obj
 .text.cyw43_spi_deinit
                0x000000001000dfc0       0x64 CMakeFiles/hans_2.dir/Users/matthias/pico-sdk/src/rp2_common/pico_cyw43_driver/cyw43_bus_pio_spi.c.obj
                0x000000001000dfc0                cyw43_spi_deinit
 .text.cyw43_spi_init
                0x000000001000e024      0x284 CMakeFiles/hans_2.dir/Users/matthias/pico-sdk/src/rp2_common/pico_cyw43_driver/cyw43_bus_pio_spi.c.obj
                0x000000001000e024                cyw43_spi_init
 .text.cyw43_spi_transfer
                0x000000001000e2a8      0x6a4 CMakeFiles/hans_2.dir/Users/matthias/pico-sdk/src/rp2_common/pico_cyw43_driver/cyw43_bus_pio_spi.c.obj
                0x000000001000e2a8                cyw43_spi_transfer
 .text.cyw43_spi_gpio_setup
                0x000000001000e94c       0x3a CMakeFiles/hans_2.dir/Users/matthias/pico-sdk/src/rp2_common/pico_cyw43_driver/cyw43_bus_pio_spi.c.obj
                0x000000001000e94c                cyw43_spi_gpio_setup
 .text.cyw43_spi_reset
                0x000000001000e986       0x28 CMakeFiles/hans_2.dir/Users/matthias/pico-sdk/src/rp2_common/pico_cyw43_driver/cyw43_bus_pio_spi.c.obj
                0x000000001000e986                cyw43_spi_reset
 *fill*         0x000000001000e9ae        0x2 
 .text.read_reg_u32_swap
                0x000000001000e9b0       0x68 CMakeFiles/hans_2.dir/Users/matthias/pico-sdk/src/rp2_common/pico_cyw43_driver/cyw43_bus_pio_spi.c.obj
                0x000000001000e9b0                read_reg_u32_swap
 .text.cyw43_read_reg_u32
                0x000000001000ea18       0x50 CMakeFiles/hans_2.dir/Users/matthias/pico-sdk/src/rp2_common/pico_cyw43_driver/cyw43_bus_pio_spi.c.obj
                0x000000001000ea18                cyw43_read_reg_u32
 .text.cyw43_read_reg_u16
                0x000000001000ea68       0x50 CMakeFiles/hans_2.dir/Users/matthias/pico-sdk/src/rp2_common/pico_cyw43_driver/cyw43_bus_pio_spi.c.obj
                0x000000001000ea68                cyw43_read_reg_u16
 .text.cyw43_read_reg_u8
                0x000000001000eab8       0x50 CMakeFiles/hans_2.dir/Users/matthias/pico-sdk/src/rp2_common/pico_cyw43_driver/cyw43_bus_pio_spi.c.obj
                0x000000001000eab8                cyw43_read_reg_u8
 .text.write_reg_u32_swap
                0x000000001000eb08       0x34 CMakeFiles/hans_2.dir/Users/matthias/pico-sdk/src/rp2_common/pico_cyw43_driver/cyw43_bus_pio_spi.c.obj
                0x000000001000eb08                write_reg_u32_swap
 .text.cyw43_write_reg_u32
                0x000000001000eb3c       0x58 CMakeFiles/hans_2.dir/Users/matthias/pico-sdk/src/rp2_common/pico_cyw43_driver/cyw43_bus_pio_spi.c.obj
                0x000000001000eb3c                cyw43_write_reg_u32
 .text.cyw43_write_reg_u16
                0x000000001000eb94       0x58 CMakeFiles/hans_2.dir/Users/matthias/pico-sdk/src/rp2_common/pico_cyw43_driver/cyw43_bus_pio_spi.c.obj
                0x000000001000eb94                cyw43_write_reg_u16
 .text.cyw43_write_reg_u8
                0x000000001000ebec       0x58 CMakeFiles/hans_2.dir/Users/matthias/pico-sdk/src/rp2_common/pico_cyw43_driver/cyw43_bus_pio_spi.c.obj
                0x000000001000ebec                cyw43_write_reg_u8
 .text.cyw43_read_bytes
                0x000000001000ec44       0xfc CMakeFiles/hans_2.dir/Users/matthias/pico-sdk/src/rp2_common/pico_cyw43_driver/cyw43_bus_pio_spi.c.obj
                0x000000001000ec44                cyw43_read_bytes
 .text.cyw43_write_bytes
                0x000000001000ed40      0x134 CMakeFiles/hans_2.dir/Users/matthias/pico-sdk/src/rp2_common/pico_cyw43_driver/cyw43_bus_pio_spi.c.obj
                0x000000001000ed40                cyw43_write_bytes
 .text.get_core_address
                0x000000001000ee74       0x1c CMakeFiles/hans_2.dir/Users/matthias/pico-sdk/lib/cyw43-driver/src/cyw43_ll.c.obj
 .text.sdpcm_process_rx_packet
                0x000000001000ee90      0x180 CMakeFiles/hans_2.dir/Users/matthias/pico-sdk/lib/cyw43-driver/src/cyw43_ll.c.obj
 .text.cyw43_ll_wifi_parse_scan_result
                0x000000001000f010       0x9c CMakeFiles/hans_2.dir/Users/matthias/pico-sdk/lib/cyw43-driver/src/cyw43_ll.c.obj
 .text.cyw43_ll_parse_async_event
                0x000000001000f0ac       0x8e CMakeFiles/hans_2.dir/Users/matthias/pico-sdk/lib/cyw43-driver/src/cyw43_ll.c.obj
 *fill*         0x000000001000f13a        0x2 
 .text.cyw43_read_reg
                0x000000001000f13c       0x48 CMakeFiles/hans_2.dir/Users/matthias/pico-sdk/lib/cyw43-driver/src/cyw43_ll.c.obj
 .text.cyw43_kso_set
                0x000000001000f184       0x98 CMakeFiles/hans_2.dir/Users/matthias/pico-sdk/lib/cyw43-driver/src/cyw43_ll.c.obj