Archive member included to satisfy reference by file (symbol)

/usr/local/Cellar/arm-none-eabi-gcc/10.3-2021.07/gcc/bin/../lib/gcc/arm-none-eabi/10.3.1/thumb/v6-m/nofp/libgcc.a(_dvmd_tls.o)
                              CMakeFiles/hans_2.dir/Users/matthias/pico-sdk/src/rp2_common/pico_divider/divider.S.obj (__aeabi_idiv0)
/usr/local/Cellar/arm-none-eabi-gcc/10.3-2021.07/gcc/bin/../lib/gcc/arm-none-eabi/10.3.1/../../../../arm-none-eabi/lib/thumb/v6-m/nofp/libg.a(lib_a-atoi.o)
                              CMakeFiles/hans_2.dir/main.c.obj (atoi)
/usr/local/Cellar/arm-none-eabi-gcc/10.3-2021.07/gcc/bin/../lib/gcc/arm-none-eabi/10.3.1/../../../../arm-none-eabi/lib/thumb/v6-m/nofp/libg.a(lib_a-calloc.o)
                              CMakeFiles/hans_2.dir/Users/matthias/pico-sdk/src/rp2_common/pico_malloc/pico_malloc.c.obj (calloc)
/usr/local/Cellar/arm-none-eabi-gcc/10.3-2021.07/gcc/bin/../lib/gcc/arm-none-eabi/10.3.1/../../../../arm-none-eabi/lib/thumb/v6-m/nofp/libg.a(lib_a-callocr.o)
                              /usr/local/Cellar/arm-none-eabi-gcc/10.3-2021.07/gcc/bin/../lib/gcc/arm-none-eabi/10.3.1/../../../../arm-none-eabi/lib/thumb/v6-m/nofp/libg.a(lib_a-calloc.o) (_calloc_r)
/usr/local/Cellar/arm-none-eabi-gcc/10.3-2021.07/gcc/bin/../lib/gcc/arm-none-eabi/10.3.1/../../../../arm-none-eabi/lib/thumb/v6-m/nofp/libg.a(lib_a-ctype_.o)
                              CMakeFiles/hans_2.dir/Users/matthias/pico-sdk/lib/lwip/src/core/dns.c.obj (_ctype_)
/usr/local/Cellar/arm-none-eabi-gcc/10.3-2021.07/gcc/bin/../lib/gcc/arm-none-eabi/10.3.1/../../../../arm-none-eabi/lib/thumb/v6-m/nofp/libg.a(lib_a-errno.o)
                              /usr/local/Cellar/arm-none-eabi-gcc/10.3-2021.07/gcc/bin/../lib/gcc/arm-none-eabi/10.3.1/../../../../arm-none-eabi/lib/thumb/v6-m/nofp/libg.a(lib_a-callocr.o) (__errno)
/usr/local/Cellar/arm-none-eabi-gcc/10.3-2021.07/gcc/bin/../lib/gcc/arm-none-eabi/10.3.1/../../../../arm-none-eabi/lib/thumb/v6-m/nofp/libg.a(lib_a-impure.o)
                              /usr/local/Cellar/arm-none-eabi-gcc/10.3-2021.07/gcc/bin/../lib/gcc/arm-none-eabi/10.3.1/../../../../arm-none-eabi/lib/thumb/v6-m/nofp/libg.a(lib_a-calloc.o) (_impure_ptr)
/usr/local/Cellar/arm-none-eabi-gcc/10.3-2021.07/gcc/bin/../lib/gcc/arm-none-eabi/10.3.1/../../../../arm-none-eabi/lib/thumb/v6-m/nofp/libg.a(lib_a-init.o)
                              /usr/local/Cellar/arm-none-eabi-gcc/10.3-2021.07/gcc/bin/../lib/gcc/arm-none-eabi/10.3.1/../../../../arm-none-eabi/lib/thumb/v6-m/nofp/crt0.o (__libc_init_array)
/usr/local/Cellar/arm-none-eabi-gcc/10.3-2021.07/gcc/bin/../lib/gcc/arm-none-eabi/10.3.1/../../../../arm-none-eabi/lib/thumb/v6-m/nofp/libg.a(lib_a-malloc.o)
                              CMakeFiles/hans_2.dir/Users/matthias/pico-sdk/src/rp2_common/pico_malloc/pico_malloc.c.obj (malloc)
/usr/local/Cellar/arm-none-eabi-gcc/10.3-2021.07/gcc/bin/../lib/gcc/arm-none-eabi/10.3.1/../../../../arm-none-eabi/lib/thumb/v6-m/nofp/libg.a(lib_a-mallocr.o)
                              /usr/local/Cellar/arm-none-eabi-gcc/10.3-2021.07/gcc/bin/../lib/gcc/arm-none-eabi/10.3.1/../../../../arm-none-eabi/lib/thumb/v6-m/nofp/libg.a(lib_a-callocr.o) (_malloc_r)
/usr/local/Cellar/arm-none-eabi-gcc/10.3-2021.07/gcc/bin/../lib/gcc/arm-none-eabi/10.3.1/../../../../arm-none-eabi/lib/thumb/v6-m/nofp/libg.a(lib_a-memcmp.o)
                              CMakeFiles/hans_2.dir/dhcpserver/dhcpserver.c.obj (memcmp)
/usr/local/Cellar/arm-none-eabi-gcc/10.3-2021.07/gcc/bin/../lib/gcc/arm-none-eabi/10.3.1/../../../../arm-none-eabi/lib/thumb/v6-m/nofp/libg.a(lib_a-memmove.o)
                              CMakeFiles/hans_2.dir/Users/matthias/pico-sdk/lib/lwip/src/core/def.c.obj (memmove)
/usr/local/Cellar/arm-none-eabi-gcc/10.3-2021.07/gcc/bin/../lib/gcc/arm-none-eabi/10.3.1/../../../../arm-none-eabi/lib/thumb/v6-m/nofp/libg.a(lib_a-mlock.o)
                              /usr/local/Cellar/arm-none-eabi-gcc/10.3-2021.07/gcc/bin/../lib/gcc/arm-none-eabi/10.3.1/../../../../arm-none-eabi/lib/thumb/v6-m/nofp/libg.a(lib_a-mallocr.o) (__malloc_lock)
/usr/local/Cellar/arm-none-eabi-gcc/10.3-2021.07/gcc/bin/../lib/gcc/arm-none-eabi/10.3.1/../../../../arm-none-eabi/lib/thumb/v6-m/nofp/libg.a(lib_a-realloc.o)
                              CMakeFiles/hans_2.dir/Users/matthias/pico-sdk/src/rp2_common/pico_malloc/pico_malloc.c.obj (realloc)
/usr/local/Cellar/arm-none-eabi-gcc/10.3-2021.07/gcc/bin/../lib/gcc/arm-none-eabi/10.3.1/../../../../arm-none-eabi/lib/thumb/v6-m/nofp/libg.a(lib_a-reallocr.o)
                              /usr/local/Cellar/arm-none-eabi-gcc/10.3-2021.07/gcc/bin/../lib/gcc/arm-none-eabi/10.3.1/../../../../arm-none-eabi/lib/thumb/v6-m/nofp/libg.a(lib_a-realloc.o) (_realloc_r)
/usr/local/Cellar/arm-none-eabi-gcc/10.3-2021.07/gcc/bin/../lib/gcc/arm-none-eabi/10.3.1/../../../../arm-none-eabi/lib/thumb/v6-m/nofp/libg.a(lib_a-sbrkr.o)
[...]
Memory Configuration

Name             Origin             Length             Attributes
FLASH            0x0000000010000000 0x0000000000200000 xr
RAM              0x0000000020000000 0x0000000000040000 xrw
SCRATCH_X        0x0000000020040000 0x0000000000001000 xrw
SCRATCH_Y        0x0000000020041000 0x0000000000001000 xrw
*default*        0x0000000000000000 0xffffffffffffffff

Linker script and memory map

LOAD /usr/local/Cellar/arm-none-eabi-gcc/10.3-2021.07/gcc/bin/../lib/gcc/arm-none-eabi/10.3.1/thumb/v6-m/nofp/crti.o
LOAD /usr/local/Cellar/arm-none-eabi-gcc/10.3-2021.07/gcc/bin/../lib/gcc/arm-none-eabi/10.3.1/thumb/v6-m/nofp/crtbegin.o
LOAD /usr/local/Cellar/arm-none-eabi-gcc/10.3-2021.07/gcc/bin/../lib/gcc/arm-none-eabi/10.3.1/../../../../arm-none-eabi/lib/thumb/v6-m/nofp/crt0.o

.flash_begin    0x0000000010000000        0x0
                0x0000000010000000                __flash_binary_start = .

.boot2          0x0000000010000000      0x100
                0x0000000010000000                __boot2_start__ = .
 *(.boot2)
 .boot2         0x0000000010000000      0x100 /var/folders/cp/1rj8rlv11qb0v2srv_zph7mr0000gn/T//ccpSG5zG.o
                0x0000000010000100                __boot2_end__ = .
                0x0000000000000001                ASSERT (((__boot2_end__ - __boot2_start__) == 0x100), ERROR: Pico second stage bootloader must be 256 bytes in size)

.text           0x0000000010000100    0x12068
                0x0000000010000100                __logical_binary_start = .
 *(.vectors)
 .vectors       0x0000000010000100       0xd4 CMakeFiles/hans_2.dir/Users/matthias/pico-sdk/src/rp2_common/pico_standard_link/crt0.S.obj
                0x0000000010000100                __VECTOR_TABLE
                0x0000000010000100                __vectors
                0x00000000100001c0                __default_isrs_start
                0x00000000100001c0                isr_invalid
                0x00000000100001c2                isr_nmi
                0x00000000100001c4                isr_hardfault
                0x00000000100001c6                isr_svcall
                0x00000000100001c8                isr_pendsv
                0x00000000100001ca                isr_systick
                0x00000000100001cc                isr_irq28
                0x00000000100001cc                isr_irq19
                0x00000000100001cc                isr_irq0
                0x00000000100001cc                isr_irq6
                0x00000000100001cc                isr_irq22
                0x00000000100001cc                isr_irq17
                0x00000000100001cc                isr_irq14
                0x00000000100001cc                isr_irq2
                0x00000000100001cc                isr_irq10
                0x00000000100001cc                isr_irq8
                0x00000000100001cc                isr_irq24
                0x00000000100001cc                isr_irq1
                0x00000000100001cc                isr_irq7
                0x00000000100001cc                isr_irq21
                0x00000000100001cc                isr_irq20
                0x00000000100001cc                isr_irq15
                0x00000000100001cc                isr_irq25
                0x00000000100001cc                isr_irq4
                0x00000000100001cc                isr_irq16
                0x00000000100001cc                isr_irq29
                0x00000000100001cc                isr_irq26
                0x00000000100001cc                __default_isrs_end
                0x00000000100001cc                isr_irq3
                0x00000000100001cc                isr_irq9
                0x00000000100001cc                __unhandled_user_irq
                0x00000000100001cc                isr_irq13
                0x00000000100001cc                isr_irq27
                0x00000000100001cc                isr_irq31
                0x00000000100001cc                isr_irq5
                0x00000000100001cc                isr_irq11
                0x00000000100001cc                isr_irq23
                0x00000000100001cc                isr_irq18
                0x00000000100001cc                isr_irq30
                0x00000000100001cc                isr_irq12
                0x00000000100001d2                unhandled_user_irq_num_in_r0
 *(.binary_info_header)
 .binary_info_header
                0x00000000100001d4       0x14 CMakeFiles/hans_2.dir/Users/matthias/pico-sdk/src/rp2_common/pico_standard_link/crt0.S.obj
                0x00000000100001e8                __binary_info_header_end = .
 *(.reset)
 .reset         0x00000000100001e8       0xa0 CMakeFiles/hans_2.dir/Users/matthias/pico-sdk/src/rp2_common/pico_standard_link/crt0.S.obj
                0x00000000100001e8                _entry_point
 .reset         0x0000000010000288       0x30 CMakeFiles/hans_2.dir/Users/matthias/pico-sdk/src/rp2_common/pico_standard_link/binary_info.c.obj
 *(.init)
 .init          0x00000000100002b8        0x4 /usr/local/Cellar/arm-none-eabi-gcc/10.3-2021.07/gcc/bin/../lib/gcc/arm-none-eabi/10.3.1/thumb/v6-m/nofp/crti.o
                0x00000000100002b8                _init
 *(EXCLUDE_FILE(*libm.a: *libc.a:*lib_a-mem*.o *libgcc.a:) .text*)
 .text          0x00000000100002bc       0x48 /usr/local/Cellar/arm-none-eabi-gcc/10.3-2021.07/gcc/bin/../lib/gcc/arm-none-eabi/10.3.1/thumb/v6-m/nofp/crtbegin.o
 .text.retrieve_module
                0x0000000010000304       0x4c CMakeFiles/hans_2.dir/main.c.obj
                0x0000000010000304                retrieve_module
 .text.retrieve_cmd
                0x0000000010000350       0x32 CMakeFiles/hans_2.dir/main.c.obj
                0x0000000010000350                retrieve_cmd
 *fill*         0x0000000010000382        0x2 
 .text.retrieve_module_address
                0x0000000010000384       0x70 CMakeFiles/hans_2.dir/main.c.obj
                0x0000000010000384                retrieve_module_address
 .text.parseData
                0x00000000100003f4      0x178 CMakeFiles/hans_2.dir/main.c.obj
                0x00000000100003f4                parseData
 .text.udp_server_recv
                0x000000001000056c       0x12 CMakeFiles/hans_2.dir/main.c.obj
 *fill*         0x000000001000057e        0x2 
 .text.main     0x0000000010000580       0x98 CMakeFiles/hans_2.dir/main.c.obj
                0x0000000010000580                main
 .text.opt_find
                0x0000000010000618       0x30 CMakeFiles/hans_2.dir/dhcpserver/dhcpserver.c.obj
 .text.opt_write_u8
                0x0000000010000648       0x10 CMakeFiles/hans_2.dir/dhcpserver/dhcpserver.c.obj
 .text.opt_write_u32
                0x0000000010000658       0x1c CMakeFiles/hans_2.dir/dhcpserver/dhcpserver.c.obj
 .text.opt_write_n
                0x0000000010000674       0x1e CMakeFiles/hans_2.dir/dhcpserver/dhcpserver.c.obj
 *fill*         0x0000000010000692        0x2 
 .text.dhcp_socket_sendto
                0x0000000010000694       0x8c CMakeFiles/hans_2.dir/dhcpserver/dhcpserver.c.obj
 .text.dhcp_socket_new_dgram
                0x0000000010000720       0x24 CMakeFiles/hans_2.dir/dhcpserver/dhcpserver.c.obj
 .text.dhcp_socket_bind
                0x0000000010000744       0x14 CMakeFiles/hans_2.dir/dhcpserver/dhcpserver.c.obj
 .text.dhcp_server_process
                0x0000000010000758      0x270 CMakeFiles/hans_2.dir/dhcpserver/dhcpserver.c.obj
 .text.dhcp_server_init
                0x00000000100009c8       0x38 CMakeFiles/hans_2.dir/dhcpserver/dhcpserver.c.obj
                0x00000000100009c8                dhcp_server_init
 .text.gpio_set_function
                0x0000000010000a00       0x30 CMakeFiles/hans_2.dir/Users/matthias/pico-sdk/src/rp2_common/hardware_gpio/gpio.c.obj
                0x0000000010000a00                gpio_set_function
 .text.gpio_set_pulls
                0x0000000010000a30       0x34 CMakeFiles/hans_2.dir/Users/matthias/pico-sdk/src/rp2_common/hardware_gpio/gpio.c.obj
                0x0000000010000a30                gpio_set_pulls
 .text.gpio_set_input_hysteresis_enabled
                0x0000000010000a64       0x30 CMakeFiles/hans_2.dir/Users/matthias/pico-sdk/src/rp2_common/hardware_gpio/gpio.c.obj
                0x0000000010000a64                gpio_set_input_hysteresis_enabled
 .text.gpio_add_raw_irq_handler_with_order_priority_masked
                0x0000000010000a94       0x40 CMakeFiles/hans_2.dir/Users/matthias/pico-sdk/src/rp2_common/hardware_gpio/gpio.c.obj
                0x0000000010000a94                gpio_add_raw_irq_handler_with_order_priority_masked
 .text.gpio_remove_raw_irq_handler_masked
                0x0000000010000ad4       0x48 CMakeFiles/hans_2.dir/Users/matthias/pico-sdk/src/rp2_common/hardware_gpio/gpio.c.obj
                0x0000000010000ad4                gpio_remove_raw_irq_handler_masked
 .text.gpio_acknowledge_irq
                0x0000000010000b1c       0x18 CMakeFiles/hans_2.dir/Users/matthias/pico-sdk/src/rp2_common/hardware_gpio/gpio.c.obj
                0x0000000010000b1c                gpio_acknowledge_irq
 .text._gpio_set_irq_enabled
                0x0000000010000b34       0x34 CMakeFiles/hans_2.dir/Users/matthias/pico-sdk/src/rp2_common/hardware_gpio/gpio.c.obj
 .text.gpio_set_irq_enabled
                0x0000000010000b68       0x20 CMakeFiles/hans_2.dir/Users/matthias/pico-sdk/src/rp2_common/hardware_gpio/gpio.c.obj
                0x0000000010000b68                gpio_set_irq_enabled
 .text.gpio_init
                0x0000000010000b88       0x16 CMakeFiles/hans_2.dir/Users/matthias/pico-sdk/src/rp2_common/hardware_gpio/gpio.c.obj
                0x0000000010000b88                gpio_init
 *fill*         0x0000000010000b9e        0x2 
 .text.running_on_fpga
                0x0000000010000ba0       0x14 CMakeFiles/hans_2.dir/Users/matthias/pico-sdk/src/rp2_common/pico_platform/platform.c.obj
                0x0000000010000ba0                running_on_fpga
 .text.hw_claim_lock
                0x0000000010000bb4       0x18 CMakeFiles/hans_2.dir/Users/matthias/pico-sdk/src/rp2_common/hardware_claim/claim.c.obj
                0x0000000010000bb4                hw_claim_lock
 .text.hw_claim_unlock
                0x0000000010000bcc       0x14 CMakeFiles/hans_2.dir/Users/matthias/pico-sdk/src/rp2_common/hardware_claim/claim.c.obj
                0x0000000010000bcc                hw_claim_unlock
 .text.hw_claim_or_assert
                0x0000000010000be0       0x32 CMakeFiles/hans_2.dir/Users/matthias/pico-sdk/src/rp2_common/hardware_claim/claim.c.obj
                0x0000000010000be0                hw_claim_or_assert
 .text.hw_claim_unused_from_range
                0x0000000010000c12       0x50 CMakeFiles/hans_2.dir/Users/matthias/pico-sdk/src/rp2_common/hardware_claim/claim.c.obj
                0x0000000010000c12                hw_claim_unused_from_range
 *fill*         0x0000000010000c62        0x2 
 .text.hw_claim_clear
                0x0000000010000c64       0x40 CMakeFiles/hans_2.dir/Users/matthias/pico-sdk/src/rp2_common/hardware_claim/claim.c.obj
                0x0000000010000c64                hw_claim_clear
 .text.spin_locks_reset
                0x0000000010000ca4       0x20 CMakeFiles/hans_2.dir/Users/matthias/pico-sdk/src/rp2_common/hardware_sync/sync.c.obj
                0x0000000010000ca4                spin_locks_reset
 .text.next_striped_spin_lock_num
                0x0000000010000cc4       0x1c CMakeFiles/hans_2.dir/Users/matthias/pico-sdk/src/rp2_common/hardware_sync/sync.c.obj
                0x0000000010000cc4                next_striped_spin_lock_num
 .text.set_raw_irq_handler_and_unlock
                0x0000000010000ce0       0x28 CMakeFiles/hans_2.dir/Users/matthias/pico-sdk/src/rp2_common/hardware_irq/irq.c.obj
 .text.get_user_irq_claim_index
                0x0000000010000d08        0x6 CMakeFiles/hans_2.dir/Users/matthias/pico-sdk/src/rp2_common/hardware_irq/irq.c.obj
 *fill*         0x0000000010000d0e        0x2 
 .text.make_branch
                0x0000000010000d10       0x48 CMakeFiles/hans_2.dir/Users/matthias/pico-sdk/src/rp2_common/hardware_irq/irq.c.obj
 .text.insert_branch_and_link
                0x0000000010000d58       0x40 CMakeFiles/hans_2.dir/Users/matthias/pico-sdk/src/rp2_common/hardware_irq/irq.c.obj
 .text.irq_is_enabled
                0x0000000010000d98       0x18 CMakeFiles/hans_2.dir/Users/matthias/pico-sdk/src/rp2_common/hardware_irq/irq.c.obj
                0x0000000010000d98                irq_is_enabled
 .text.irq_set_mask_enabled
                0x0000000010000db0       0x20 CMakeFiles/hans_2.dir/Users/matthias/pico-sdk/src/rp2_common/hardware_irq/irq.c.obj
                0x0000000010000db0                irq_set_mask_enabled
 .text.irq_set_enabled
                0x0000000010000dd0        0xe CMakeFiles/hans_2.dir/Users/matthias/pico-sdk/src/rp2_common/hardware_irq/irq.c.obj
                0x0000000010000dd0                irq_set_enabled
 *fill*         0x0000000010000dde        0x2 
 .text.irq_set_pending
                0x0000000010000de0       0x10 CMakeFiles/hans_2.dir/Users/matthias/pico-sdk/src/rp2_common/hardware_irq/irq.c.obj
                0x0000000010000de0                irq_set_pending
 .text.irq_get_vtable_handler
                0x0000000010000df0       0x10 CMakeFiles/hans_2.dir/Users/matthias/pico-sdk/src/rp2_common/hardware_irq/irq.c.obj
                0x0000000010000df0                irq_get_vtable_handler
 .text.irq_set_exclusive_handler
                0x0000000010000e00       0x54 CMakeFiles/hans_2.dir/Users/matthias/pico-sdk/src/rp2_common/hardware_irq/irq.c.obj
                0x0000000010000e00                irq_set_exclusive_handler
 .text.irq_add_shared_handler
                0x0000000010000e54      0x234 CMakeFiles/hans_2.dir/Users/matthias/pico-sdk/src/rp2_common/hardware_irq/irq.c.obj
                0x0000000010000e54                irq_add_shared_handler
 .text.irq_remove_handler
                0x0000000010001088      0x1ac CMakeFiles/hans_2.dir/Users/matthias/pico-sdk/src/rp2_common/hardware_irq/irq.c.obj
                0x0000000010001088                irq_remove_handler
 .text.irq_set_priority
                0x0000000010001234       0x28 CMakeFiles/hans_2.dir/Users/matthias/pico-sdk/src/rp2_common/hardware_irq/irq.c.obj
                0x0000000010001234                irq_set_priority
 .text.irq_add_tail_to_free_list
                0x000000001000125c       0xf0 CMakeFiles/hans_2.dir/Users/matthias/pico-sdk/src/rp2_common/hardware_irq/irq.c.obj
                0x000000001000125c                irq_add_tail_to_free_list
 .text.irq_init_priorities
                0x000000001000134c       0x1c CMakeFiles/hans_2.dir/Users/matthias/pico-sdk/src/rp2_common/hardware_irq/irq.c.obj
                0x000000001000134c                irq_init_priorities
 .text.user_irq_unclaim
                0x0000000010001368       0x14 CMakeFiles/hans_2.dir/Users/matthias/pico-sdk/src/rp2_common/hardware_irq/irq.c.obj
                0x0000000010001368                user_irq_unclaim
 .text.user_irq_claim_unused
                0x000000001000137c       0x28 CMakeFiles/hans_2.dir/Users/matthias/pico-sdk/src/rp2_common/hardware_irq/irq.c.obj
                0x000000001000137c                user_irq_claim_unused
 .text.sem_init
                0x00000000100013a4       0x1e CMakeFiles/hans_2.dir/Users/matthias/pico-sdk/src/common/pico_sync/sem.c.obj
                0x00000000100013a4                sem_init
 *fill*         0x00000000100013c2        0x2 
 .text.lock_init
                0x00000000100013c4       0x10 CMakeFiles/hans_2.dir/Users/matthias/pico-sdk/src/common/pico_sync/lock_core.c.obj
                0x00000000100013c4                lock_init
 .text.mutex_init
                0x00000000100013d4       0x1a CMakeFiles/hans_2.dir/Users/matthias/pico-sdk/src/common/pico_sync/mutex.c.obj
                0x00000000100013d4                mutex_init
 .text.recursive_mutex_init
                0x00000000100013ee       0x1e CMakeFiles/hans_2.dir/Users/matthias/pico-sdk/src/common/pico_sync/mutex.c.obj
                0x00000000100013ee                recursive_mutex_init
 .text.alarm_pool_post_alloc_init
                0x000000001000140c       0x40 CMakeFiles/hans_2.dir/Users/matthias/pico-sdk/src/common/pico_time/time.c.obj
 .text.sleep_until_callback
                0x000000001000144c       0x30 CMakeFiles/hans_2.dir/Users/matthias/pico-sdk/src/common/pico_time/time.c.obj
 .text.timer_pool_entry_comparator
                0x000000001000147c       0x7c CMakeFiles/hans_2.dir/Users/matthias/pico-sdk/src/common/pico_time/time.c.obj
                0x000000001000147c                timer_pool_entry_comparator
 .text.ph_add_child_node
                0x00000000100014f8       0xa4 CMakeFiles/hans_2.dir/Users/matthias/pico-sdk/src/common/pico_time/time.c.obj
 .text.ph_merge_nodes
                0x000000001000159c       0x3e CMakeFiles/hans_2.dir/Users/matthias/pico-sdk/src/common/pico_time/time.c.obj
 *fill*         0x00000000100015da        0x2 
 .text.add_alarm_under_lock
                0x00000000100015dc      0x174 CMakeFiles/hans_2.dir/Users/matthias/pico-sdk/src/common/pico_time/time.c.obj
 .text.alarm_pool_alarm_callback
                0x0000000010001750      0x33c CMakeFiles/hans_2.dir/Users/matthias/pico-sdk/src/common/pico_time/time.c.obj
 .text.alarm_pool_init_default
                0x0000000010001a8c       0x40 CMakeFiles/hans_2.dir/Users/matthias/pico-sdk/src/common/pico_time/time.c.obj
                0x0000000010001a8c                alarm_pool_init_default
 .text.alarm_pool_get_default
                0x0000000010001acc       0x2c CMakeFiles/hans_2.dir/Users/matthias/pico-sdk/src/common/pico_time/time.c.obj
                0x0000000010001acc                alarm_pool_get_default
 .text.alarm_pool_add_alarm_at
                0x0000000010001af8      0x168 CMakeFiles/hans_2.dir/Users/matthias/pico-sdk/src/common/pico_time/time.c.obj
                0x0000000010001af8                alarm_pool_add_alarm_at
 .text.alarm_pool_cancel_alarm
                0x0000000010001c60       0xf0 CMakeFiles/hans_2.dir/Users/matthias/pico-sdk/src/common/pico_time/time.c.obj
                0x0000000010001c60                alarm_pool_cancel_alarm
 .text.alarm_pool_core_num
                0x0000000010001d50        0x4 CMakeFiles/hans_2.dir/Users/matthias/pico-sdk/src/common/pico_time/time.c.obj
                0x0000000010001d50                alarm_pool_core_num
 .text.sleep_until
                0x0000000010001d54       0xfc CMakeFiles/hans_2.dir/Users/matthias/pico-sdk/src/common/pico_time/time.c.obj
                0x0000000010001d54                sleep_until
 .text.sleep_us
                0x0000000010001e50       0x58 CMakeFiles/hans_2.dir/Users/matthias/pico-sdk/src/common/pico_time/time.c.obj
                0x0000000010001e50                sleep_us
 .text.sleep_ms
                0x0000000010001ea8       0x14 CMakeFiles/hans_2.dir/Users/matthias/pico-sdk/src/common/pico_time/time.c.obj
                0x0000000010001ea8                sleep_ms
 .text.best_effort_wfe_or_timeout
                0x0000000010001ebc       0xac CMakeFiles/hans_2.dir/Users/matthias/pico-sdk/src/common/pico_time/time.c.obj
                0x0000000010001ebc                best_effort_wfe_or_timeout
 .text.hardware_alarm_irq_handler
                0x0000000010001f68       0x90 CMakeFiles/hans_2.dir/Users/matthias/pico-sdk/src/rp2_common/hardware_timer/timer.c.obj
 .text.hardware_alarm_claim
                0x0000000010001ff8       0x18 CMakeFiles/hans_2.dir/Users/matthias/pico-sdk/src/rp2_common/hardware_timer/timer.c.obj
                0x0000000010001ff8                hardware_alarm_claim
 .text.time_us_64
                0x0000000010002010       0x18 CMakeFiles/hans_2.dir/Users/matthias/pico-sdk/src/rp2_common/hardware_timer/timer.c.obj
                0x0000000010002010                time_us_64
 .text.busy_wait_until
                0x0000000010002028       0x28 CMakeFiles/hans_2.dir/Users/matthias/pico-sdk/src/rp2_common/hardware_timer/timer.c.obj
                0x0000000010002028                busy_wait_until
 .text.hardware_alarm_set_callback
                0x0000000010002050       0x90 CMakeFiles/hans_2.dir/Users/matthias/pico-sdk/src/rp2_common/hardware_timer/timer.c.obj
                0x0000000010002050                hardware_alarm_set_callback
 .text.hardware_alarm_set_target
                0x00000000100020e0       0xe8 CMakeFiles/hans_2.dir/Users/matthias/pico-sdk/src/rp2_common/hardware_timer/timer.c.obj
                0x00000000100020e0                hardware_alarm_set_target
 .text.hardware_alarm_cancel
                0x00000000100021c8       0x40 CMakeFiles/hans_2.dir/Users/matthias/pico-sdk/src/rp2_common/hardware_timer/timer.c.obj
                0x00000000100021c8                hardware_alarm_cancel
 .text.ph_add_child_node
                0x0000000010002208       0xa4 CMakeFiles/hans_2.dir/Users/matthias/pico-sdk/src/common/pico_util/pheap.c.obj
 .text.ph_merge_nodes
                0x00000000100022ac       0x3e CMakeFiles/hans_2.dir/Users/matthias/pico-sdk/src/common/pico_util/pheap.c.obj
 *fill*         0x00000000100022ea        0x2 
 .text.ph_clear
                0x00000000100022ec       0x70 CMakeFiles/hans_2.dir/Users/matthias/pico-sdk/src/common/pico_util/pheap.c.obj
                0x00000000100022ec                ph_clear
 .text.ph_post_alloc_init
                0x000000001000235c        0xe CMakeFiles/hans_2.dir/Users/matthias/pico-sdk/src/common/pico_util/pheap.c.obj
                0x000000001000235c                ph_post_alloc_init
 *fill*         0x000000001000236a        0x2 
 .text.ph_merge_two_pass
                0x000000001000236c       0xa8 CMakeFiles/hans_2.dir/Users/matthias/pico-sdk/src/common/pico_util/pheap.c.obj
                0x000000001000236c                ph_merge_two_pass
 .text.ph_remove_any_head
                0x0000000010002414      0x128 CMakeFiles/hans_2.dir/Users/matthias/pico-sdk/src/common/pico_util/pheap.c.obj
 .text.ph_remove_head
                0x000000001000253c       0x14 CMakeFiles/hans_2.dir/Users/matthias/pico-sdk/src/common/pico_util/pheap.c.obj
                0x000000001000253c                ph_remove_head
 .text.ph_remove_and_free_node
                0x0000000010002550       0xf8 CMakeFiles/hans_2.dir/Users/matthias/pico-sdk/src/common/pico_util/pheap.c.obj
                0x0000000010002550                ph_remove_and_free_node
 .text.uart_set_baudrate
                0x0000000010002648       0x5c CMakeFiles/hans_2.dir/Users/matthias/pico-sdk/src/rp2_common/hardware_uart/uart.c.obj
                0x0000000010002648                uart_set_baudrate
 .text.uart_set_translate_crlf
                0x00000000100026a4       0x28 CMakeFiles/hans_2.dir/Users/matthias/pico-sdk/src/rp2_common/hardware_uart/uart.c.obj
                0x00000000100026a4                uart_set_translate_crlf
 .text.uart_init
                0x00000000100026cc       0x80 CMakeFiles/hans_2.dir/Users/matthias/pico-sdk/src/rp2_common/hardware_uart/uart.c.obj
                0x00000000100026cc                uart_init
 .text.clock_configure
                0x000000001000274c      0x104 CMakeFiles/hans_2.dir/Users/matthias/pico-sdk/src/rp2_common/hardware_clocks/clocks.c.obj
                0x000000001000274c                clock_configure
 .text.clocks_init
                0x0000000010002850      0x100 CMakeFiles/hans_2.dir/Users/matthias/pico-sdk/src/rp2_common/hardware_clocks/clocks.c.obj
                0x0000000010002850                clocks_init
 .text.clock_get_hz
                0x0000000010002950        0xc CMakeFiles/hans_2.dir/Users/matthias/pico-sdk/src/rp2_common/hardware_clocks/clocks.c.obj
                0x0000000010002950                clock_get_hz
 .text.pll_init
                0x000000001000295c      0x12c CMakeFiles/hans_2.dir/Users/matthias/pico-sdk/src/rp2_common/hardware_pll/pll.c.obj
                0x000000001000295c                pll_init
 .text.watchdog_start_tick
                0x0000000010002a88       0x10 CMakeFiles/hans_2.dir/Users/matthias/pico-sdk/src/rp2_common/hardware_watchdog/watchdog.c.obj
                0x0000000010002a88                watchdog_start_tick
 .text.xosc_init
                0x0000000010002a98       0x28 CMakeFiles/hans_2.dir/Users/matthias/pico-sdk/src/rp2_common/hardware_xosc/xosc.c.obj
                0x0000000010002a98                xosc_init
 .text._exit    0x0000000010002ac0        0x4 CMakeFiles/hans_2.dir/Users/matthias/pico-sdk/src/rp2_common/pico_runtime/runtime.c.obj
                0x0000000010002ac0                _exit
 .text.exit     0x0000000010002ac4        0x6 CMakeFiles/hans_2.dir/Users/matthias/pico-sdk/src/rp2_common/pico_runtime/runtime.c.obj
                0x0000000010002ac4                exit
 *fill*         0x0000000010002aca        0x2 
 .text.__assert_func
                0x0000000010002acc       0x3c CMakeFiles/hans_2.dir/Users/matthias/pico-sdk/src/rp2_common/pico_runtime/runtime.c.obj
                0x0000000010002acc                __assert_func
 .text.runtime_init
                0x0000000010002b08       0xf8 CMakeFiles/hans_2.dir/Users/matthias/pico-sdk/src/rp2_common/pico_runtime/runtime.c.obj
                0x0000000010002b08                runtime_init
 .text.panic    0x0000000010002c00       0x30 CMakeFiles/hans_2.dir/Users/matthias/pico-sdk/src/rp2_common/pico_runtime/runtime.c.obj
                0x0000000010002c00                panic
 .text.panic_unsupported
                0x0000000010002c30        0xc CMakeFiles/hans_2.dir/Users/matthias/pico-sdk/src/rp2_common/pico_runtime/runtime.c.obj
                0x0000000010002c30                panic_unsupported
 .text._out_buffer
                0x0000000010002c3c        0x8 CMakeFiles/hans_2.dir/Users/matthias/pico-sdk/src/rp2_common/pico_printf/printf.c.obj
 .text._out_null
                0x0000000010002c44        0x2 CMakeFiles/hans_2.dir/Users/matthias/pico-sdk/src/rp2_common/pico_printf/printf.c.obj
 .text._out_fct
                0x0000000010002c46        0xe CMakeFiles/hans_2.dir/Users/matthias/pico-sdk/src/rp2_common/pico_printf/printf.c.obj
 .text._atoi    0x0000000010002c54       0x24 CMakeFiles/hans_2.dir/Users/matthias/pico-sdk/src/rp2_common/pico_printf/printf.c.obj
 .text._out_rev
                0x0000000010002c78       0xae CMakeFiles/hans_2.dir/Users/matthias/pico-sdk/src/rp2_common/pico_printf/printf.c.obj
 .text._ntoa_format
                0x0000000010002d26      0x112 CMakeFiles/hans_2.dir/Users/matthias/pico-sdk/src/rp2_common/pico_printf/printf.c.obj
 .text._ntoa_long
                0x0000000010002e38       0xbc CMakeFiles/hans_2.dir/Users/matthias/pico-sdk/src/rp2_common/pico_printf/printf.c.obj
 .text._ntoa_long_long
                0x0000000010002ef4       0xe2 CMakeFiles/hans_2.dir/Users/matthias/pico-sdk/src/rp2_common/pico_printf/printf.c.obj
 *fill*         0x0000000010002fd6        0x2 
 .text._etoa    0x0000000010002fd8      0x414 CMakeFiles/hans_2.dir/Users/matthias/pico-sdk/src/rp2_common/pico_printf/printf.c.obj
 .text._ftoa    0x00000000100033ec      0x354 CMakeFiles/hans_2.dir/Users/matthias/pico-sdk/src/rp2_common/pico_printf/printf.c.obj
 .text._vsnprintf
                0x0000000010003740      0x624 CMakeFiles/hans_2.dir/Users/matthias/pico-sdk/src/rp2_common/pico_printf/printf.c.obj
 .text.__wrap_sprintf
                0x0000000010003d64       0x28 CMakeFiles/hans_2.dir/Users/matthias/pico-sdk/src/rp2_common/pico_printf/printf.c.obj
                0x0000000010003d64                __wrap_sprintf
 .text.vfctprintf
                0x0000000010003d8c       0x20 CMakeFiles/hans_2.dir/Users/matthias/pico-sdk/src/rp2_common/pico_printf/printf.c.obj
                0x0000000010003d8c                vfctprintf
 .text          0x0000000010003dac       0x10 CMakeFiles/hans_2.dir/Users/matthias/pico-sdk/src/rp2_common/pico_bit_ops/bit_ops_aeabi.S.obj
 .text.ctzsi    0x0000000010003dbc        0xc CMakeFiles/hans_2.dir/Users/matthias/pico-sdk/src/rp2_common/pico_bit_ops/bit_ops_aeabi.S.obj
                0x0000000010003dbc                __wrap___ctzsi2
 .text.rom_func_lookup
                0x0000000010003dc8       0x10 CMakeFiles/hans_2.dir/Users/matthias/pico-sdk/src/rp2_common/pico_bootrom/bootrom.c.obj
                0x0000000010003dc8                rom_func_lookup
 .text.rom_data_lookup
                0x0000000010003dd8       0x10 CMakeFiles/hans_2.dir/Users/matthias/pico-sdk/src/rp2_common/pico_bootrom/bootrom.c.obj
                0x0000000010003dd8                rom_data_lookup
 .text.rom_funcs_lookup
                0x0000000010003de8       0x36 CMakeFiles/hans_2.dir/Users/matthias/pico-sdk/src/rp2_common/pico_bootrom/bootrom.c.obj
                0x0000000010003de8                rom_funcs_lookup
 *fill*         0x0000000010003e1e        0x2 
 .text.__wrap___aeabi_idiv
                0x0000000010003e20       0x50 CMakeFiles/hans_2.dir/Users/matthias/pico-sdk/src/rp2_common/pico_divider/divider.S.obj
                0x0000000010003e20                __wrap___aeabi_idivmod
                0x0000000010003e20                divmod_s32s32
                0x0000000010003e20                div_s32s32
                0x0000000010003e20                __wrap___aeabi_idiv
                0x0000000010003e28                divmod_s32s32_unsafe
                0x0000000010003e54                divmod_s32s32_savestate
 .text.__wrap___aeabi_uidiv
                0x0000000010003e70       0x4c CMakeFiles/hans_2.dir/Users/matthias/pico-sdk/src/rp2_common/pico_divider/divider.S.obj
                0x0000000010003e70                __wrap___aeabi_uidiv
                0x0000000010003e70                __wrap___aeabi_uidivmod
                0x0000000010003e70                div_u32u32
                0x0000000010003e70                divmod_u32u32
                0x0000000010003e78                divmod_u32u32_unsafe
                0x0000000010003ea0                divmod_u32u32_savestate
 .text.__wrap___aeabi_ldiv
                0x0000000010003ebc      0x424 CMakeFiles/hans_2.dir/Users/matthias/pico-sdk/src/rp2_common/pico_divider/divider.S.obj
                0x0000000010003ebc                __wrap___aeabi_ldivmod
                0x0000000010003ebc                div_s64s64
                0x0000000010003ebc                divmod_s64s64
                0x0000000010003eec                divmod_u64u64
                0x0000000010003eec                div_u64u64
                0x0000000010003eec                __wrap___aeabi_uldivmod
                0x0000000010003efc                divmod_u64u64_savestate
                0x0000000010003f1c                divmod_s64s64_unsafe
                0x0000000010003fa4                divmod_u64u64_unsafe
 .text.__wrap___aeabi_darithmetic
                0x00000000100042e0       0x60 CMakeFiles/hans_2.dir/Users/matthias/pico-sdk/src/rp2_common/pico_double/double_aeabi.S.obj
                0x00000000100042e0                __wrap___aeabi_drsub
                0x00000000100042e6                __wrap___aeabi_dsub
                0x00000000100042f0                __wrap___aeabi_dadd
                0x00000000100042fa                __wrap___aeabi_ddiv
                0x000000001000432e                __wrap___aeabi_dmul
 .text.__wrap___aeabi_cdcmple
                0x0000000010004340       0x6c CMakeFiles/hans_2.dir/Users/matthias/pico-sdk/src/rp2_common/pico_double/double_aeabi.S.obj
                0x0000000010004340                __wrap___aeabi_cdrcmple
                0x0000000010004350                __wrap___aeabi_cdcmple
                0x0000000010004350                __wrap___aeabi_cdcmpeq
 .text.__wrap___aeabi_dcmplt
                0x00000000100043ac        0xc CMakeFiles/hans_2.dir/Users/matthias/pico-sdk/src/rp2_common/pico_double/double_aeabi.S.obj
                0x00000000100043ac                __wrap___aeabi_dcmplt
 .text.__wrap___aeabi_dcmple
                0x00000000100043b8       0x10 CMakeFiles/hans_2.dir/Users/matthias/pico-sdk/src/rp2_common/pico_double/double_aeabi.S.obj
                0x00000000100043b8                __wrap___aeabi_dcmple
 .text.__wrap___aeabi_dcmpge
                0x00000000100043c8       0x10 CMakeFiles/hans_2.dir/Users/matthias/pico-sdk/src/rp2_common/pico_double/double_aeabi.S.obj
                0x00000000100043c8                __wrap___aeabi_dcmpge
 .text.__wrap___aeabi_dcmpgt
                0x00000000100043d8        0xa CMakeFiles/hans_2.dir/Users/matthias/pico-sdk/src/rp2_common/pico_double/double_aeabi.S.obj
                0x00000000100043d8                __wrap___aeabi_dcmpgt
 .text.__wrap___aeabi_dcmpun
                0x00000000100043e2       0x1c CMakeFiles/hans_2.dir/Users/matthias/pico-sdk/src/rp2_common/pico_double/double_aeabi.S.obj
                0x00000000100043e2                __wrap___aeabi_dcmpun
 *fill*         0x00000000100043fe        0x2 
 .text.__wrap___aeabi_i2d
                0x0000000010004400       0x38 CMakeFiles/hans_2.dir/Users/matthias/pico-sdk/src/rp2_common/pico_double/double_aeabi.S.obj
                0x0000000010004400                __wrap___aeabi_ui2d
                0x0000000010004408                __wrap___aeabi_i2d
 .text.__wrap___aeabi_d2iz
                0x0000000010004438       0x48 CMakeFiles/hans_2.dir/Users/matthias/pico-sdk/src/rp2_common/pico_double/double_aeabi.S.obj
                0x0000000010004438                __wrap___aeabi_d2iz
                0x0000000010004438                double2int_z
 .text.__wrap___aeabi_d2uiz
                0x0000000010004480       0x10 CMakeFiles/hans_2.dir/Users/matthias/pico-sdk/src/rp2_common/pico_double/double_aeabi.S.obj
                0x0000000010004480                double2uint
                0x0000000010004480                __wrap___aeabi_d2uiz
 .text.missing_double_func_shim
                0x0000000010004490        0xc CMakeFiles/hans_2.dir/Users/matthias/pico-sdk/src/rp2_common/pico_double/double_init_rom.c.obj
 .text.__aeabi_double_init
                0x000000001000449c       0xcc CMakeFiles/hans_2.dir/Users/matthias/pico-sdk/src/rp2_common/pico_double/double_init_rom.c.obj
                0x000000001000449c                __aeabi_double_init
 .text.double_table_shim_on_use_helper
                0x0000000010004568       0x34 CMakeFiles/hans_2.dir/Users/matthias/pico-sdk/src/rp2_common/pico_double/double_v1_rom_shim.S.obj
                0x0000000010004568                double_table_shim_on_use_helper
 .text.__aeabi_lmul
                0x000000001000459c       0x32 CMakeFiles/hans_2.dir/Users/matthias/pico-sdk/src/rp2_common/pico_int64_ops/pico_int64_ops_aeabi.S.obj
                0x000000001000459c                __wrap___aeabi_lmul
 *fill*         0x00000000100045ce        0x2 
 .text.missing_float_func_shim
                0x00000000100045d0        0xc CMakeFiles/hans_2.dir/Users/matthias/pico-sdk/src/rp2_common/pico_float/float_init_rom.c.obj
 .text.__aeabi_float_init
                0x00000000100045dc       0x88 CMakeFiles/hans_2.dir/Users/matthias/pico-sdk/src/rp2_common/pico_float/float_init_rom.c.obj
                0x00000000100045dc                __aeabi_float_init
 .text          0x0000000010004664       0x10 CMakeFiles/hans_2.dir/Users/matthias/pico-sdk/src/rp2_common/pico_mem_ops/mem_ops_aeabi.S.obj
                0x0000000010004664                __aeabi_mem_init
 .text.memset   0x0000000010004674        0xc CMakeFiles/hans_2.dir/Users/matthias/pico-sdk/src/rp2_common/pico_mem_ops/mem_ops_aeabi.S.obj
                0x0000000010004674                __wrap_memset
 .text.memcpy   0x0000000010004680        0xc CMakeFiles/hans_2.dir/Users/matthias/pico-sdk/src/rp2_common/pico_mem_ops/mem_ops_aeabi.S.obj
                0x0000000010004680                __wrap___aeabi_memcpy
                0x0000000010004680                __wrap_memcpy
 .text.stdio_out_chars_no_crlf
                0x000000001000468c        0xe CMakeFiles/hans_2.dir/Users/matthias/pico-sdk/src/rp2_common/pico_stdio/stdio.c.obj
 *fill*         0x000000001000469a        0x2 
 .text.stdio_out_chars_crlf
                0x000000001000469c       0x80 CMakeFiles/hans_2.dir/Users/matthias/pico-sdk/src/rp2_common/pico_stdio/stdio.c.obj
 .text.stdio_stack_buffer_flush
                0x000000001000471c       0x44 CMakeFiles/hans_2.dir/Users/matthias/pico-sdk/src/rp2_common/pico_stdio/stdio.c.obj
 .text.stdio_buffered_printer
                0x0000000010004760       0x20 CMakeFiles/hans_2.dir/Users/matthias/pico-sdk/src/rp2_common/pico_stdio/stdio.c.obj
 .text.stdout_serialize_begin
                0x0000000010004780       0x5c CMakeFiles/hans_2.dir/Users/matthias/pico-sdk/src/rp2_common/pico_stdio/stdio.c.obj
                0x0000000010004780                stdout_serialize_begin
 .text.stdout_serialize_end
                0x00000000100047dc       0x10 CMakeFiles/hans_2.dir/Users/matthias/pico-sdk/src/rp2_common/pico_stdio/stdio.c.obj
                0x00000000100047dc                stdout_serialize_end
 .text.stdio_put_string
                0x00000000100047ec       0x98 CMakeFiles/hans_2.dir/Users/matthias/pico-sdk/src/rp2_common/pico_stdio/stdio.c.obj
 .text.stdio_set_driver_enabled
                0x0000000010004884       0x2c CMakeFiles/hans_2.dir/Users/matthias/pico-sdk/src/rp2_common/pico_stdio/stdio.c.obj
                0x0000000010004884                stdio_set_driver_enabled
 .text.stdio_flush
                0x00000000100048b0       0x20 CMakeFiles/hans_2.dir/Users/matthias/pico-sdk/src/rp2_common/pico_stdio/stdio.c.obj
                0x00000000100048b0                stdio_flush
 .text.__wrap_puts
                0x00000000100048d0       0x1e CMakeFiles/hans_2.dir/Users/matthias/pico-sdk/src/rp2_common/pico_stdio/stdio.c.obj
                0x00000000100048d0                __wrap_puts
 *fill*         0x00000000100048ee        0x2 
 .text.__wrap_vprintf
                0x00000000100048f0       0x40 CMakeFiles/hans_2.dir/Users/matthias/pico-sdk/src/rp2_common/pico_stdio/stdio.c.obj
                0x00000000100048f0                __wrap_vprintf
 .text.__wrap_printf
                0x0000000010004930       0x18 CMakeFiles/hans_2.dir/Users/matthias/pico-sdk/src/rp2_common/pico_stdio/stdio.c.obj
                0x0000000010004930                __wrap_printf
 .text.stdio_init_all
                0x0000000010004948        0xa CMakeFiles/hans_2.dir/Users/matthias/pico-sdk/src/rp2_common/pico_stdio/stdio.c.obj
                0x0000000010004948                stdio_init_all
 *fill*         0x0000000010004952        0x2 
 .text.stdio_uart_out_chars
                0x0000000010004954       0x74 CMakeFiles/hans_2.dir/Users/matthias/pico-sdk/src/rp2_common/pico_stdio_uart/stdio_uart.c.obj
 .text.stdio_uart_in_chars
                0x00000000100049c8       0x80 CMakeFiles/hans_2.dir/Users/matthias/pico-sdk/src/rp2_common/pico_stdio_uart/stdio_uart.c.obj
                0x00000000100049c8                stdio_uart_in_chars
 .text.on_uart_rx
                0x0000000010004a48       0x28 CMakeFiles/hans_2.dir/Users/matthias/pico-sdk/src/rp2_common/pico_stdio_uart/stdio_uart.c.obj
 .text.stdio_uart_set_chars_available_callback
                0x0000000010004a70       0x8c CMakeFiles/hans_2.dir/Users/matthias/pico-sdk/src/rp2_common/pico_stdio_uart/stdio_uart.c.obj
 .text.stdio_uart_init_full
                0x0000000010004afc       0x44 CMakeFiles/hans_2.dir/Users/matthias/pico-sdk/src/rp2_common/pico_stdio_uart/stdio_uart.c.obj
                0x0000000010004afc                stdio_uart_init_full
 .text.stdio_uart_init
                0x0000000010004b40       0x28 CMakeFiles/hans_2.dir/Users/matthias/pico-sdk/src/rp2_common/pico_stdio_uart/stdio_uart.c.obj
                0x0000000010004b40                stdio_uart_init
 .text.i2c_set_baudrate
                0x0000000010004b68       0xf0 CMakeFiles/hans_2.dir/Users/matthias/pico-sdk/src/rp2_common/hardware_i2c/i2c.c.obj
                0x0000000010004b68                i2c_set_baudrate
 .text.i2c_init
                0x0000000010004c58       0x58 CMakeFiles/hans_2.dir/Users/matthias/pico-sdk/src/rp2_common/hardware_i2c/i2c.c.obj
                0x0000000010004c58                i2c_init
 .text.lwip_timeout_reached
                0x0000000010004cb0       0x2c CMakeFiles/hans_2.dir/Users/matthias/pico-sdk/src/rp2_common/pico_lwip/lwip_nosys.c.obj
 .text.update_next_timeout
                0x0000000010004cdc       0xb0 CMakeFiles/hans_2.dir/Users/matthias/pico-sdk/src/rp2_common/pico_lwip/lwip_nosys.c.obj
 .text.lwip_nosys_init
                0x0000000010004d8c       0x34 CMakeFiles/hans_2.dir/Users/matthias/pico-sdk/src/rp2_common/pico_lwip/lwip_nosys.c.obj
                0x0000000010004d8c                lwip_nosys_init
 .text.lwip_nosys_deinit
                0x0000000010004dc0       0x20 CMakeFiles/hans_2.dir/Users/matthias/pico-sdk/src/rp2_common/pico_lwip/lwip_nosys.c.obj
                0x0000000010004dc0                lwip_nosys_deinit
 .text.sys_arch_protect
                0x0000000010004de0        0x4 CMakeFiles/hans_2.dir/Users/matthias/pico-sdk/src/rp2_common/pico_lwip/lwip_nosys.c.obj
                0x0000000010004de0                sys_arch_protect
 .text.sys_arch_unprotect
                0x0000000010004de4        0x2 CMakeFiles/hans_2.dir/Users/matthias/pico-sdk/src/rp2_common/pico_lwip/lwip_nosys.c.obj
                0x0000000010004de4                sys_arch_unprotect
 *fill*         0x0000000010004de6        0x2 
 .text.sys_now  0x0000000010004de8       0x3c CMakeFiles/hans_2.dir/Users/matthias/pico-sdk/src/rp2_common/pico_lwip/lwip_nosys.c.obj
                0x0000000010004de8                sys_now
 .text.async_context_base_add_at_time_worker
                0x0000000010004e24       0x1c CMakeFiles/hans_2.dir/Users/matthias/pico-sdk/src/rp2_common/pico_async_context/async_context_base.c.obj
                0x0000000010004e24                async_context_base_add_at_time_worker
 .text.async_context_base_remove_at_time_worker
                0x0000000010004e40       0x1c CMakeFiles/hans_2.dir/Users/matthias/pico-sdk/src/rp2_common/pico_async_context/async_context_base.c.obj
                0x0000000010004e40                async_context_base_remove_at_time_worker
 .text.async_context_base_add_when_pending_worker
                0x0000000010004e5c       0x1c CMakeFiles/hans_2.dir/Users/matthias/pico-sdk/src/rp2_common/pico_async_context/async_context_base.c.obj
                0x0000000010004e5c                async_context_base_add_when_pending_worker
 .text.async_context_base_remove_when_pending_worker
                0x0000000010004e78       0x1c CMakeFiles/hans_2.dir/Users/matthias/pico-sdk/src/rp2_common/pico_async_context/async_context_base.c.obj
                0x0000000010004e78                async_context_base_remove_when_pending_worker
 .text.async_context_base_remove_ready_at_time_worker
                0x0000000010004e94       0x94 CMakeFiles/hans_2.dir/Users/matthias/pico-sdk/src/rp2_common/pico_async_context/async_context_base.c.obj
                0x0000000010004e94                async_context_base_remove_ready_at_time_worker
 .text.async_context_base_refresh_next_timeout
                0x0000000010004f28       0x4c CMakeFiles/hans_2.dir/Users/matthias/pico-sdk/src/rp2_common/pico_async_context/async_context_base.c.obj
                0x0000000010004f28                async_context_base_refresh_next_timeout
 .text.async_context_base_execute_once
                0x0000000010004f74       0x48 CMakeFiles/hans_2.dir/Users/matthias/pico-sdk/src/rp2_common/pico_async_context/async_context_base.c.obj
                0x0000000010004f74                async_context_base_execute_once
 .text.splitmix64
                0x0000000010004fbc       0x5c CMakeFiles/hans_2.dir/Users/matthias/pico-sdk/src/rp2_common/pico_rand/rand.c.obj
 .text.sdbm_hash64_sram
                0x0000000010005018       0x64 CMakeFiles/hans_2.dir/Users/matthias/pico-sdk/src/rp2_common/pico_rand/rand.c.obj
 .text.xoroshiro128ss
                0x000000001000507c       0xb8 CMakeFiles/hans_2.dir/Users/matthias/pico-sdk/src/rp2_common/pico_rand/rand.c.obj
 .text.capture_additional_rosc_samples
                0x0000000010005134      0x1a4 CMakeFiles/hans_2.dir/Users/matthias/pico-sdk/src/rp2_common/pico_rand/rand.c.obj
 .text.initialise_rand
                0x00000000100052d8      0x118 CMakeFiles/hans_2.dir/Users/matthias/pico-sdk/src/rp2_common/pico_rand/rand.c.obj
 .text.get_rand_64
                0x00000000100053f0      0x11c CMakeFiles/hans_2.dir/Users/matthias/pico-sdk/src/rp2_common/pico_rand/rand.c.obj
                0x00000000100053f0                get_rand_64
 .text.get_rand_32
                0x000000001000550c        0x8 CMakeFiles/hans_2.dir/Users/matthias/pico-sdk/src/rp2_common/pico_rand/rand.c.obj
                0x000000001000550c                get_rand_32
 .text._retrieve_unique_id_on_boot
                0x0000000010005514       0x10 CMakeFiles/hans_2.dir/Users/matthias/pico-sdk/src/rp2_common/pico_unique_id/unique_id.c.obj
 .text.pico_get_unique_board_id
                0x0000000010005524       0x10 CMakeFiles/hans_2.dir/Users/matthias/pico-sdk/src/rp2_common/pico_unique_id/unique_id.c.obj
                0x0000000010005524                pico_get_unique_board_id
 .text.flash_get_unique_id
                0x0000000010005534       0x46 CMakeFiles/hans_2.dir/Users/matthias/pico-sdk/src/rp2_common/hardware_flash/flash.c.obj
                0x0000000010005534                flash_get_unique_id
 .text.lwip_init
                0x000000001000557a       0x24 CMakeFiles/hans_2.dir/Users/matthias/pico-sdk/lib/lwip/src/core/init.c.obj
                0x000000001000557a                lwip_init
 .text.lwip_htons
                0x000000001000559e        0xa CMakeFiles/hans_2.dir/Users/matthias/pico-sdk/lib/lwip/src/core/def.c.obj
                0x000000001000559e                lwip_htons
 .text.lwip_htonl
                0x00000000100055a8       0x1c CMakeFiles/hans_2.dir/Users/matthias/pico-sdk/lib/lwip/src/core/def.c.obj
                0x00000000100055a8                lwip_htonl
 .text.dns_backupserver_available
                0x00000000100055c4       0x28 CMakeFiles/hans_2.dir/Users/matthias/pico-sdk/lib/lwip/src/core/dns.c.obj
 .text.dns_create_txid
                0x00000000100055ec       0x3c CMakeFiles/hans_2.dir/Users/matthias/pico-sdk/lib/lwip/src/core/dns.c.obj
 .text.dns_call_found
                0x0000000010005628       0xf4 CMakeFiles/hans_2.dir/Users/matthias/pico-sdk/lib/lwip/src/core/dns.c.obj
 .text.dns_send
                0x000000001000571c      0x178 CMakeFiles/hans_2.dir/Users/matthias/pico-sdk/lib/lwip/src/core/dns.c.obj
 .text.dns_check_entry
                0x0000000010005894      0x11c CMakeFiles/hans_2.dir/Users/matthias/pico-sdk/lib/lwip/src/core/dns.c.obj
 .text.dns_check_entries
                0x00000000100059b0       0x16 CMakeFiles/hans_2.dir/Users/matthias/pico-sdk/lib/lwip/src/core/dns.c.obj
 .text.dns_init
                0x00000000100059c6        0x2 CMakeFiles/hans_2.dir/Users/matthias/pico-sdk/lib/lwip/src/core/dns.c.obj
                0x00000000100059c6                dns_init
 .text.dns_setserver
                0x00000000100059c8       0x28 CMakeFiles/hans_2.dir/Users/matthias/pico-sdk/lib/lwip/src/core/dns.c.obj
                0x00000000100059c8                dns_setserver
 .text.dns_tmr  0x00000000100059f0        0x8 CMakeFiles/hans_2.dir/Users/matthias/pico-sdk/lib/lwip/src/core/dns.c.obj
                0x00000000100059f0                dns_tmr
 .text.lwip_standard_chksum
                0x00000000100059f8       0xac CMakeFiles/hans_2.dir/Users/matthias/pico-sdk/lib/lwip/src/core/inet_chksum.c.obj
                0x00000000100059f8                lwip_standard_chksum
 .text.inet_cksum_pseudo_base
                0x0000000010005aa4       0x7c CMakeFiles/hans_2.dir/Users/matthias/pico-sdk/lib/lwip/src/core/inet_chksum.c.obj
 .text.inet_chksum_pseudo
                0x0000000010005b20       0x30 CMakeFiles/hans_2.dir/Users/matthias/pico-sdk/lib/lwip/src/core/inet_chksum.c.obj
                0x0000000010005b20                inet_chksum_pseudo
 .text.ip_chksum_pseudo
                0x0000000010005b50       0x10 CMakeFiles/hans_2.dir/Users/matthias/pico-sdk/lib/lwip/src/core/inet_chksum.c.obj
                0x0000000010005b50                ip_chksum_pseudo
 .text.inet_chksum
                0x0000000010005b60        0xc CMakeFiles/hans_2.dir/Users/matthias/pico-sdk/lib/lwip/src/core/inet_chksum.c.obj
                0x0000000010005b60                inet_chksum
 .text.inet_chksum_pbuf
                0x0000000010005b6c       0x52 CMakeFiles/hans_2.dir/Users/matthias/pico-sdk/lib/lwip/src/core/inet_chksum.c.obj
                0x0000000010005b6c                inet_chksum_pbuf
 *fill*         0x0000000010005bbe        0x2 
 .text.ptr_to_mem
                0x0000000010005bc0        0xc CMakeFiles/hans_2.dir/Users/matthias/pico-sdk/lib/lwip/src/core/mem.c.obj
 .text.mem_to_ptr
                0x0000000010005bcc       0x10 CMakeFiles/hans_2.dir/Users/matthias/pico-sdk/lib/lwip/src/core/mem.c.obj
 .text.mem_link_valid
                0x0000000010005bdc       0x5c CMakeFiles/hans_2.dir/Users/matthias/pico-sdk/lib/lwip/src/core/mem.c.obj
 .text.plug_holes
                0x0000000010005c38       0xd4 CMakeFiles/hans_2.dir/Users/matthias/pico-sdk/lib/lwip/src/core/mem.c.obj
 .text.mem_init
                0x0000000010005d0c       0x44 CMakeFiles/hans_2.dir/Users/matthias/pico-sdk/lib/lwip/src/core/mem.c.obj
                0x0000000010005d0c                mem_init
 .text.mem_free
                0x0000000010005d50       0x84 CMakeFiles/hans_2.dir/Users/matthias/pico-sdk/lib/lwip/src/core/mem.c.obj
                0x0000000010005d50                mem_free
 .text.mem_trim
                0x0000000010005dd4      0x134 CMakeFiles/hans_2.dir/Users/matthias/pico-sdk/lib/lwip/src/core/mem.c.obj
                0x0000000010005dd4                mem_trim
 .text.mem_malloc
                0x0000000010005f08      0x134 CMakeFiles/hans_2.dir/Users/matthias/pico-sdk/lib/lwip/src/core/mem.c.obj
                0x0000000010005f08                mem_malloc
 .text.do_memp_malloc_pool
                0x000000001000603c       0x30 CMakeFiles/hans_2.dir/Users/matthias/pico-sdk/lib/lwip/src/core/memp.c.obj
 .text.do_memp_free_pool
                0x000000001000606c       0x28 CMakeFiles/hans_2.dir/Users/matthias/pico-sdk/lib/lwip/src/core/memp.c.obj
 .text.memp_init_pool
                0x0000000010006094       0x2a CMakeFiles/hans_2.dir/Users/matthias/pico-sdk/lib/lwip/src/core/memp.c.obj
                0x0000000010006094                memp_init_pool
 *fill*         0x00000000100060be        0x2 
 .text.memp_init
                0x00000000100060c0       0x20 CMakeFiles/hans_2.dir/Users/matthias/pico-sdk/lib/lwip/src/core/memp.c.obj
                0x00000000100060c0                memp_init
 .text.memp_malloc
                0x00000000100060e0       0x24 CMakeFiles/hans_2.dir/Users/matthias/pico-sdk/lib/lwip/src/core/memp.c.obj
                0x00000000100060e0                memp_malloc
 .text.memp_free
                0x0000000010006104       0x28 CMakeFiles/hans_2.dir/Users/matthias/pico-sdk/lib/lwip/src/core/memp.c.obj
                0x0000000010006104                memp_free
 .text.netif_do_set_netmask
                0x000000001000612c       0x1a CMakeFiles/hans_2.dir/Users/matthias/pico-sdk/lib/lwip/src/core/netif.c.obj
 .text.netif_do_set_gw
                0x0000000010006146       0x1a CMakeFiles/hans_2.dir/Users/matthias/pico-sdk/lib/lwip/src/core/netif.c.obj
 .text.netif_null_output_ip4
                0x0000000010006160        0x6 CMakeFiles/hans_2.dir/Users/matthias/pico-sdk/lib/lwip/src/core/netif.c.obj
 .text.netif_do_ip_addr_changed
                0x0000000010006166       0x1c CMakeFiles/hans_2.dir/Users/matthias/pico-sdk/lib/lwip/src/core/netif.c.obj
 *fill*         0x0000000010006182        0x2 
 .text.netif_issue_reports
                0x0000000010006184       0x34 CMakeFiles/hans_2.dir/Users/matthias/pico-sdk/lib/lwip/src/core/netif.c.obj
 .text.netif_do_set_ipaddr
                0x00000000100061b8       0x54 CMakeFiles/hans_2.dir/Users/matthias/pico-sdk/lib/lwip/src/core/netif.c.obj
 .text.netif_init
                0x000000001000620c        0x2 CMakeFiles/hans_2.dir/Users/matthias/pico-sdk/lib/lwip/src/core/netif.c.obj
                0x000000001000620c                netif_init
 *fill*         0x000000001000620e        0x2 
 .text.netif_set_addr
                0x0000000010006210       0x78 CMakeFiles/hans_2.dir/Users/matthias/pico-sdk/lib/lwip/src/core/netif.c.obj
                0x0000000010006210                netif_set_addr
 .text.netif_add
                0x0000000010006288      0x124 CMakeFiles/hans_2.dir/Users/matthias/pico-sdk/lib/lwip/src/core/netif.c.obj
                0x0000000010006288                netif_add
 .text.netif_set_default
                0x00000000100063ac        0xc CMakeFiles/hans_2.dir/Users/matthias/pico-sdk/lib/lwip/src/core/netif.c.obj
                0x00000000100063ac                netif_set_default
 .text.netif_set_up
                0x00000000100063b8       0x34 CMakeFiles/hans_2.dir/Users/matthias/pico-sdk/lib/lwip/src/core/netif.c.obj
                0x00000000100063b8                netif_set_up
 .text.netif_set_down
                0x00000000100063ec       0x38 CMakeFiles/hans_2.dir/Users/matthias/pico-sdk/lib/lwip/src/core/netif.c.obj
                0x00000000100063ec                netif_set_down
 .text.netif_remove
                0x0000000010006424       0x64 CMakeFiles/hans_2.dir/Users/matthias/pico-sdk/lib/lwip/src/core/netif.c.obj
                0x0000000010006424                netif_remove
 .text.netif_set_link_up
                0x0000000010006488       0x3c CMakeFiles/hans_2.dir/Users/matthias/pico-sdk/lib/lwip/src/core/netif.c.obj
                0x0000000010006488                netif_set_link_up
 .text.netif_set_link_down
                0x00000000100064c4       0x2c CMakeFiles/hans_2.dir/Users/matthias/pico-sdk/lib/lwip/src/core/netif.c.obj
                0x00000000100064c4                netif_set_link_down
 .text.netif_get_by_index
                0x00000000100064f0       0x24 CMakeFiles/hans_2.dir/Users/matthias/pico-sdk/lib/lwip/src/core/netif.c.obj
                0x00000000100064f0                netif_get_by_index
 .text.pbuf_init_alloced_pbuf
                0x0000000010006514       0x20 CMakeFiles/hans_2.dir/Users/matthias/pico-sdk/lib/lwip/src/core/pbuf.c.obj
 .text.pbuf_skip_const
                0x0000000010006534       0x1a CMakeFiles/hans_2.dir/Users/matthias/pico-sdk/lib/lwip/src/core/pbuf.c.obj
 *fill*         0x000000001000654e        0x2 
 .text.pbuf_pool_is_empty
                0x0000000010006550       0x18 CMakeFiles/hans_2.dir/Users/matthias/pico-sdk/lib/lwip/src/core/pbuf.c.obj
 .text.pbuf_add_header_impl
                0x0000000010006568       0x68 CMakeFiles/hans_2.dir/Users/matthias/pico-sdk/lib/lwip/src/core/pbuf.c.obj
 .text.pbuf_free_ooseq
                0x00000000100065d0       0x30 CMakeFiles/hans_2.dir/Users/matthias/pico-sdk/lib/lwip/src/core/pbuf.c.obj
                0x00000000100065d0                pbuf_free_ooseq
 .text.pbuf_alloc_reference
                0x0000000010006600       0x3c CMakeFiles/hans_2.dir/Users/matthias/pico-sdk/lib/lwip/src/core/pbuf.c.obj
                0x0000000010006600                pbuf_alloc_reference
 .text.pbuf_add_header
                0x000000001000663c        0xa CMakeFiles/hans_2.dir/Users/matthias/pico-sdk/lib/lwip/src/core/pbuf.c.obj
                0x000000001000663c                pbuf_add_header
 *fill*         0x0000000010006646        0x2 
 .text.pbuf_remove_header
                0x0000000010006648       0x50 CMakeFiles/hans_2.dir/Users/matthias/pico-sdk/lib/lwip/src/core/pbuf.c.obj
                0x0000000010006648                pbuf_remove_header
 .text.pbuf_header_impl
                0x0000000010006698       0x14 CMakeFiles/hans_2.dir/Users/matthias/pico-sdk/lib/lwip/src/core/pbuf.c.obj
 .text.pbuf_header_force
                0x00000000100066ac        0xa CMakeFiles/hans_2.dir/Users/matthias/pico-sdk/lib/lwip/src/core/pbuf.c.obj
                0x00000000100066ac                pbuf_header_force
 *fill*         0x00000000100066b6        0x2 
 .text.pbuf_free
                0x00000000100066b8       0x7c CMakeFiles/hans_2.dir/Users/matthias/pico-sdk/lib/lwip/src/core/pbuf.c.obj
                0x00000000100066b8                pbuf_free
 .text.pbuf_alloc
                0x0000000010006734      0x148 CMakeFiles/hans_2.dir/Users/matthias/pico-sdk/lib/lwip/src/core/pbuf.c.obj
                0x0000000010006734                pbuf_alloc
 .text.pbuf_realloc
                0x000000001000687c       0x84 CMakeFiles/hans_2.dir/Users/matthias/pico-sdk/lib/lwip/src/core/pbuf.c.obj
                0x000000001000687c                pbuf_realloc
 .text.pbuf_clen
                0x0000000010006900       0x12 CMakeFiles/hans_2.dir/Users/matthias/pico-sdk/lib/lwip/src/core/pbuf.c.obj
                0x0000000010006900                pbuf_clen
 *fill*         0x0000000010006912        0x2 
 .text.pbuf_ref
                0x0000000010006914       0x28 CMakeFiles/hans_2.dir/Users/matthias/pico-sdk/lib/lwip/src/core/pbuf.c.obj
                0x0000000010006914                pbuf_ref
 .text.pbuf_cat
                0x000000001000693c       0x44 CMakeFiles/hans_2.dir/Users/matthias/pico-sdk/lib/lwip/src/core/pbuf.c.obj
                0x000000001000693c                pbuf_cat
 .text.pbuf_chain
                0x0000000010006980       0x10 CMakeFiles/hans_2.dir/Users/matthias/pico-sdk/lib/lwip/src/core/pbuf.c.obj
                0x0000000010006980                pbuf_chain
 .text.pbuf_copy_partial_pbuf
                0x0000000010006990      0x13c CMakeFiles/hans_2.dir/Users/matthias/pico-sdk/lib/lwip/src/core/pbuf.c.obj
                0x0000000010006990                pbuf_copy_partial_pbuf
 .text.pbuf_copy
                0x0000000010006acc       0x20 CMakeFiles/hans_2.dir/Users/matthias/pico-sdk/lib/lwip/src/core/pbuf.c.obj
                0x0000000010006acc                pbuf_copy
 .text.pbuf_copy_partial
                0x0000000010006aec       0x90 CMakeFiles/hans_2.dir/Users/matthias/pico-sdk/lib/lwip/src/core/pbuf.c.obj
                0x0000000010006aec                pbuf_copy_partial
 .text.pbuf_skip
                0x0000000010006b7c        0x8 CMakeFiles/hans_2.dir/Users/matthias/pico-sdk/lib/lwip/src/core/pbuf.c.obj
                0x0000000010006b7c                pbuf_skip
 .text.pbuf_take
                0x0000000010006b84       0x98 CMakeFiles/hans_2.dir/Users/matthias/pico-sdk/lib/lwip/src/core/pbuf.c.obj
                0x0000000010006b84                pbuf_take
 .text.pbuf_take_at
                0x0000000010006c1c       0x70 CMakeFiles/hans_2.dir/Users/matthias/pico-sdk/lib/lwip/src/core/pbuf.c.obj
                0x0000000010006c1c                pbuf_take_at
 .text.pbuf_clone
                0x0000000010006c8c       0x2c CMakeFiles/hans_2.dir/Users/matthias/pico-sdk/lib/lwip/src/core/pbuf.c.obj
                0x0000000010006c8c                pbuf_clone
 .text.pbuf_put_at
                0x0000000010006cb8       0x26 CMakeFiles/hans_2.dir/Users/matthias/pico-sdk/lib/lwip/src/core/pbuf.c.obj
                0x0000000010006cb8                pbuf_put_at
 *fill*         0x0000000010006cde        0x2 
 .text.raw_input_local_match
                0x0000000010006ce0       0x5c CMakeFiles/hans_2.dir/Users/matthias/pico-sdk/lib/lwip/src/core/raw.c.obj
 .text.raw_input
                0x0000000010006d3c       0xb0 CMakeFiles/hans_2.dir/Users/matthias/pico-sdk/lib/lwip/src/core/raw.c.obj
                0x0000000010006d3c                raw_input
 .text.raw_netif_ip_addr_changed
                0x0000000010006dec       0x38 CMakeFiles/hans_2.dir/Users/matthias/pico-sdk/lib/lwip/src/core/raw.c.obj
                0x0000000010006dec                raw_netif_ip_addr_changed
 .text.stats_init
                0x0000000010006e24        0x2 CMakeFiles/hans_2.dir/Users/matthias/pico-sdk/lib/lwip/src/core/stats.c.obj
                0x0000000010006e24                stats_init
 *fill*         0x0000000010006e26        0x2 
 .text.tcp_remove_listener
                0x0000000010006e28       0x24 CMakeFiles/hans_2.dir/Users/matthias/pico-sdk/lib/lwip/src/core/tcp.c.obj
 .text.tcp_listen_closed
                0x0000000010006e4c       0x40 CMakeFiles/hans_2.dir/Users/matthias/pico-sdk/lib/lwip/src/core/tcp.c.obj
 .text.tcp_free_listen
                0x0000000010006e8c       0x1c CMakeFiles/hans_2.dir/Users/matthias/pico-sdk/lib/lwip/src/core/tcp.c.obj
 .text.tcp_close_shutdown_fin
                0x0000000010006ea8       0x68 CMakeFiles/hans_2.dir/Users/matthias/pico-sdk/lib/lwip/src/core/tcp.c.obj
 .text.tcp_handle_closepend
                0x0000000010006f10       0x28 CMakeFiles/hans_2.dir/Users/matthias/pico-sdk/lib/lwip/src/core/tcp.c.obj
 .text.tcp_init
                0x0000000010006f38       0x20 CMakeFiles/hans_2.dir/Users/matthias/pico-sdk/lib/lwip/src/core/tcp.c.obj
                0x0000000010006f38                tcp_init
 .text.tcp_free
                0x0000000010006f58       0x1c CMakeFiles/hans_2.dir/Users/matthias/pico-sdk/lib/lwip/src/core/tcp.c.obj
                0x0000000010006f58                tcp_free
 .text.tcp_update_rcv_ann_wnd
                0x0000000010006f74       0x58 CMakeFiles/hans_2.dir/Users/matthias/pico-sdk/lib/lwip/src/core/tcp.c.obj
                0x0000000010006f74                tcp_update_rcv_ann_wnd
 .text.tcp_recved
                0x0000000010006fcc       0x60 CMakeFiles/hans_2.dir/Users/matthias/pico-sdk/lib/lwip/src/core/tcp.c.obj
                0x0000000010006fcc                tcp_recved
 .text.tcp_seg_free
                0x000000001000702c       0x1a CMakeFiles/hans_2.dir/Users/matthias/pico-sdk/lib/lwip/src/core/tcp.c.obj
                0x000000001000702c                tcp_seg_free
 .text.tcp_segs_free
                0x0000000010007046       0x12 CMakeFiles/hans_2.dir/Users/matthias/pico-sdk/lib/lwip/src/core/tcp.c.obj
                0x0000000010007046                tcp_segs_free
 .text.tcp_seg_copy
                0x0000000010007058       0x2c CMakeFiles/hans_2.dir/Users/matthias/pico-sdk/lib/lwip/src/core/tcp.c.obj
                0x0000000010007058                tcp_seg_copy
 .text.tcp_next_iss
                0x0000000010007084       0x28 CMakeFiles/hans_2.dir/Users/matthias/pico-sdk/lib/lwip/src/core/tcp.c.obj
                0x0000000010007084                tcp_next_iss
 .text.tcp_eff_send_mss_netif
                0x00000000100070ac       0x34 CMakeFiles/hans_2.dir/Users/matthias/pico-sdk/lib/lwip/src/core/tcp.c.obj
                0x00000000100070ac                tcp_eff_send_mss_netif
 .text.tcp_free_ooseq
                0x00000000100070e0       0x14 CMakeFiles/hans_2.dir/Users/matthias/pico-sdk/lib/lwip/src/core/tcp.c.obj
                0x00000000100070e0                tcp_free_ooseq
 .text.tcp_pcb_purge
                0x00000000100070f4       0x58 CMakeFiles/hans_2.dir/Users/matthias/pico-sdk/lib/lwip/src/core/tcp.c.obj
                0x00000000100070f4                tcp_pcb_purge
 .text.tcp_pcb_remove
                0x000000001000714c       0xa4 CMakeFiles/hans_2.dir/Users/matthias/pico-sdk/lib/lwip/src/core/tcp.c.obj
                0x000000001000714c                tcp_pcb_remove
 .text.tcp_abandon
                0x00000000100071f0      0x10c CMakeFiles/hans_2.dir/Users/matthias/pico-sdk/lib/lwip/src/core/tcp.c.obj
                0x00000000100071f0                tcp_abandon
 .text.tcp_abort
                0x00000000100072fc        0xa CMakeFiles/hans_2.dir/Users/matthias/pico-sdk/lib/lwip/src/core/tcp.c.obj
                0x00000000100072fc                tcp_abort
 *fill*         0x0000000010007306        0x2 
 .text.tcp_kill_timewait
                0x0000000010007308       0x38 CMakeFiles/hans_2.dir/Users/matthias/pico-sdk/lib/lwip/src/core/tcp.c.obj
 .text.tcp_kill_prio
                0x0000000010007340       0x58 CMakeFiles/hans_2.dir/Users/matthias/pico-sdk/lib/lwip/src/core/tcp.c.obj
 .text.tcp_netif_ip_addr_changed_pcblist
                0x0000000010007398       0x30 CMakeFiles/hans_2.dir/Users/matthias/pico-sdk/lib/lwip/src/core/tcp.c.obj
 .text.tcp_netif_ip_addr_changed
                0x00000000100073c8       0x54 CMakeFiles/hans_2.dir/Users/matthias/pico-sdk/lib/lwip/src/core/tcp.c.obj
                0x00000000100073c8                tcp_netif_ip_addr_changed
 .text.tcp_kill_state
                0x000000001000741c       0x54 CMakeFiles/hans_2.dir/Users/matthias/pico-sdk/lib/lwip/src/core/tcp.c.obj
 .text.tcp_alloc
                0x0000000010007470       0xcc CMakeFiles/hans_2.dir/Users/matthias/pico-sdk/lib/lwip/src/core/tcp.c.obj
                0x0000000010007470                tcp_alloc
 .text.tcp_close_shutdown
                0x000000001000753c      0x13c CMakeFiles/hans_2.dir/Users/matthias/pico-sdk/lib/lwip/src/core/tcp.c.obj
 .text.tcp_close
                0x0000000010007678       0x2c CMakeFiles/hans_2.dir/Users/matthias/pico-sdk/lib/lwip/src/core/tcp.c.obj
                0x0000000010007678                tcp_close
 .text.tcp_recv_null
                0x00000000100076a4       0x3c CMakeFiles/hans_2.dir/Users/matthias/pico-sdk/lib/lwip/src/core/tcp.c.obj
                0x00000000100076a4                tcp_recv_null
 .text.tcp_process_refused_data
                0x00000000100076e0       0x88 CMakeFiles/hans_2.dir/Users/matthias/pico-sdk/lib/lwip/src/core/tcp.c.obj
                0x00000000100076e0                tcp_process_refused_data
 .text.tcp_fasttmr
                0x0000000010007768       0x80 CMakeFiles/hans_2.dir/Users/matthias/pico-sdk/lib/lwip/src/core/tcp.c.obj
                0x0000000010007768                tcp_fasttmr
 .text.tcp_slowtmr
                0x00000000100077e8      0x44c CMakeFiles/hans_2.dir/Users/matthias/pico-sdk/lib/lwip/src/core/tcp.c.obj
                0x00000000100077e8                tcp_slowtmr
 .text.tcp_tmr  0x0000000010007c34       0x20 CMakeFiles/hans_2.dir/Users/matthias/pico-sdk/lib/lwip/src/core/tcp.c.obj
                0x0000000010007c34                tcp_tmr
 .text.tcp_get_next_optbyte
                0x0000000010007c54       0x40 CMakeFiles/hans_2.dir/Users/matthias/pico-sdk/lib/lwip/src/core/tcp_in.c.obj
 .text.tcp_parseopt
                0x0000000010007c94       0x9c CMakeFiles/hans_2.dir/Users/matthias/pico-sdk/lib/lwip/src/core/tcp_in.c.obj
 .text.tcp_input_delayed_close
                0x0000000010007d30       0x4c CMakeFiles/hans_2.dir/Users/matthias/pico-sdk/lib/lwip/src/core/tcp_in.c.obj
 .text.tcp_timewait_input
                0x0000000010007d7c       0xa0 CMakeFiles/hans_2.dir/Users/matthias/pico-sdk/lib/lwip/src/core/tcp_in.c.obj
 .text.tcp_listen_input
                0x0000000010007e1c      0x15c CMakeFiles/hans_2.dir/Users/matthias/pico-sdk/lib/lwip/src/core/tcp_in.c.obj
 .text.tcp_free_acked_segments
                0x0000000010007f78       0xc0 CMakeFiles/hans_2.dir/Users/matthias/pico-sdk/lib/lwip/src/core/tcp_in.c.obj
 .text.tcp_oos_insert_segment
                0x0000000010008038       0xd4 CMakeFiles/hans_2.dir/Users/matthias/pico-sdk/lib/lwip/src/core/tcp_in.c.obj
 .text.tcp_receive
                0x000000001000810c      0x9f0 CMakeFiles/hans_2.dir/Users/matthias/pico-sdk/lib/lwip/src/core/tcp_in.c.obj
 .text.tcp_process
                0x0000000010008afc      0x55c CMakeFiles/hans_2.dir/Users/matthias/pico-sdk/lib/lwip/src/core/tcp_in.c.obj
 .text.tcp_input
                0x0000000010009058      0x674 CMakeFiles/hans_2.dir/Users/matthias/pico-sdk/lib/lwip/src/core/tcp_in.c.obj
                0x0000000010009058                tcp_input
 .text.tcp_trigger_input_pcb_close
                0x00000000100096cc       0x10 CMakeFiles/hans_2.dir/Users/matthias/pico-sdk/lib/lwip/src/core/tcp_in.c.obj
                0x00000000100096cc                tcp_trigger_input_pcb_close
 .text.tcp_output_segment_busy
                0x00000000100096dc       0x20 CMakeFiles/hans_2.dir/Users/matthias/pico-sdk/lib/lwip/src/core/tcp_out.c.obj
 .text.tcp_output_fill_options
                0x00000000100096fc       0x30 CMakeFiles/hans_2.dir/Users/matthias/pico-sdk/lib/lwip/src/core/tcp_out.c.obj
 .text.tcp_create_segment
                0x000000001000972c       0xf4 CMakeFiles/hans_2.dir/Users/matthias/pico-sdk/lib/lwip/src/core/tcp_out.c.obj
 .text.tcp_output_alloc_header_common
                0x0000000010009820       0xd0 CMakeFiles/hans_2.dir/Users/matthias/pico-sdk/lib/lwip/src/core/tcp_out.c.obj
 .text.tcp_output_alloc_header
                0x00000000100098f0       0x3c CMakeFiles/hans_2.dir/Users/matthias/pico-sdk/lib/lwip/src/core/tcp_out.c.obj
 .text.tcp_rst_common
                0x000000001000992c       0x68 CMakeFiles/hans_2.dir/Users/matthias/pico-sdk/lib/lwip/src/core/tcp_out.c.obj
 .text.tcp_route
                0x0000000010009994       0x1a CMakeFiles/hans_2.dir/Users/matthias/pico-sdk/lib/lwip/src/core/tcp_out.c.obj
 *fill*         0x00000000100099ae        0x2 
 .text.tcp_output_segment
                0x00000000100099b0      0x168 CMakeFiles/hans_2.dir/Users/matthias/pico-sdk/lib/lwip/src/core/tcp_out.c.obj
 .text.tcp_output_control_segment_netif
                0x0000000010009b18       0x84 CMakeFiles/hans_2.dir/Users/matthias/pico-sdk/lib/lwip/src/core/tcp_out.c.obj
 .text.tcp_output_control_segment
                0x0000000010009b9c       0x44 CMakeFiles/hans_2.dir/Users/matthias/pico-sdk/lib/lwip/src/core/tcp_out.c.obj
 .text.tcp_split_unsent_seg
                0x0000000010009be0      0x1f8 CMakeFiles/hans_2.dir/Users/matthias/pico-sdk/lib/lwip/src/core/tcp_out.c.obj
                0x0000000010009be0                tcp_split_unsent_seg
 .text.tcp_enqueue_flags
                0x0000000010009dd8      0x11c CMakeFiles/hans_2.dir/Users/matthias/pico-sdk/lib/lwip/src/core/tcp_out.c.obj
                0x0000000010009dd8                tcp_enqueue_flags
 .text.tcp_send_fin
                0x0000000010009ef4       0x68 CMakeFiles/hans_2.dir/Users/matthias/pico-sdk/lib/lwip/src/core/tcp_out.c.obj
                0x0000000010009ef4                tcp_send_fin
 .text.tcp_rexmit_rto_prepare
                0x0000000010009f5c       0xac CMakeFiles/hans_2.dir/Users/matthias/pico-sdk/lib/lwip/src/core/tcp_out.c.obj
                0x0000000010009f5c                tcp_rexmit_rto_prepare
 .text.tcp_rexmit
                0x000000001000a008       0xa4 CMakeFiles/hans_2.dir/Users/matthias/pico-sdk/lib/lwip/src/core/tcp_out.c.obj
                0x000000001000a008                tcp_rexmit
 .text.tcp_rexmit_fast
                0x000000001000a0ac       0x68 CMakeFiles/hans_2.dir/Users/matthias/pico-sdk/lib/lwip/src/core/tcp_out.c.obj
                0x000000001000a0ac                tcp_rexmit_fast
 .text.tcp_rst  0x000000001000a114       0x32 CMakeFiles/hans_2.dir/Users/matthias/pico-sdk/lib/lwip/src/core/tcp_out.c.obj
                0x000000001000a114                tcp_rst
 .text.tcp_rst_netif
                0x000000001000a146       0x38 CMakeFiles/hans_2.dir/Users/matthias/pico-sdk/lib/lwip/src/core/tcp_out.c.obj
                0x000000001000a146                tcp_rst_netif
 *fill*         0x000000001000a17e        0x2 
 .text.tcp_send_empty_ack
                0x000000001000a180       0x64 CMakeFiles/hans_2.dir/Users/matthias/pico-sdk/lib/lwip/src/core/tcp_out.c.obj
                0x000000001000a180                tcp_send_empty_ack
 .text.tcp_output
                0x000000001000a1e4      0x338 CMakeFiles/hans_2.dir/Users/matthias/pico-sdk/lib/lwip/src/core/tcp_out.c.obj
                0x000000001000a1e4                tcp_output
 .text.tcp_rexmit_rto_commit
                0x000000001000a51c       0x24 CMakeFiles/hans_2.dir/Users/matthias/pico-sdk/lib/lwip/src/core/tcp_out.c.obj
                0x000000001000a51c                tcp_rexmit_rto_commit
 .text.tcp_rexmit_rto
                0x000000001000a540       0x24 CMakeFiles/hans_2.dir/Users/matthias/pico-sdk/lib/lwip/src/core/tcp_out.c.obj
                0x000000001000a540                tcp_rexmit_rto
 .text.tcp_keepalive
                0x000000001000a564       0x48 CMakeFiles/hans_2.dir/Users/matthias/pico-sdk/lib/lwip/src/core/tcp_out.c.obj
                0x000000001000a564                tcp_keepalive
 .text.tcp_zero_window_probe
                0x000000001000a5ac      0x10c CMakeFiles/hans_2.dir/Users/matthias/pico-sdk/lib/lwip/src/core/tcp_out.c.obj
                0x000000001000a5ac                tcp_zero_window_probe
 .text.sys_timeout_abs
                0x000000001000a6b8       0x60 CMakeFiles/hans_2.dir/Users/matthias/pico-sdk/lib/lwip/src/core/timeouts.c.obj
 .text.lwip_cyclic_timer
                0x000000001000a718       0x38 CMakeFiles/hans_2.dir/Users/matthias/pico-sdk/lib/lwip/src/core/timeouts.c.obj
 .text.sys_timeout
                0x000000001000a750       0x2c CMakeFiles/hans_2.dir/Users/matthias/pico-sdk/lib/lwip/src/core/timeouts.c.obj
                0x000000001000a750                sys_timeout
 .text.tcp_timer_needed
                0x000000001000a77c       0x40 CMakeFiles/hans_2.dir/Users/matthias/pico-sdk/lib/lwip/src/core/timeouts.c.obj
                0x000000001000a77c                tcp_timer_needed
 .text.tcpip_tcp_timer
                0x000000001000a7bc       0x3c CMakeFiles/hans_2.dir/Users/matthias/pico-sdk/lib/lwip/src/core/timeouts.c.obj
 .text.sys_timeouts_init
                0x000000001000a7f8       0x24 CMakeFiles/hans_2.dir/Users/matthias/pico-sdk/lib/lwip/src/core/timeouts.c.obj
                0x000000001000a7f8                sys_timeouts_init
 .text.sys_check_timeouts
                0x000000001000a81c       0x54 CMakeFiles/hans_2.dir/Users/matthias/pico-sdk/lib/lwip/src/core/timeouts.c.obj
                0x000000001000a81c                sys_check_timeouts
 .text.sys_timeouts_sleeptime
                0x000000001000a870       0x34 CMakeFiles/hans_2.dir/Users/matthias/pico-sdk/lib/lwip/src/core/timeouts.c.obj
                0x000000001000a870                sys_timeouts_sleeptime
 .text.udp_new_port
                0x000000001000a8a4       0x54 CMakeFiles/hans_2.dir/Users/matthias/pico-sdk/lib/lwip/src/core/udp.c.obj
 .text.udp_input_local_match
                0x000000001000a8f8       0x90 CMakeFiles/hans_2.dir/Users/matthias/pico-sdk/lib/lwip/src/core/udp.c.obj
 .text.udp_init
                0x000000001000a988       0x20 CMakeFiles/hans_2.dir/Users/matthias/pico-sdk/lib/lwip/src/core/udp.c.obj
                0x000000001000a988                udp_init
 .text.udp_input
                0x000000001000a9a8      0x210 CMakeFiles/hans_2.dir/Users/matthias/pico-sdk/lib/lwip/src/core/udp.c.obj
                0x000000001000a9a8                udp_input
 .text.udp_bind
                0x000000001000abb8       0xbc CMakeFiles/hans_2.dir/Users/matthias/pico-sdk/lib/lwip/src/core/udp.c.obj
                0x000000001000abb8                udp_bind
 .text.udp_sendto_if_src
                0x000000001000ac74      0x17c CMakeFiles/hans_2.dir/Users/matthias/pico-sdk/lib/lwip/src/core/udp.c.obj
                0x000000001000ac74                udp_sendto_if_src
 .text.udp_sendto_if
                0x000000001000adf0       0x84 CMakeFiles/hans_2.dir/Users/matthias/pico-sdk/lib/lwip/src/core/udp.c.obj
                0x000000001000adf0                udp_sendto_if
 .text.udp_sendto
                0x000000001000ae74       0x84 CMakeFiles/hans_2.dir/Users/matthias/pico-sdk/lib/lwip/src/core/udp.c.obj
                0x000000001000ae74                udp_sendto
 .text.udp_connect
                0x000000001000aef8       0x74 CMakeFiles/hans_2.dir/Users/matthias/pico-sdk/lib/lwip/src/core/udp.c.obj
                0x000000001000aef8                udp_connect
 .text.udp_recv
                0x000000001000af6c       0x18 CMakeFiles/hans_2.dir/Users/matthias/pico-sdk/lib/lwip/src/core/udp.c.obj
                0x000000001000af6c                udp_recv
 .text.udp_remove
                0x000000001000af84       0x44 CMakeFiles/hans_2.dir/Users/matthias/pico-sdk/lib/lwip/src/core/udp.c.obj
                0x000000001000af84                udp_remove
 .text.udp_new  0x000000001000afc8       0x1c CMakeFiles/hans_2.dir/Users/matthias/pico-sdk/lib/lwip/src/core/udp.c.obj
                0x000000001000afc8                udp_new
 .text.udp_netif_ip_addr_changed
                0x000000001000afe4       0x38 CMakeFiles/hans_2.dir/Users/matthias/pico-sdk/lib/lwip/src/core/udp.c.obj
                0x000000001000afe4                udp_netif_ip_addr_changed
 .text.dhcp_set_state
                0x000000001000b01c       0x10 CMakeFiles/hans_2.dir/Users/matthias/pico-sdk/lib/lwip/src/core/ipv4/dhcp.c.obj
 .text.dhcp_option_short
                0x000000001000b02c       0x24 CMakeFiles/hans_2.dir/Users/matthias/pico-sdk/lib/lwip/src/core/ipv4/dhcp.c.obj
 .text.dhcp_option
                0x000000001000b050       0x24 CMakeFiles/hans_2.dir/Users/matthias/pico-sdk/lib/lwip/src/core/ipv4/dhcp.c.obj
 .text.dhcp_option_byte
                0x000000001000b074       0x1c CMakeFiles/hans_2.dir/Users/matthias/pico-sdk/lib/lwip/src/core/ipv4/dhcp.c.obj
 .text.dhcp_option_long
                0x000000001000b090       0x34 CMakeFiles/hans_2.dir/Users/matthias/pico-sdk/lib/lwip/src/core/ipv4/dhcp.c.obj
 .text.dhcp_create_msg
                0x000000001000b0c4      0x138 CMakeFiles/hans_2.dir/Users/matthias/pico-sdk/lib/lwip/src/core/ipv4/dhcp.c.obj
 .text.dhcp_option_hostname
                0x000000001000b1fc       0x70 CMakeFiles/hans_2.dir/Users/matthias/pico-sdk/lib/lwip/src/core/ipv4/dhcp.c.obj
 .text.dhcp_option_trailer
                0x000000001000b26c       0x30 CMakeFiles/hans_2.dir/Users/matthias/pico-sdk/lib/lwip/src/core/ipv4/dhcp.c.obj
 .text.dhcp_rebind
                0x000000001000b29c       0xfc CMakeFiles/hans_2.dir/Users/matthias/pico-sdk/lib/lwip/src/core/ipv4/dhcp.c.obj
 .text.dhcp_t2_timeout
                0x000000001000b398       0x2e CMakeFiles/hans_2.dir/Users/matthias/pico-sdk/lib/lwip/src/core/ipv4/dhcp.c.obj
 *fill*         0x000000001000b3c6        0x2 
 .text.dhcp_reboot
                0x000000001000b3c8      0x120 CMakeFiles/hans_2.dir/Users/matthias/pico-sdk/lib/lwip/src/core/ipv4/dhcp.c.obj
 .text.dhcp_select
                0x000000001000b4e8      0x16c CMakeFiles/hans_2.dir/Users/matthias/pico-sdk/lib/lwip/src/core/ipv4/dhcp.c.obj
 .text.dhcp_handle_offer
                0x000000001000b654       0x48 CMakeFiles/hans_2.dir/Users/matthias/pico-sdk/lib/lwip/src/core/ipv4/dhcp.c.obj
 .text.dhcp_discover
                0x000000001000b69c       0xf8 CMakeFiles/hans_2.dir/Users/matthias/pico-sdk/lib/lwip/src/core/ipv4/dhcp.c.obj
 .text.dhcp_dec_pcb_refcount
                0x000000001000b794       0x38 CMakeFiles/hans_2.dir/Users/matthias/pico-sdk/lib/lwip/src/core/ipv4/dhcp.c.obj
 .text.dhcp_inc_pcb_refcount
                0x000000001000b7cc       0x74 CMakeFiles/hans_2.dir/Users/matthias/pico-sdk/lib/lwip/src/core/ipv4/dhcp.c.obj
 .text.dhcp_parse_reply
                0x000000001000b840      0x2fc CMakeFiles/hans_2.dir/Users/matthias/pico-sdk/lib/lwip/src/core/ipv4/dhcp.c.obj
 .text.dhcp_handle_ack
                0x000000001000bb3c       0xd0 CMakeFiles/hans_2.dir/Users/matthias/pico-sdk/lib/lwip/src/core/ipv4/dhcp.c.obj
 .text.dhcp_bind
                0x000000001000bc0c      0x104 CMakeFiles/hans_2.dir/Users/matthias/pico-sdk/lib/lwip/src/core/ipv4/dhcp.c.obj
 .text.dhcp_handle_nak
                0x000000001000bd10       0x24 CMakeFiles/hans_2.dir/Users/matthias/pico-sdk/lib/lwip/src/core/ipv4/dhcp.c.obj
 .text.dhcp_recv
                0x000000001000bd34       0xf4 CMakeFiles/hans_2.dir/Users/matthias/pico-sdk/lib/lwip/src/core/ipv4/dhcp.c.obj
 .text.dhcp_set_struct
                0x000000001000be28       0x44 CMakeFiles/hans_2.dir/Users/matthias/pico-sdk/lib/lwip/src/core/ipv4/dhcp.c.obj
                0x000000001000be28                dhcp_set_struct
 .text.dhcp_network_changed_link_up
                0x000000001000be6c       0x40 CMakeFiles/hans_2.dir/Users/matthias/pico-sdk/lib/lwip/src/core/ipv4/dhcp.c.obj
                0x000000001000be6c                dhcp_network_changed_link_up
 .text.dhcp_renew
                0x000000001000beac       0xf8 CMakeFiles/hans_2.dir/Users/matthias/pico-sdk/lib/lwip/src/core/ipv4/dhcp.c.obj
                0x000000001000beac                dhcp_renew
 .text.dhcp_t1_timeout
                0x000000001000bfa4       0x2a CMakeFiles/hans_2.dir/Users/matthias/pico-sdk/lib/lwip/src/core/ipv4/dhcp.c.obj
 .text.dhcp_supplied_address
                0x000000001000bfce       0x32 CMakeFiles/hans_2.dir/Users/matthias/pico-sdk/lib/lwip/src/core/ipv4/dhcp.c.obj
                0x000000001000bfce                dhcp_supplied_address
 .text.dhcp_release_and_stop
                0x000000001000c000       0xdc CMakeFiles/hans_2.dir/Users/matthias/pico-sdk/lib/lwip/src/core/ipv4/dhcp.c.obj
                0x000000001000c000                dhcp_release_and_stop
 .text.dhcp_start
                0x000000001000c0dc       0xac CMakeFiles/hans_2.dir/Users/matthias/pico-sdk/lib/lwip/src/core/ipv4/dhcp.c.obj
                0x000000001000c0dc                dhcp_start
 .text.dhcp_coarse_tmr
                0x000000001000c188       0x6c CMakeFiles/hans_2.dir/Users/matthias/pico-sdk/lib/lwip/src/core/ipv4/dhcp.c.obj
                0x000000001000c188                dhcp_coarse_tmr
 .text.dhcp_timeout
                0x000000001000c1f4       0x4a CMakeFiles/hans_2.dir/Users/matthias/pico-sdk/lib/lwip/src/core/ipv4/dhcp.c.obj
 *fill*         0x000000001000c23e        0x2 
 .text.dhcp_fine_tmr
                0x000000001000c240       0x38 CMakeFiles/hans_2.dir/Users/matthias/pico-sdk/lib/lwip/src/core/ipv4/dhcp.c.obj
                0x000000001000c240                dhcp_fine_tmr
 .text.dhcp_stop
                0x000000001000c278        0x8 CMakeFiles/hans_2.dir/Users/matthias/pico-sdk/lib/lwip/src/core/ipv4/dhcp.c.obj
                0x000000001000c278                dhcp_stop
 .text.etharp_free_entry
                0x000000001000c280       0x4c CMakeFiles/hans_2.dir/Users/matthias/pico-sdk/lib/lwip/src/core/ipv4/etharp.c.obj
 .text.etharp_find_entry
                0x000000001000c2cc      0x1b0 CMakeFiles/hans_2.dir/Users/matthias/pico-sdk/lib/lwip/src/core/ipv4/etharp.c.obj
 .text.etharp_update_arp_entry
                0x000000001000c47c       0xc8 CMakeFiles/hans_2.dir/Users/matthias/pico-sdk/lib/lwip/src/core/ipv4/etharp.c.obj
 .text.etharp_raw
                0x000000001000c544       0xf0 CMakeFiles/hans_2.dir/Users/matthias/pico-sdk/lib/lwip/src/core/ipv4/etharp.c.obj
 .text.etharp_request_dst
                0x000000001000c634       0x24 CMakeFiles/hans_2.dir/Users/matthias/pico-sdk/lib/lwip/src/core/ipv4/etharp.c.obj
 .text.etharp_cleanup_netif
                0x000000001000c658       0x3c CMakeFiles/hans_2.dir/Users/matthias/pico-sdk/lib/lwip/src/core/ipv4/etharp.c.obj
                0x000000001000c658                etharp_cleanup_netif
 .text.etharp_input
                0x000000001000c694      0x120 CMakeFiles/hans_2.dir/Users/matthias/pico-sdk/lib/lwip/src/core/ipv4/etharp.c.obj
                0x000000001000c694                etharp_input
 .text.etharp_request
                0x000000001000c7b4       0x10 CMakeFiles/hans_2.dir/Users/matthias/pico-sdk/lib/lwip/src/core/ipv4/etharp.c.obj
                0x000000001000c7b4                etharp_request
 .text.etharp_tmr
                0x000000001000c7c4       0x8c CMakeFiles/hans_2.dir/Users/matthias/pico-sdk/lib/lwip/src/core/ipv4/etharp.c.obj
                0x000000001000c7c4                etharp_tmr
 .text.etharp_output_to_arp_index
                0x000000001000c850       0xc0 CMakeFiles/hans_2.dir/Users/matthias/pico-sdk/lib/lwip/src/core/ipv4/etharp.c.obj
 .text.etharp_query
                0x000000001000c910      0x1d8 CMakeFiles/hans_2.dir/Users/matthias/pico-sdk/lib/lwip/src/core/ipv4/etharp.c.obj
                0x000000001000c910                etharp_query
 .text.etharp_output
                0x000000001000cae8      0x154 CMakeFiles/hans_2.dir/Users/matthias/pico-sdk/lib/lwip/src/core/ipv4/etharp.c.obj
                0x000000001000cae8                etharp_output
 .text.icmp_send_response
                0x000000001000cc3c       0xd4 CMakeFiles/hans_2.dir/Users/matthias/pico-sdk/lib/lwip/src/core/ipv4/icmp.c.obj
 .text.icmp_input
                0x000000001000cd10      0x204 CMakeFiles/hans_2.dir/Users/matthias/pico-sdk/lib/lwip/src/core/ipv4/icmp.c.obj
                0x000000001000cd10                icmp_input
 .text.icmp_dest_unreach
                0x000000001000cf14        0xc CMakeFiles/hans_2.dir/Users/matthias/pico-sdk/lib/lwip/src/core/ipv4/icmp.c.obj
                0x000000001000cf14                icmp_dest_unreach
 .text.icmp_time_exceeded
                0x000000001000cf20        0xc CMakeFiles/hans_2.dir/Users/matthias/pico-sdk/lib/lwip/src/core/ipv4/icmp.c.obj
                0x000000001000cf20                icmp_time_exceeded
 .text.ip_reass_dequeue_datagram
                0x000000001000cf2c       0x34 CMakeFiles/hans_2.dir/Users/matthias/pico-sdk/lib/lwip/src/core/ipv4/ip4_frag.c.obj
 .text.ip_reass_free_complete_datagram
                0x000000001000cf60       0xe8 CMakeFiles/hans_2.dir/Users/matthias/pico-sdk/lib/lwip/src/core/ipv4/ip4_frag.c.obj
 .text.ip_reass_remove_oldest_datagram
                0x000000001000d048       0xc4 CMakeFiles/hans_2.dir/Users/matthias/pico-sdk/lib/lwip/src/core/ipv4/ip4_frag.c.obj
 .text.ip_reass_chain_frag_into_datagram_and_validate
                0x000000001000d10c      0x27c CMakeFiles/hans_2.dir/Users/matthias/pico-sdk/lib/lwip/src/core/ipv4/ip4_frag.c.obj
 .text.ip_reass_enqueue_new_datagram
                0x000000001000d388       0x64 CMakeFiles/hans_2.dir/Users/matthias/pico-sdk/lib/lwip/src/core/ipv4/ip4_frag.c.obj
 .text.ip_reass_tmr
                0x000000001000d3ec       0x30 CMakeFiles/hans_2.dir/Users/matthias/pico-sdk/lib/lwip/src/core/ipv4/ip4_frag.c.obj
                0x000000001000d3ec                ip_reass_tmr
 .text.ip4_reass
                0x000000001000d41c      0x284 CMakeFiles/hans_2.dir/Users/matthias/pico-sdk/lib/lwip/src/core/ipv4/ip4_frag.c.obj
                0x000000001000d41c                ip4_reass
 .text.ip4_frag
                0x000000001000d6a0      0x178 CMakeFiles/hans_2.dir/Users/matthias/pico-sdk/lib/lwip/src/core/ipv4/ip4_frag.c.obj
                0x000000001000d6a0                ip4_frag
 .text.ip4_input_accept
                0x000000001000d818       0x38 CMakeFiles/hans_2.dir/Users/matthias/pico-sdk/lib/lwip/src/core/ipv4/ip4.c.obj
 .text.ip4_route
                0x000000001000d850       0x7c CMakeFiles/hans_2.dir/Users/matthias/pico-sdk/lib/lwip/src/core/ipv4/ip4.c.obj
                0x000000001000d850                ip4_route
 .text.ip4_input
                0x000000001000d8cc      0x2a0 CMakeFiles/hans_2.dir/Users/matthias/pico-sdk/lib/lwip/src/core/ipv4/ip4.c.obj
                0x000000001000d8cc                ip4_input
 .text.ip4_output_if_src
                0x000000001000db6c      0x1c4 CMakeFiles/hans_2.dir/Users/matthias/pico-sdk/lib/lwip/src/core/ipv4/ip4.c.obj
                0x000000001000db6c                ip4_output_if_src
 .text.ip4_output_if
                0x000000001000dd30       0x2e CMakeFiles/hans_2.dir/Users/matthias/pico-sdk/lib/lwip/src/core/ipv4/ip4.c.obj
                0x000000001000dd30                ip4_output_if
 .text.ip4_addr_isbroadcast_u32
                0x000000001000dd5e       0x42 CMakeFiles/hans_2.dir/Users/matthias/pico-sdk/lib/lwip/src/core/ipv4/ip4_addr.c.obj
                0x000000001000dd5e                ip4_addr_isbroadcast_u32
 .text.ethernet_input
                0x000000001000dda0       0xe0 CMakeFiles/hans_2.dir/Users/matthias/pico-sdk/lib/lwip/src/netif/ethernet.c.obj
                0x000000001000dda0                ethernet_input
 .text.ethernet_output
                0x000000001000de80       0x6c CMakeFiles/hans_2.dir/Users/matthias/pico-sdk/lib/lwip/src/netif/ethernet.c.obj
                0x000000001000de80                ethernet_output
 .text.cyw43_arch_set_async_context
                0x000000001000deec        0xc CMakeFiles/hans_2.dir/Users/matthias/pico-sdk/src/rp2_common/pico_cyw43_arch/cyw43_arch.c.obj
                0x000000001000deec                cyw43_arch_set_async_context
 .text.cyw43_arch_get_country_code
                0x000000001000def8        0xc CMakeFiles/hans_2.dir/Users/matthias/pico-sdk/src/rp2_common/pico_cyw43_arch/cyw43_arch.c.obj
                0x000000001000def8                cyw43_arch_get_country_code
 .text.cyw43_arch_enable_ap_mode
                0x000000001000df04       0xac CMakeFiles/hans_2.dir/Users/matthias/pico-sdk/src/rp2_common/pico_cyw43_arch/cyw43_arch.c.obj
                0x000000001000df04                cyw43_arch_enable_ap_mode
 .text.cyw43_arch_async_context
                0x000000001000dfb0        0xc CMakeFiles/hans_2.dir/Users/matthias/pico-sdk/src/rp2_common/pico_cyw43_arch/cyw43_arch.c.obj
                0x000000001000dfb0                cyw43_arch_async_context
 .text.cyw43_arch_init_default_async_context
                0x000000001000dfbc       0x20 CMakeFiles/hans_2.dir/Users/matthias/pico-sdk/src/rp2_common/pico_cyw43_arch/cyw43_arch_threadsafe_background.c.obj
                0x000000001000dfbc                cyw43_arch_init_default_async_context
 .text.cyw43_arch_deinit
                0x000000001000dfdc       0x30 CMakeFiles/hans_2.dir/Users/matthias/pico-sdk/src/rp2_common/pico_cyw43_arch/cyw43_arch_threadsafe_background.c.obj
                0x000000001000dfdc                cyw43_arch_deinit
 .text.cyw43_arch_init
                0x000000001000e00c       0x42 CMakeFiles/hans_2.dir/Users/matthias/pico-sdk/src/rp2_common/pico_cyw43_arch/cyw43_arch_threadsafe_background.c.obj
                0x000000001000e00c                cyw43_arch_init
 .text.cs_set   0x000000001000e04e       0x1c CMakeFiles/hans_2.dir/Users/matthias/pico-sdk/src/rp2_common/pico_cyw43_driver/cyw43_bus_pio_spi.c.obj
 .text.start_spi_comms
                0x000000001000e06a       0x2a CMakeFiles/hans_2.dir/Users/matthias/pico-sdk/src/rp2_common/pico_cyw43_driver/cyw43_bus_pio_spi.c.obj
 .text.ns_delay
                0x000000001000e094       0x20 CMakeFiles/hans_2.dir/Users/matthias/pico-sdk/src/rp2_common/pico_cyw43_driver/cyw43_bus_pio_spi.c.obj
 .text.stop_spi_comms
                0x000000001000e0b4       0x10 CMakeFiles/hans_2.dir/Users/matthias/pico-sdk/src/rp2_common/pico_cyw43_driver/cyw43_bus_pio_spi.c.obj
 .text.cyw43_spi_deinit
                0x000000001000e0c4       0x64 CMakeFiles/hans_2.dir/Users/matthias/pico-sdk/src/rp2_common/pico_cyw43_driver/cyw43_bus_pio_spi.c.obj
                0x000000001000e0c4                cyw43_spi_deinit
 .text.cyw43_spi_init
                0x000000001000e128      0x284 CMakeFiles/hans_2.dir/Users/matthias/pico-sdk/src/rp2_common/pico_cyw43_driver/cyw43_bus_pio_spi.c.obj
                0x000000001000e128                cyw43_spi_init
 .text.cyw43_spi_transfer
                0x000000001000e3ac      0x6a4 CMakeFiles/hans_2.dir/Users/matthias/pico-sdk/src/rp2_common/pico_cyw43_driver/cyw43_bus_pio_spi.c.obj
                0x000000001000e3ac                cyw43_spi_transfer
 .text.cyw43_spi_gpio_setup
                0x000000001000ea50       0x3a CMakeFiles/hans_2.dir/Users/matthias/pico-sdk/src/rp2_common/pico_cyw43_driver/cyw43_bus_pio_spi.c.obj
                0x000000001000ea50                cyw43_spi_gpio_setup
 .text.cyw43_spi_reset
                0x000000001000ea8a       0x28 CMakeFiles/hans_2.dir/Users/matthias/pico-sdk/src/rp2_common/pico_cyw43_driver/cyw43_bus_pio_spi.c.obj
                0x000000001000ea8a                cyw43_spi_reset
 *fill*         0x000000001000eab2        0x2 
 .text.read_reg_u32_swap
                0x000000001000eab4       0x68 CMakeFiles/hans_2.dir/Users/matthias/pico-sdk/src/rp2_common/pico_cyw43_driver/cyw43_bus_pio_spi.c.obj
                0x000000001000eab4                read_reg_u32_swap
 .text.cyw43_read_reg_u32
                0x000000001000eb1c       0x50 CMakeFiles/hans_2.dir/Users/matthias/pico-sdk/src/rp2_common/pico_cyw43_driver/cyw43_bus_pio_spi.c.obj
                0x000000001000eb1c                cyw43_read_reg_u32
 .text.cyw43_read_reg_u16
                0x000000001000eb6c       0x50 CMakeFiles/hans_2.dir/Users/matthias/pico-sdk/src/rp2_common/pico_cyw43_driver/cyw43_bus_pio_spi.c.obj
                0x000000001000eb6c                cyw43_read_reg_u16
 .text.cyw43_read_reg_u8
                0x000000001000ebbc       0x50 CMakeFiles/hans_2.dir/Users/matthias/pico-sdk/src/rp2_common/pico_cyw43_driver/cyw43_bus_pio_spi.c.obj
                0x000000001000ebbc                cyw43_read_reg_u8
 .text.write_reg_u32_swap
                0x000000001000ec0c       0x34 CMakeFiles/hans_2.dir/Users/matthias/pico-sdk/src/rp2_common/pico_cyw43_driver/cyw43_bus_pio_spi.c.obj
                0x000000001000ec0c                write_reg_u32_swap
 .text.cyw43_write_reg_u32
                0x000000001000ec40       0x58 CMakeFiles/hans_2.dir/Users/matthias/pico-sdk/src/rp2_common/pico_cyw43_driver/cyw43_bus_pio_spi.c.obj
                0x000000001000ec40                cyw43_write_reg_u32
 .text.cyw43_write_reg_u16
                0x000000001000ec98       0x58 CMakeFiles/hans_2.dir/Users/matthias/pico-sdk/src/rp2_common/pico_cyw43_driver/cyw43_bus_pio_spi.c.obj
                0x000000001000ec98                cyw43_write_reg_u16
 .text.cyw43_write_reg_u8
                0x000000001000ecf0       0x58 CMakeFiles/hans_2.dir/Users/matthias/pico-sdk/src/rp2_common/pico_cyw43_driver/cyw43_bus_pio_spi.c.obj
                0x000000001000ecf0                cyw43_write_reg_u8
 .text.cyw43_read_bytes
                0x000000001000ed48       0xfc CMakeFiles/hans_2.dir/Users/matthias/pico-sdk/src/rp2_common/pico_cyw43_driver/cyw43_bus_pio_spi.c.obj
                0x000000001000ed48                cyw43_read_bytes
 .text.cyw43_write_bytes
                0x000000001000ee44      0x134 CMakeFiles/hans_2.dir/Users/matthias/pico-sdk/src/rp2_common/pico_cyw43_driver/cyw43_bus_pio_spi.c.obj
                0x000000001000ee44                cyw43_write_bytes
 .text.get_core_address
                0x000000001000ef78       0x1c CMakeFiles/hans_2.dir/Users/matthias/pico-sdk/lib/cyw43-driver/src/cyw43_ll.c.obj
 .text.sdpcm_process_rx_packet
                0x000000001000ef94      0x180 CMakeFiles/hans_2.dir/Users/matthias/pico-sdk/lib/cyw43-driver/src/cyw43_ll.c.obj
 .text.cyw43_ll_wifi_parse_scan_result